 ConEmu

 Timestamp is 562d5b26 (Mon Oct 26 01:43:50 2015)

 Preferred load address is 10000000

 Start         Length     Name                   Class
 0001:00000000 0003ab4aH .text                   CODE
 0001:0003ab50 0000000fH .text$yc                CODE
 0002:00000000 000003f8H .idata$5                DATA
 0002:000003f8 00000004H .CRT$XCA                DATA
 0002:000003fc 00000004H .CRT$XCU                DATA
 0002:00000400 00000004H .CRT$XCZ                DATA
 0002:00000404 00000004H .CRT$XIA                DATA
 0002:00000408 00000008H .CRT$XIC                DATA
 0002:00000410 00000004H .CRT$XIZ                DATA
 0002:00000414 00000004H .CRT$XPA                DATA
 0002:00000418 00000004H .CRT$XPZ                DATA
 0002:0000041c 00000004H .CRT$XTA                DATA
 0002:00000420 00000004H .CRT$XTZ                DATA
 0002:00000430 00005f08H .rdata                  DATA
 0002:00006338 0000006fH .rdata$debug            DATA
 0002:000063a8 000004d4H .xdata$x                DATA
 0002:0000687c 00000078H .idata$2                DATA
 0002:000068f4 00000014H .idata$3                DATA
 0002:00006908 000003f8H .idata$4                DATA
 0002:00006d00 00001242H .idata$6                DATA
 0002:00007f50 000002ddH .edata                  DATA
 0003:00000000 00000f80H .data                   DATA
 0003:00000f80 0000a4b0H .bss                    DATA
 0004:00000000 00000058H .rsrc$01                DATA
 0004:00000060 000002d8H .rsrc$02                DATA

  Address         Publics by Value              Rva+Base       Lib:Object

 0000:00000000       __except_list              00000000     <absolute>
 0000:00000000       ___safe_se_handler_count   00000000     <absolute>
 0000:00000000       ___safe_se_handler_table   00000000     <absolute>
 0000:00000000       ___ImageBase               10000000     <linker-defined>
 0001:00000000       ??0CmdArg@@QAE@XZ          10001000 f   CmdArg.obj
 0001:00000040       ??0CmdArg@@QAE@PA_W@Z      10001040 f   CmdArg.obj
 0001:00000090       ??4CmdArg@@QAEAAU0@PA_W@Z  10001090 f   CmdArg.obj
 0001:000000b0       ??4CmdArg@@QAEAAU0@PB_W@Z  100010b0 f   CmdArg.obj
 0001:000000d0       ??1CmdArg@@QAE@XZ          100010d0 f   CmdArg.obj
 0001:00000140       ?GetBuffer@CmdArg@@QAEPA_WH@Z 10001140 f   CmdArg.obj
 0001:00000240       ?Detach@CmdArg@@QAEPA_WXZ  10001240 f   CmdArg.obj
 0001:00000270       ?Attach@CmdArg@@QAEPB_WPA_W@Z 10001270 f   CmdArg.obj
 0001:00000290       ?AttachInt@CmdArg@@AAEPB_WAAPA_W@Z 10001290 f   CmdArg.obj
 0001:00000310       ?Empty@CmdArg@@QAEXXZ      10001310 f   CmdArg.obj
 0001:00000360       ?IsEmpty@CmdArg@@QAE_NXZ   10001360 f   CmdArg.obj
 0001:000003a0       ?Set@CmdArg@@QAEPB_WPB_WH@Z 100013a0 f   CmdArg.obj
 0001:00000430       ?StringCchCopyNW@@YGJPA_WIPB_WI@Z 10001430 f i CmdArg.obj
 0001:00000570       ?SavePathVar@CmdArg@@QAEXPB_W@Z 10001570 f   CmdArg.obj
 0001:000005b0       ?SaveEnvVar@CmdArg@@QAEXPB_W0@Z 100015b0 f   CmdArg.obj
 0001:00000630       ?SetAt@CmdArg@@QAEXH_W@Z   10001630 f   CmdArg.obj
 0001:00000660       ?GetPosFrom@CmdArg@@QAEXABU1@@Z 10001660 f   CmdArg.obj
 0001:000006a0       ?IsNeedDequote@@YI_NPB_W_NPAPB_W@Z 100016a0 f   CmdLine.obj
 0001:00000870       ??BCmdArg@@QBEPB_WXZ       10001870 f i CmdLine.obj
 0001:00000880       ?NextArg@@YIHPAPB_WAAUCmdArg@@0@Z 10001880 f   CmdLine.obj
 0001:00000cd0       ?NextLine@@YIHPAPB_WAAUCmdArg@@K@Z 10001cd0 f   CmdLine.obj
 0001:00000e40       ?AddEndSlash@@YIHPA_WH@Z   10001e40 f   CmdLine.obj
 0001:00000ec0       ?SkipNonPrintable@@YIPB_WPB_W@Z 10001ec0 f   CmdLine.obj
 0001:00000f20       ?CompareFileMask@@YI_NPB_W0@Z 10001f20 f   CmdLine.obj
 0001:000010f0       ?wcschr@@YAPA_WPA_W_W@Z    100020f0 f i CmdLine.obj
 0001:00001110       ?GetDrive@@YIPB_WPB_WPA_WH@Z 10002110 f   CmdLine.obj
 0001:00001310       ?GetDirectory@@YIHAAUCmdArg@@@Z 10002310 f   CmdLine.obj
 0001:000013a0       ?IsNeedCmd@@YI_NHPB_WAAUCmdArg@@PAPB_WPAH333@Z 100023a0 f   CmdLine.obj
 0001:00001ac0       ?Disable@MWow64Disable@@QAEXXZ 10002ac0 f i CmdLine.obj
 0001:00001af0       ??0MWow64Disable@@QAE@XZ   10002af0 f i CmdLine.obj
 0001:00001b70       ??1MWow64Disable@@QAE@XZ   10002b70 f i CmdLine.obj
 0001:00001b90       ?Restore@MWow64Disable@@QAEXXZ 10002b90 f i CmdLine.obj
 0001:00001bd0       ?IsExecutable@@YI_NPB_WPAPA_W@Z 10002bd0 f   CmdLine.obj
 0001:00001cc0       ?CheckProcessName@@YI_NPB_WPAPB_W1@Z 10002cc0 f   CmdLine.obj
 0001:00001d90       ?IsConsoleService@@YI_NPB_W@Z 10002d90 f   CmdLine.obj
 0001:00001de0       ?IsConsoleServer@@YI_NPB_W@Z 10002de0 f   CmdLine.obj
 0001:00001e30       ?IsGitBashHelper@@YI_NPB_W@Z 10002e30 f   CmdLine.obj
 0001:00001e80       ?IsFarExe@@YI_NPB_W@Z      10002e80 f   CmdLine.obj
 0001:00001ed0       ?IsCmdProcessor@@YI_NPB_W@Z 10002ed0 f   CmdLine.obj
 0001:00001f20       ?IsQuotationNeeded@@YI_NPB_W@Z 10002f20 f   CmdLine.obj
 0001:00001f60       ?MergeCmdLine@@YIPA_WPB_W0@Z 10002f60 f   CmdLine.obj
 0001:00001ff0       ?JoinPath@@YIPA_WPB_W00@Z  10002ff0 f   CmdLine.obj
 0001:00002150       ?IsFilePath@@YI_NPB_W_N@Z  10003150 f   CmdLine.obj
 0001:00002310       ?PointToName@@YIPB_WPB_W@Z 10003310 f   CmdLine.obj
 0001:000023a0       ?PointToName@@YIPBDPBD@Z   100033a0 f   CmdLine.obj
 0001:00002420       ?PointToExt@@YIPB_WPB_W@Z  10003420 f   CmdLine.obj
 0001:00002460       ?Unquote@@YIPB_WPA_W_N@Z   10003460 f   CmdLine.obj
 0001:000024f0       ?wcsrchr@@YAPA_WPA_W_W@Z   100034f0 f i CmdLine.obj
 0001:00002510       ?IsNewConsoleArg@@YI_NPB_W0@Z 10003510 f   CmdLine.obj
 0001:000025f0       ?PackInputRecord@@YIHPBU_INPUT_RECORD@@PAUMsgStr@MSG64@@@Z 100035f0 f   Common.obj
 0001:00002800       ?UnpackInputRecord@@YIHPBUMsgStr@MSG64@@PAU_INPUT_RECORD@@@Z 10003800 f   Common.obj
 0001:00002a60       ?TranslateKeyPress@@YIXGK_WHPAU_INPUT_RECORD@@1@Z 10003a60 f   Common.obj
 0001:00002c50       ?GetCommand@CESERVER_REQ_NEWCMD@@QAEPA_WXZ 10003c50 f   Common.obj
 0001:00002c90       ?GetEnvStrings@CESERVER_REQ_NEWCMD@@QAEPA_WXZ 10003c90 f   Common.obj
 0001:00002ce0       ?SetCommand@CESERVER_REQ_NEWCMD@@QAEXPB_W@Z 10003ce0 f   Common.obj
 0001:00002d60       ?SetEnvStrings@CESERVER_REQ_NEWCMD@@QAEXPB_WK@Z 10003d60 f   Common.obj
 0001:00002e80       ?IsEnvBlockVariableValid@@YI_NPB_WAAPB_W@Z 10003e80 f   Common.obj
 0001:00002ee0       ?IsEnvBlockVariableValid@@YI_NPB_W@Z 10003ee0 f   Common.obj
 0001:00002f20       ?CommonShutdown@@YIXXZ     10003f20 f   Common.obj
 0001:00002f50       ?ModuleName@@YIPB_WPB_W@Z  10003f50 f   ConEmuCheck.obj
 0001:00003030       ?ExecuteOpenPipe@@YIPAXPB_WAAY0CAI@_W0KKHPAXH@Z 10004030 f   ConEmuCheck.obj
 0001:00003250       ?ExecutePrepareCmd@@YIXPAUCESERVER_REQ@@KI@Z 10004250 f   ConEmuCheck.obj
 0001:000032a0       ?ExecutePrepareCmd@@YIXPAUCESERVER_REQ_HDR@@KI@Z 100042a0 f   ConEmuCheck.obj
 0001:00003340       ?ExecuteNewCmd@@YIPAUCESERVER_REQ@@KI@Z 10004340 f   ConEmuCheck.obj
 0001:000033a0       ?ExecuteNewCmd@@YI_NAAPAUCESERVER_REQ@@AAKKI@Z 100043a0 f   ConEmuCheck.obj
 0001:00003420       ?LoadSrvMapping@@YIHPAUHWND__@@AAUCESERVER_CONSOLE_MAPPING_HDR@@@Z 10004420 f   ConEmuCheck.obj
 0001:00003550       ?LoadGuiMapping@@YIHKAAUConEmuGuiMapping@@@Z 10004550 f   ConEmuCheck.obj
 0001:00003670       ?ExecuteNewCmdOnCreate@@YIPAUCESERVER_REQ@@PAUCESERVER_CONSOLE_MAPPING_HDR@@PAUHWND__@@W4CmdOnCreateType@@PB_W33PAK444HHPAX55@Z 10004670 f   ConEmuCheck.obj
 0001:00003a00       ?StringCchCopyW@@YGJPA_WIPB_W@Z 10004a00 f i ConEmuCheck.obj
 0001:00003b30       ?ExecuteGuiCmd@@YIPAUCESERVER_REQ@@PAUHWND__@@PAU1@0H@Z 10004b30 f   ConEmuCheck.obj
 0001:00003bc0       ?ExecuteSrvCmd@@YIPAUCESERVER_REQ@@KPAU1@PAUHWND__@@HKH@Z 10004bc0 f   ConEmuCheck.obj
 0001:00003c60       ?ExecuteHkCmd@@YIPAUCESERVER_REQ@@KPAU1@PAUHWND__@@HH@Z 10004c60 f   ConEmuCheck.obj
 0001:00003d00       ?ExecuteCmd@@YIPAUCESERVER_REQ@@PB_WPAU1@KPAUHWND__@@HKH@Z 10004d00 f   ConEmuCheck.obj
 0001:00004030       ?ExecuteFreeResult@@YIXAAPAUCESERVER_REQ@@@Z 10005030 f   ConEmuCheck.obj
 0001:00004070       ?AllocateSendCurrentDirectory@@YI_NAAPAUCESERVER_REQ@@AAKPB_W2@Z 10005070 f   ConEmuCheck.obj
 0001:00004180       ?SendCurrentDirectory@@YIXPAUHWND__@@PB_W1@Z 10005180 f   ConEmuCheck.obj
 0001:000041e0       ?isConsoleClass@@YI_NPB_W@Z 100051e0 f   ConEmuCheck.obj
 0001:00004230       ?isConsoleWindow@@YI_NPAUHWND__@@@Z 10005230 f   ConEmuCheck.obj
 0001:00004330       ?myGetConsoleWindow@@YIPAUHWND__@@XZ 10005330 f   ConEmuCheck.obj
 0001:000043e0       ?GetConEmuHWND@@YIPAUHWND__@@H@Z 100053e0 f   ConEmuCheck.obj
 0001:00004590       ??BHWND2@@QBEPAUHWND__@@XZ 10005590 f i ConEmuCheck.obj
 0001:000045a0       ??BHWND2@@QBEKXZ           100055a0 f i ConEmuCheck.obj
 0001:000045b0       ?ConEmuCheck@@YIHPAPAUHWND__@@@Z 100055b0 f   ConEmuCheck.obj
 0001:000045f0       ?GuiMessageBox@@YIHPAUHWND__@@PB_W1H@Z 100055f0 f   ConEmuCheck.obj
 0001:000047b0       ?InitName@?$MFileMapping@UCESERVER_CONSOLE_MAPPING_HDR@@@@QAEPB_WPB_WKK@Z 100057b0 f i ConEmuCheck.obj
 0001:00004800       ?CloseMap@?$MFileMapping@UCESERVER_CONSOLE_MAPPING_HDR@@@@QAEXXZ 10005800 f i ConEmuCheck.obj
 0001:00004870       ?Open@?$MFileMapping@UCESERVER_CONSOLE_MAPPING_HDR@@@@QAEPAUCESERVER_CONSOLE_MAPPING_HDR@@HH@Z 10005870 f i ConEmuCheck.obj
 0001:00004890       ??0?$MFileMapping@UCESERVER_CONSOLE_MAPPING_HDR@@@@QAE@XZ 10005890 f i ConEmuCheck.obj
 0001:000048f0       ??1?$MFileMapping@UCESERVER_CONSOLE_MAPPING_HDR@@@@QAE@XZ 100058f0 f i ConEmuCheck.obj
 0001:00004910       ?InitName@?$MFileMapping@UConEmuGuiMapping@@@@QAEPB_WPB_WKK@Z 10005910 f i ConEmuCheck.obj
 0001:00004960       ?CloseMap@?$MFileMapping@UConEmuGuiMapping@@@@QAEXXZ 10005960 f i ConEmuCheck.obj
 0001:000049d0       ?Open@?$MFileMapping@UConEmuGuiMapping@@@@QAEPAUConEmuGuiMapping@@HH@Z 100059d0 f i ConEmuCheck.obj
 0001:000049f0       ??0?$MFileMapping@UConEmuGuiMapping@@@@QAE@XZ 100059f0 f i ConEmuCheck.obj
 0001:00004a50       ??1?$MFileMapping@UConEmuGuiMapping@@@@QAE@XZ 10005a50 f i ConEmuCheck.obj
 0001:00004a70       ?ClosePtr@?$MFileMapping@UCESERVER_CONSOLE_MAPPING_HDR@@@@QAEXXZ 10005a70 f i ConEmuCheck.obj
 0001:00004aa0       ?InternalOpenCreate@?$MFileMapping@UCESERVER_CONSOLE_MAPPING_HDR@@@@IAEPAUCESERVER_CONSOLE_MAPPING_HDR@@HHH@Z 10005aa0 f i ConEmuCheck.obj
 0001:00004c80       ?ClosePtr@?$MFileMapping@UConEmuGuiMapping@@@@QAEXXZ 10005c80 f i ConEmuCheck.obj
 0001:00004cb0       ?InternalOpenCreate@?$MFileMapping@UConEmuGuiMapping@@@@IAEPAUConEmuGuiMapping@@HHH@Z 10005cb0 f i ConEmuCheck.obj
 0001:00004e90       ??$wcscpy_c@$0CA@@@YIHAAY0CA@_WPB_W@Z 10005e90 f i ConEmuCheck.obj
 0001:00004ec0       ??$wcscpy_c@$0CAI@@@YIHAAY0CAI@_WPB_W@Z 10005ec0 f i ConEmuCheck.obj
 0001:00004ef0       ?LoadGuiMapping@@YIHPAUHWND__@@AAUConEmuGuiMapping@@@Z 10005ef0 f   ConEmuCheckEx.obj
 0001:00004f30       ?IsConEmuExeExist@@YIHPB_WAAY0BAF@_W@Z 10005f30 f   ConEmuCheckEx.obj
 0001:00004fe0       ?FindConEmuBaseDir@@YIHAAY0BAF@_W0PAUHINSTANCE__@@@Z 10005fe0 f   ConEmuCheckEx.obj
 0001:00005590       ??$wcscpy_c@$0BAF@@@YIHAAY0BAF@_WPB_W@Z 10006590 f i ConEmuCheckEx.obj
 0001:000056a0       ??$wcscpy_add@$0BAF@@@YIHPA_WAAY0BAF@_WPB_W@Z 100066a0 f i ConEmuCheckEx.obj
 0001:000056f0       ??$wcscat_c@$0BAF@@@YIHAAY0BAF@_WPB_W@Z 100066f0 f i ConEmuCheckEx.obj
 0001:00005720       ?StringCchCatW@@YGJPA_WIPB_W@Z 10006720 f i ConEmuCheckEx.obj
 0001:00005840       ?StartupHooks@@YI_NPAUHINSTANCE__@@@Z 10006840 f   ConEmuInjects.obj
 0001:00005c10       ?ShutdownHooks@@YIXXZ      10006c10 f   ConEmuInjects.obj
 0001:00005dc0       ??$wcscpy_c@$0EA@@@YIHAAY0EA@_WPB_W@Z 10006dc0 f i ConEmuInjects.obj
 0001:00005ed0       _DllMain@12                10006ed0 f   ConEmuPlugin.obj
 0001:00005f10       ?GetPluginInfo@@YGXPAX@Z   10006f10 f   ConEmuPlugin.obj
 0001:00005f80       ?GetPluginInfoW@@YGXPAX@Z  10006f80 f   ConEmuPlugin.obj
 0001:00005fb0       ?IsConsoleActive@@YGHXZ    10006fb0 f   ConEmuPlugin.obj
 0001:00006010       ?GetFarHWND2@@YGPAUHWND__@@H@Z 10007010 f   ConEmuPlugin.obj
 0001:00006080       ?GetFarHWND@@YGPAUHWND__@@XZ 10007080 f   ConEmuPlugin.obj
 0001:00006090       ?IsTerminalMode@@YGHXZ     10007090 f   ConEmuPlugin.obj
 0001:000060a0       ?GetFarVersion@@YGXPAUFarVersion@@@Z 100070a0 f   ConEmuPlugin.obj
 0001:000060d0       ?RegisterPanelView@@YGHPAUPanelViewInit@@@Z 100070d0 f   ConEmuPlugin.obj
 0001:000062c0       ?RegisterBackground@@YGHPAURegisterBackgroundArg@@@Z 100072c0 f   ConEmuPlugin.obj
 0001:00006350       ?SyncExecute@@YGHPAUHINSTANCE__@@P6GXJ@ZJ@Z 10007350 f   ConEmuPlugin.obj
 0001:000063a0       ?ActivateConsole@@YGHXZ    100073a0 f   ConEmuPlugin.obj
 0001:00006430       ??4HWND2@@QAEAAU0@PAUHWND__@@@Z 10007430 f i ConEmuPlugin.obj
 0001:00006450       ?SetStartupInfo@@YGXPAX@Z  10007450 f   ConEmuPlugin.obj
 0001:000064c0       _SetStartupInfoW@4         100074c0 f   ConEmuPlugin.obj
 0001:000064f0       ?GetMinFarVersion@@YGHXZ   100074f0 f   ConEmuPlugin.obj
 0001:00006540       _GetMinFarVersionW@0       10007540 f   ConEmuPlugin.obj
 0001:00006550       _ProcessSynchroEventW@8    10007550 f   ConEmuPlugin.obj
 0001:00006570       ?ProcessSynchroEventW3@@YGHPAX@Z 10007570 f   ConEmuPlugin.obj
 0001:000065a0       ?ProcessEditorEvent@@YGHHPAX@Z 100075a0 f   ConEmuPlugin.obj
 0001:000065c0       _ProcessEditorEventW@8     100075c0 f   ConEmuPlugin.obj
 0001:000065e0       ?ProcessEditorEventW3@@YGHPAX@Z 100075e0 f   ConEmuPlugin.obj
 0001:00006610       ?ProcessViewerEvent@@YGHHPAX@Z 10007610 f   ConEmuPlugin.obj
 0001:00006630       _ProcessViewerEventW@8     10007630 f   ConEmuPlugin.obj
 0001:00006650       ?ProcessViewerEventW3@@YGHPAX@Z 10007650 f   ConEmuPlugin.obj
 0001:00006680       ?ProcessEditorInput@@YGHPBU_INPUT_RECORD@@@Z 10007680 f   ConEmuPlugin.obj
 0001:000066a0       _ProcessEditorInputW@4     100076a0 f   ConEmuPlugin.obj
 0001:000066d0       ?OpenPlugin@@YGPAXHH@Z     100076d0 f   ConEmuPlugin.obj
 0001:000066f0       _OpenPluginW@8             100076f0 f   ConEmuPlugin.obj
 0001:00006730       ?OpenW@@YGPAXPBX@Z         10007730 f   ConEmuPlugin.obj
 0001:00006760       ?ExitFAR@@YGXXZ            10007760 f   ConEmuPlugin.obj
 0001:000067b0       _ExitFARW@0                100077b0 f   ConEmuPlugin.obj
 0001:00006800       ?ExitFARW3@@YGXPAX@Z       10007800 f   ConEmuPlugin.obj
 0001:00006860       ?SetupExportsFar3@@YIXXZ   10007860 f   ConEmuPlugin.obj
 0001:00006a80       ?_calloc@@YIPAXII@Z        10007a80 f   ConEmuPlugin.obj
 0001:00006aa0       ?_malloc@@YIPAXI@Z         10007aa0 f   ConEmuPlugin.obj
 0001:00006ac0       ?_free@@YIXPAX@Z           10007ac0 f   ConEmuPlugin.obj
 0001:00006ae0       ??0CPluginW1900@@QAE@XZ    10007ae0 f   ConEmuPlugin1900.obj
 0001:00006d70       ??_GCPluginW1900@@UAEPAXI@Z 10007d70 f i ConEmuPlugin1900.obj
 0001:00006d70       ??_ECPluginW1900@@UAEPAXI@Z 10007d70 f i ConEmuPlugin1900.obj
 0001:00006da0       ??1CPluginW1900@@UAE@XZ    10007da0 f i ConEmuPlugin1900.obj
 0001:00006dc0       ?ProcessEditorEventPtr@CPluginW1900@@UAEHPAX@Z 10007dc0 f   ConEmuPlugin1900.obj
 0001:00006df0       ?ProcessViewerEventPtr@CPluginW1900@@UAEHPAX@Z 10007df0 f   ConEmuPlugin1900.obj
 0001:00006e20       ?ProcessSynchroEventPtr@CPluginW1900@@UAEHPAX@Z 10007e20 f   ConEmuPlugin1900.obj
 0001:00006e50       ?GetPanelDir@CPluginW1900@@UAEPA_WKPA_WH@Z 10007e50 f   ConEmuPlugin1900.obj
 0001:00006fe0       ?GetPanelInfo@CPluginW1900@@UAE_NKPAUCEPanelInfo@@@Z 10007fe0 f   ConEmuPlugin1900.obj
 0001:00007460       ?GetPanelItemInfo@CPluginW1900@@UAE_NABUCEPanelInfo@@_NHAAU_WIN32_FIND_DATAW@@PAPA_W@Z 10008460 f   ConEmuPlugin1900.obj
 0001:00007690       ?PanelControlApi@CPluginW1900@@UAEHPAXHH0@Z 10008690 f   ConEmuPlugin1900.obj
 0001:000076e0       ?GetPluginInfoPtr@CPluginW1900@@UAEXPAX@Z 100086e0 f   ConEmuPlugin1900.obj
 0001:00007760       ?SetStartupInfoPtr@CPluginW1900@@UAEXPAX@Z 10008760 f   ConEmuPlugin1900.obj
 0001:000078d0       ?GetEditorModifiedState@CPluginW1900@@UAEKXZ 100088d0 f   ConEmuPlugin1900.obj
 0001:00007910       ?ProcessEditorInputPtr@CPluginW1900@@UAEHPBX@Z 10008910 f   ConEmuPlugin1900.obj
 0001:00007950       ?GetWindowCount@CPluginW1900@@UAEHXZ 10008950 f   ConEmuPlugin1900.obj
 0001:000079a0       ?UpdateConEmuTabsApi@CPluginW1900@@UAE_NH@Z 100089a0 f   ConEmuPlugin1900.obj
 0001:00007f80       ?ExitFar@CPluginW1900@@UAEXXZ 10008f80 f   ConEmuPlugin1900.obj
 0001:00008010       ?ShowMessage@CPluginW1900@@UAEHPB_WH_N@Z 10009010 f   ConEmuPlugin1900.obj
 0001:000080c0       ?GetMsg@CPluginW1900@@UAEPB_WHPA_WI@Z 100090c0 f   ConEmuPlugin1900.obj
 0001:00008140       ?SetWindow@CPluginW1900@@UAEXH@Z 10009140 f   ConEmuPlugin1900.obj
 0001:000081a0       ?PostMacroApi@CPluginW1900@@UAEXPB_WPAU_INPUT_RECORD@@_N@Z 100091a0 f   ConEmuPlugin1900.obj
 0001:000088f0       ?wcsstr@@YAPA_WPA_WPB_W@Z  100098f0 f i ConEmuPlugin1900.obj
 0001:00008910       ?ShowPluginMenu@CPluginW1900@@UAEHPAUConEmuPluginMenuItem@@HH@Z 10009910 f   ConEmuPlugin1900.obj
 0001:00008b00       ?OpenEditor@CPluginW1900@@UAE_NPB_W_N11HH@Z 10009b00 f   ConEmuPlugin1900.obj
 0001:00008c50       ?ExecuteSynchroApi@CPluginW1900@@UAE_NXZ 10009c50 f   ConEmuPlugin1900.obj
 0001:00008c90       ?WaitEndSynchro@CPluginW1900@@UAEXXZ 10009c90 f   ConEmuPlugin1900.obj
 0001:00008ca0       ?StopWaitEndSynchro@CPluginW1900@@UAEXXZ 10009ca0 f   ConEmuPlugin1900.obj
 0001:00008cb0       ?IsMacroActive@CPluginW1900@@UAE_NXZ 10009cb0 f   ConEmuPlugin1900.obj
 0001:00008d00       ?GetMacroArea@CPluginW1900@@UAEHXZ 10009d00 f   ConEmuPlugin1900.obj
 0001:00008d30       ?RedrawAll@CPluginW1900@@UAEXXZ 10009d30 f   ConEmuPlugin1900.obj
 0001:00008d70       ?InputBox@CPluginW1900@@UAE_NPB_W000AAPA_W@Z 10009d70 f   ConEmuPlugin1900.obj
 0001:00008df0       ?ShowUserScreen@CPluginW1900@@UAEX_N@Z 10009df0 f   ConEmuPlugin1900.obj
 0001:00008e40       ?LoadFarColors@CPluginW1900@@UAEXAAY0BAA@E@Z 10009e40 f   ConEmuPlugin1900.obj
 0001:00009000       ?FarColor_3_2@@YIEABUFarColor@@@Z 1000a000 f i ConEmuPlugin1900.obj
 0001:00009110       ?Color2FgIndex@Far3Color@@SIXKAAGPBK@Z 1000a110 f i ConEmuPlugin1900.obj
 0001:00009250       ?Max@Far3Color@@SIHHH@Z    1000a250 f i ConEmuPlugin1900.obj
 0001:00009280       ?GetStdIndex@Far3Color@@SIHKPBK@Z 1000a280 f i ConEmuPlugin1900.obj
 0001:000092e0       ?GetStdPalette@Far3Color@@SIPBKXZ 1000a2e0 f i ConEmuPlugin1900.obj
 0001:000092f0       ?Color2BgIndex@Far3Color@@SIXKHAAGPBK@Z 1000a2f0 f i ConEmuPlugin1900.obj
 0001:00009460       ?LoadFarSettings@CPluginW1900@@UAEXPAUCEFarInterfaceSettings@@PAUCEFarPanelSettings@@@Z 1000a460 f   ConEmuPlugin1900.obj
 0001:00009670       ?GetFarRect@CPluginW1900@@UAE_NAAU_SMALL_RECT@@@Z 1000a670 f   ConEmuPlugin1900.obj
 0001:000096e0       ?CheckPanelExist@CPluginW1900@@UAE_NXZ 1000a6e0 f   ConEmuPlugin1900.obj
 0001:00009730       ?GetActiveWindowType@CPluginW1900@@UAEHXZ 1000a730 f   ConEmuPlugin1900.obj
 0001:000097f0       ?GetWindowTypeName@CPluginW1900@@UAEPB_WH@Z 1000a7f0 f   ConEmuPlugin1900.obj
 0001:00009880       ?GuiMacroDlg@CPluginW1900@@UAEXXZ 1000a880 f   ConEmuPlugin1900.obj
 0001:00009e60       ?Open@CPluginW1900@@UAEPAXPBX@Z 1000ae60 f   ConEmuPlugin1900.obj
 0001:0000a000       _GetGlobalInfoW@4          1000b000 f   ConEmuPlugin2800.obj
 0001:0000a1e0       ??0CPluginW2800@@QAE@XZ    1000b1e0 f   ConEmuPlugin2800.obj
 0001:0000a470       ??_ECPluginW2800@@UAEPAXI@Z 1000b470 f i ConEmuPlugin2800.obj
 0001:0000a470       ??_GCPluginW2800@@UAEPAXI@Z 1000b470 f i ConEmuPlugin2800.obj
 0001:0000a4a0       ??1CPluginW2800@@UAE@XZ    1000b4a0 f i ConEmuPlugin2800.obj
 0001:0000a4c0       ?GetPanelDir@CPluginW2800@@UAEPA_WKPA_WH@Z 1000b4c0 f   ConEmuPlugin2800.obj
 0001:0000a650       ?GetPanelInfo@CPluginW2800@@UAE_NKPAUCEPanelInfo@@@Z 1000b650 f   ConEmuPlugin2800.obj
 0001:0000aad0       ?GetPanelItemInfo@CPluginW2800@@UAE_NABUCEPanelInfo@@_NHAAU_WIN32_FIND_DATAW@@PAPA_W@Z 1000bad0 f   ConEmuPlugin2800.obj
 0001:0000ad00       ?PanelControlApi@CPluginW2800@@UAEHPAXHH0@Z 1000bd00 f   ConEmuPlugin2800.obj
 0001:0000ad50       ?GetPluginInfoPtr@CPluginW2800@@UAEXPAX@Z 1000bd50 f   ConEmuPlugin2800.obj
 0001:0000add0       ?SetStartupInfoPtr@CPluginW2800@@UAEXPAX@Z 1000bdd0 f   ConEmuPlugin2800.obj
 0001:0000af40       ?GetEditorModifiedState@CPluginW2800@@UAEKXZ 1000bf40 f   ConEmuPlugin2800.obj
 0001:0000af80       ?ProcessEditorEventPtr@CPluginW2800@@UAEHPAX@Z 1000bf80 f   ConEmuPlugin2800.obj
 0001:0000afb0       ?ProcessViewerEventPtr@CPluginW2800@@UAEHPAX@Z 1000bfb0 f   ConEmuPlugin2800.obj
 0001:0000afe0       ?ProcessSynchroEventPtr@CPluginW2800@@UAEHPAX@Z 1000bfe0 f   ConEmuPlugin2800.obj
 0001:0000b010       ?ProcessEditorInputPtr@CPluginW2800@@UAEHPBX@Z 1000c010 f   ConEmuPlugin2800.obj
 0001:0000b050       ?GetWindowCount@CPluginW2800@@UAEHXZ 1000c050 f   ConEmuPlugin2800.obj
 0001:0000b0a0       ?UpdateConEmuTabsApi@CPluginW2800@@UAE_NH@Z 1000c0a0 f   ConEmuPlugin2800.obj
 0001:0000b930       ?ExitFar@CPluginW2800@@UAEXXZ 1000c930 f   ConEmuPlugin2800.obj
 0001:0000b9c0       ?ShowMessage@CPluginW2800@@UAEHPB_WH_N@Z 1000c9c0 f   ConEmuPlugin2800.obj
 0001:0000ba70       ?GetMsg@CPluginW2800@@UAEPB_WHPA_WI@Z 1000ca70 f   ConEmuPlugin2800.obj
 0001:0000baf0       ?SetWindow@CPluginW2800@@UAEXH@Z 1000caf0 f   ConEmuPlugin2800.obj
 0001:0000bb50       ?PostMacroApi@CPluginW2800@@UAEXPB_WPAU_INPUT_RECORD@@_N@Z 1000cb50 f   ConEmuPlugin2800.obj
 0001:0000bef0       ?ShowPluginMenu@CPluginW2800@@UAEHPAUConEmuPluginMenuItem@@HH@Z 1000cef0 f   ConEmuPlugin2800.obj
 0001:0000c0e0       ?OpenEditor@CPluginW2800@@UAE_NPB_W_N11HH@Z 1000d0e0 f   ConEmuPlugin2800.obj
 0001:0000c230       ?ExecuteSynchroApi@CPluginW2800@@UAE_NXZ 1000d230 f   ConEmuPlugin2800.obj
 0001:0000c270       ?WaitEndSynchro@CPluginW2800@@UAEXXZ 1000d270 f   ConEmuPlugin2800.obj
 0001:0000c280       ?StopWaitEndSynchro@CPluginW2800@@UAEXXZ 1000d280 f   ConEmuPlugin2800.obj
 0001:0000c290       ?IsMacroActive@CPluginW2800@@UAE_NXZ 1000d290 f   ConEmuPlugin2800.obj
 0001:0000c2e0       ?GetMacroArea@CPluginW2800@@UAEHXZ 1000d2e0 f   ConEmuPlugin2800.obj
 0001:0000c310       ?RedrawAll@CPluginW2800@@UAEXXZ 1000d310 f   ConEmuPlugin2800.obj
 0001:0000c350       ?InputBox@CPluginW2800@@UAE_NPB_W000AAPA_W@Z 1000d350 f   ConEmuPlugin2800.obj
 0001:0000c3d0       ?ShowUserScreen@CPluginW2800@@UAEX_N@Z 1000d3d0 f   ConEmuPlugin2800.obj
 0001:0000c420       ?LoadFarColors@CPluginW2800@@UAEXAAY0BAA@E@Z 1000d420 f   ConEmuPlugin2800.obj
 0001:0000c5e0       ?LoadFarSettings@CPluginW2800@@UAEXPAUCEFarInterfaceSettings@@PAUCEFarPanelSettings@@@Z 1000d5e0 f   ConEmuPlugin2800.obj
 0001:0000c7f0       ?GetFarRect@CPluginW2800@@UAE_NAAU_SMALL_RECT@@@Z 1000d7f0 f   ConEmuPlugin2800.obj
 0001:0000c860       ?CheckPanelExist@CPluginW2800@@UAE_NXZ 1000d860 f   ConEmuPlugin2800.obj
 0001:0000c8b0       ?GetActiveWindowType@CPluginW2800@@UAEHXZ 1000d8b0 f   ConEmuPlugin2800.obj
 0001:0000c980       ?GetWindowTypeName@CPluginW2800@@UAEPB_WH@Z 1000d980 f   ConEmuPlugin2800.obj
 0001:0000ca10       ?GuiMacroDlg@CPluginW2800@@UAEXXZ 1000da10 f   ConEmuPlugin2800.obj
 0001:0000cf80       ?Open@CPluginW2800@@UAEPAXPBX@Z 1000df80 f   ConEmuPlugin2800.obj
 0001:0000d1b0       ??0FarMacroValue@@QAE@XZ   1000e1b0 f i ConEmuPlugin2800.obj
 0001:0000d1f0       ??0?$MArray@UWindowInfo@@@@QAE@XZ 1000e1f0 f i ConEmuPlugin2800.obj
 0001:0000d230       ??1?$MArray@UWindowInfo@@@@QAE@XZ 1000e230 f i ConEmuPlugin2800.obj
 0001:0000d250       ??A?$MArray@UWindowInfo@@@@QBEABUWindowInfo@@H@Z 1000e250 f i ConEmuPlugin2800.obj
 0001:0000d270       ??A?$MArray@UWindowInfo@@@@QAEAAUWindowInfo@@H@Z 1000e270 f i ConEmuPlugin2800.obj
 0001:0000d290       ?push_back@?$MArray@UWindowInfo@@@@QAEHABUWindowInfo@@@Z 1000e290 f i ConEmuPlugin2800.obj
 0001:0000d320       ?insert@?$MArray@UWindowInfo@@@@QAEXHABUWindowInfo@@@Z 1000e320 f i ConEmuPlugin2800.obj
 0001:0000d3e0       ?erase@?$MArray@UWindowInfo@@@@QAEXH@Z 1000e3e0 f i ConEmuPlugin2800.obj
 0001:0000d470       ?size@?$MArray@UWindowInfo@@@@QBEHXZ 1000e470 f i ConEmuPlugin2800.obj
 0001:0000d490       ?clear@?$MArray@UWindowInfo@@@@QAEXXZ 1000e490 f i ConEmuPlugin2800.obj
 0001:0000d4e0       ?addsize@?$MArray@UWindowInfo@@@@QAEXH@Z 1000e4e0 f i ConEmuPlugin2800.obj
 0001:0000d5d0       ??0CPluginW995@@QAE@XZ     1000e5d0 f   ConEmuPlugin995.obj
 0001:0000d860       ?Open@CPluginW995@@UAEPAXPBX@Z 1000e860 f i ConEmuPlugin995.obj
 0001:0000d880       ?ProcessEditorEventPtr@CPluginW995@@UAEHPAX@Z 1000e880 f i ConEmuPlugin995.obj
 0001:0000d890       ?ProcessSynchroEventPtr@CPluginW995@@UAEHPAX@Z 1000e890 f i ConEmuPlugin995.obj
 0001:0000d8a0       ?ProcessViewerEventPtr@CPluginW995@@UAEHPAX@Z 1000e8a0 f i ConEmuPlugin995.obj
 0001:0000d8b0       ??_ECPluginW995@@UAEPAXI@Z 1000e8b0 f i ConEmuPlugin995.obj
 0001:0000d8b0       ??_GCPluginW995@@UAEPAXI@Z 1000e8b0 f i ConEmuPlugin995.obj
 0001:0000d8e0       ??1CPluginW995@@UAE@XZ     1000e8e0 f i ConEmuPlugin995.obj
 0001:0000d900       ?GetPanelDir@CPluginW995@@UAEPA_WKPA_WH@Z 1000e900 f   ConEmuPlugin995.obj
 0001:0000da30       ?GetPanelInfo@CPluginW995@@UAE_NKPAUCEPanelInfo@@@Z 1000ea30 f   ConEmuPlugin995.obj
 0001:0000dd10       ?GetPanelItemInfo@CPluginW995@@UAE_NABUCEPanelInfo@@_NHAAU_WIN32_FIND_DATAW@@PAPA_W@Z 1000ed10 f   ConEmuPlugin995.obj
 0001:0000df20       ?PanelControlApi@CPluginW995@@UAEHPAXHH0@Z 1000ef20 f   ConEmuPlugin995.obj
 0001:0000df70       ?GetPluginInfoPtr@CPluginW995@@UAEXPAX@Z 1000ef70 f   ConEmuPlugin995.obj
 0001:0000e010       ?SetStartupInfoPtr@CPluginW995@@UAEXPAX@Z 1000f010 f   ConEmuPlugin995.obj
 0001:0000e1c0       ?GetEditorModifiedState@CPluginW995@@UAEKXZ 1000f1c0 f   ConEmuPlugin995.obj
 0001:0000e200       ?ProcessEditorInputPtr@CPluginW995@@UAEHPBX@Z 1000f200 f   ConEmuPlugin995.obj
 0001:0000e230       ?GetWindowCount@CPluginW995@@UAEHXZ 1000f230 f   ConEmuPlugin995.obj
 0001:0000e280       ?UpdateConEmuTabsApi@CPluginW995@@UAE_NH@Z 1000f280 f   ConEmuPlugin995.obj
 0001:0000e560       ?ExitFar@CPluginW995@@UAEXXZ 1000f560 f   ConEmuPlugin995.obj
 0001:0000e5f0       ?ShowMessage@CPluginW995@@UAEHPB_WH_N@Z 1000f5f0 f   ConEmuPlugin995.obj
 0001:0000e670       ?GetMsg@CPluginW995@@UAEPB_WHPA_WI@Z 1000f670 f   ConEmuPlugin995.obj
 0001:0000e6f0       ?SetWindow@CPluginW995@@UAEXH@Z 1000f6f0 f   ConEmuPlugin995.obj
 0001:0000e750       ?PostMacroApi@CPluginW995@@UAEXPB_WPAU_INPUT_RECORD@@_N@Z 1000f750 f   ConEmuPlugin995.obj
 0001:0000e820       ?ShowPluginMenu@CPluginW995@@UAEHPAUConEmuPluginMenuItem@@HH@Z 1000f820 f   ConEmuPlugin995.obj
 0001:0000e9b0       ?OpenEditor@CPluginW995@@UAE_NPB_W_N11HH@Z 1000f9b0 f   ConEmuPlugin995.obj
 0001:0000ead0       ?ExecuteSynchroApi@CPluginW995@@UAE_NXZ 1000fad0 f   ConEmuPlugin995.obj
 0001:0000eb10       ?WaitEndSynchro@CPluginW995@@UAEXXZ 1000fb10 f   ConEmuPlugin995.obj
 0001:0000ecc0       ?StopWaitEndSynchro@CPluginW995@@UAEXXZ 1000fcc0 f   ConEmuPlugin995.obj
 0001:0000ecf0       ?IsMacroActive@CPluginW995@@UAE_NXZ 1000fcf0 f   ConEmuPlugin995.obj
 0001:0000ed50       ?GetMacroArea@CPluginW995@@UAEHXZ 1000fd50 f   ConEmuPlugin995.obj
 0001:0000ed90       ?RedrawAll@CPluginW995@@UAEXXZ 1000fd90 f   ConEmuPlugin995.obj
 0001:0000edd0       ?InputBox@CPluginW995@@UAE_NPB_W000AAPA_W@Z 1000fdd0 f   ConEmuPlugin995.obj
 0001:0000ee40       ?ShowUserScreen@CPluginW995@@UAEX_N@Z 1000fe40 f   ConEmuPlugin995.obj
 0001:0000ee90       ?LoadFarColors@CPluginW995@@UAEXAAY0BAA@E@Z 1000fe90 f   ConEmuPlugin995.obj
 0001:0000ef70       ?LoadFarSettings@CPluginW995@@UAEXPAUCEFarInterfaceSettings@@PAUCEFarPanelSettings@@@Z 1000ff70 f   ConEmuPlugin995.obj
 0001:0000efe0       ?GetFarRect@CPluginW995@@UAE_NAAU_SMALL_RECT@@@Z 1000ffe0 f   ConEmuPlugin995.obj
 0001:0000f050       ?CheckPanelExist@CPluginW995@@UAE_NXZ 10010050 f   ConEmuPlugin995.obj
 0001:0000f0a0       ?GetActiveWindowType@CPluginW995@@UAEHXZ 100100a0 f   ConEmuPlugin995.obj
 0001:0000f170       ?GetWindowTypeName@CPluginW995@@UAEPB_WH@Z 10010170 f   ConEmuPlugin995.obj
 0001:0000f200       ?GuiMacroDlg@CPluginW995@@UAEXXZ 10010200 f   ConEmuPlugin995.obj
 0001:0000f750       ??0CPluginAnsi@@QAE@XZ     10010750 f   ConEmuPluginA.obj
 0001:0000f9b0       ?ExecuteSynchroApi@CPluginAnsi@@UAE_NXZ 100109b0 f i ConEmuPluginA.obj
 0001:0000f9c0       ?GetFarRect@CPluginAnsi@@UAE_NAAU_SMALL_RECT@@@Z 100109c0 f i ConEmuPluginA.obj
 0001:0000f9d0       ?Open@CPluginAnsi@@UAEPAXPBX@Z 100109d0 f i ConEmuPluginA.obj
 0001:0000f9f0       ?ProcessEditorEventPtr@CPluginAnsi@@UAEHPAX@Z 100109f0 f i ConEmuPluginA.obj
 0001:0000fa00       ?ProcessEditorInputPtr@CPluginAnsi@@UAEHPBX@Z 10010a00 f i ConEmuPluginA.obj
 0001:0000fa10       ?ProcessSynchroEventPtr@CPluginAnsi@@UAEHPAX@Z 10010a10 f i ConEmuPluginA.obj
 0001:0000fa20       ?ProcessViewerEventPtr@CPluginAnsi@@UAEHPAX@Z 10010a20 f i ConEmuPluginA.obj
 0001:0000fa30       ?StopWaitEndSynchro@CPluginAnsi@@UAEXXZ 10010a30 f i ConEmuPluginA.obj
 0001:0000fa40       ?WaitEndSynchro@CPluginAnsi@@UAEXXZ 10010a40 f i ConEmuPluginA.obj
 0001:0000fa50       ??_GCPluginAnsi@@UAEPAXI@Z 10010a50 f i ConEmuPluginA.obj
 0001:0000fa50       ??_ECPluginAnsi@@UAEPAXI@Z 10010a50 f i ConEmuPluginA.obj
 0001:0000fa80       ??1CPluginAnsi@@UAE@XZ     10010a80 f i ConEmuPluginA.obj
 0001:0000faa0       ?GetPanelDir@CPluginAnsi@@UAEPA_WKPA_WH@Z 10010aa0 f   ConEmuPluginA.obj
 0001:0000fba0       ?GetPanelInfo@CPluginAnsi@@UAE_NKPAUCEPanelInfo@@@Z 10010ba0 f   ConEmuPluginA.obj
 0001:0000fe80       ?GetPanelItemInfo@CPluginAnsi@@UAE_NABUCEPanelInfo@@_NHAAU_WIN32_FIND_DATAW@@PAPA_W@Z 10010e80 f   ConEmuPluginA.obj
 0001:00010000       ?PanelControlApi@CPluginAnsi@@UAEHPAXHH0@Z 10011000 f   ConEmuPluginA.obj
 0001:00010050       ?SetStartupInfoPtr@CPluginAnsi@@UAEXPAX@Z 10011050 f   ConEmuPluginA.obj
 0001:00010210       ?GetPluginInfoPtr@CPluginAnsi@@UAEXPAX@Z 10011210 f   ConEmuPluginA.obj
 0001:000102c0       ?GetEditorModifiedState@CPluginAnsi@@UAEKXZ 100112c0 f   ConEmuPluginA.obj
 0001:00010300       ?GetWindowCount@CPluginAnsi@@UAEHXZ 10011300 f   ConEmuPluginA.obj
 0001:00010350       ?UpdateConEmuTabsApi@CPluginAnsi@@UAE_NH@Z 10011350 f   ConEmuPluginA.obj
 0001:00010610       ?ExitFar@CPluginAnsi@@UAEXXZ 10011610 f   ConEmuPluginA.obj
 0001:00010670       ?SetWindow@CPluginAnsi@@UAEXH@Z 10011670 f   ConEmuPluginA.obj
 0001:000106e0       ?PostMacroApi@CPluginAnsi@@UAEXPB_WPAU_INPUT_RECORD@@_N@Z 100116e0 f   ConEmuPluginA.obj
 0001:000107d0       ?ShowPluginMenu@CPluginAnsi@@UAEHPAUConEmuPluginMenuItem@@HH@Z 100117d0 f   ConEmuPluginA.obj
 0001:000109c0       ?OpenEditor@CPluginAnsi@@UAE_NPB_W_N11HH@Z 100119c0 f   ConEmuPluginA.obj
 0001:00010b20       ?ShowMessage@CPluginAnsi@@UAEHPB_WH_N@Z 10011b20 f   ConEmuPluginA.obj
 0001:00010bf0       ?GetMsg@CPluginAnsi@@UAEPB_WHPA_WI@Z 10011bf0 f   ConEmuPluginA.obj
 0001:00010cb0       ?IsMacroActive@CPluginAnsi@@UAE_NXZ 10011cb0 f   ConEmuPluginA.obj
 0001:00010d20       ?GetMacroArea@CPluginAnsi@@UAEHXZ 10011d20 f   ConEmuPluginA.obj
 0001:00010d30       ?RedrawAll@CPluginAnsi@@UAEXXZ 10011d30 f   ConEmuPluginA.obj
 0001:00010d70       ?InputBox@CPluginAnsi@@UAE_NPB_W000AAPA_W@Z 10011d70 f   ConEmuPluginA.obj
 0001:00010ea0       ?ShowUserScreen@CPluginAnsi@@UAEX_N@Z 10011ea0 f   ConEmuPluginA.obj
 0001:00010ef0       ?LoadFarColors@CPluginAnsi@@UAEXAAY0BAA@E@Z 10011ef0 f   ConEmuPluginA.obj
 0001:00010fe0       ?LoadFarSettings@CPluginAnsi@@UAEXPAUCEFarInterfaceSettings@@PAUCEFarPanelSettings@@@Z 10011fe0 f   ConEmuPluginA.obj
 0001:00011050       ?CheckPanelExist@CPluginAnsi@@UAE_NXZ 10012050 f   ConEmuPluginA.obj
 0001:000110a0       ?GetActiveWindowType@CPluginAnsi@@UAEHXZ 100120a0 f   ConEmuPluginA.obj
 0001:00011120       ?GetWindowTypeName@CPluginAnsi@@UAEPB_WH@Z 10012120 f   ConEmuPluginA.obj
 0001:000111b0       ?GuiMacroDlg@CPluginAnsi@@UAEXXZ 100121b0 f   ConEmuPluginA.obj
 0001:00011800       ?Plugin@@YIPAVCPluginBase@@XZ 10012800 f   ConEmuPluginBase.obj
 0001:00011930       ??0CPluginBase@@QAE@XZ     10012930 f   ConEmuPluginBase.obj
 0001:00011be0       ??_GCPluginBase@@UAEPAXI@Z 10012be0 f i ConEmuPluginBase.obj
 0001:00011be0       ??_ECPluginBase@@UAEPAXI@Z 10012be0 f i ConEmuPluginBase.obj
 0001:00011c10       ??1CPluginBase@@UAE@XZ     10012c10 f   ConEmuPluginBase.obj
 0001:00011c30       ?DllMain_ProcessAttach@CPluginBase@@KIXPAUHINSTANCE__@@@Z 10012c30 f   ConEmuPluginBase.obj
 0001:00011d20       ?DllMain_ProcessDetach@CPluginBase@@KIXXZ 10012d20 f   ConEmuPluginBase.obj
 0001:00011ea0       ??_GMSection@@QAEPAXI@Z    10012ea0 f i ConEmuPluginBase.obj
 0001:00011ed0       ??_GCPluginBackground@@QAEPAXI@Z 10012ed0 f i ConEmuPluginBase.obj
 0001:00011f00       ?LoadFarVersion@CPluginBase@@SI_NXZ 10012f00 f   ConEmuPluginBase.obj
 0001:00012550       ?ShowMessageGui@CPluginBase@@QAEHHH@Z 10013550 f   ConEmuPluginBase.obj
 0001:00012600       ?BackgroundMacroError@CPluginBase@@SGKPAX@Z 10013600 f   ConEmuPluginBase.obj
 0001:00012650       ?PostMacro@CPluginBase@@QAEXPB_WPAU_INPUT_RECORD@@_N@Z 10013650 f   ConEmuPluginBase.obj
 0001:00012710       ?isMacroActive@CPluginBase@@QAE_NAAH@Z 10013710 f   ConEmuPluginBase.obj
 0001:00012760       ?CheckBufferEnabled@CPluginBase@@QAE_NXZ 10013760 f   ConEmuPluginBase.obj
 0001:000127f0       ?PanelControl@CPluginBase@@QAEHPAXHH0@Z 100137f0 f   ConEmuPluginBase.obj
 0001:000128a0       ?GetPanelInfo@CPluginBase@@QAE_NKPAUBkPanelInfo@@@Z 100138a0 f   ConEmuPluginBase.obj
 0001:00012940       ?FillUpdateBackground@CPluginBase@@QAEXPAUPaintBackgroundArg@@@Z 10013940 f   ConEmuPluginBase.obj
 0001:00012b10       ?StorePanelDirs@CPluginBase@@QAE_NPB_W0@Z 10013b10 f   ConEmuPluginBase.obj
 0001:00012cc0       _wmemmove                  10013cc0 f i ConEmuPluginBase.obj
 0001:00012ce0       ?UpdatePanelDirs@CPluginBase@@QAEXXZ 10013ce0 f   ConEmuPluginBase.obj
 0001:00012ee0       ?IsFarLua@FarVersion@@QBE_NXZ 10013ee0 f i ConEmuPluginBase.obj
 0001:00012f30       ?RunExternalProgram@CPluginBase@@QAE_NPA_W@Z 10013f30 f   ConEmuPluginBase.obj
 0001:00013120       ?ProcessCommandLine@CPluginBase@@QAE_NPA_W@Z 10014120 f   ConEmuPluginBase.obj
 0001:00013160       ?ShowPluginMenu@CPluginBase@@QAEXW4PluginCallCommands@@@Z 10014160 f   ConEmuPluginBase.obj
 0001:00013410       ?ShowTabsList@CPluginBase@@QAEXXZ 10014410 f   ConEmuPluginBase.obj
 0001:000137e0       ?ShowPanelsList@CPluginBase@@QAEXXZ 100147e0 f   ConEmuPluginBase.obj
 0001:00013960       ?DataSize@CESERVER_REQ@@QAEKXZ 10014960 f i ConEmuPluginBase.obj
 0001:000139a0       ?EditViewConsoleOutput@CPluginBase@@QAEX_N@Z 100149a0 f   ConEmuPluginBase.obj
 0001:00013a60       ?SwitchTabCommand@CPluginBase@@QAEXW4PluginMenuCommands@@@Z 10014a60 f   ConEmuPluginBase.obj
 0001:00013b20       ?ProcessSynchroEvent@CPluginBase@@QAEHHPAX@Z 10014b20 f   ConEmuPluginBase.obj
 0001:00013bd0       ?ProcessEditorInputInternal@CPluginBase@@QAEXABU_INPUT_RECORD@@@Z 10014bd0 f   ConEmuPluginBase.obj
 0001:00013c30       ?ProcessEditorViewerEvent@CPluginBase@@QAEHHH@Z 10014c30 f   ConEmuPluginBase.obj
 0001:00013d40       ?isEditorViewer@CPluginBase@@QAE_NXZ 10014d40 f   ConEmuPluginBase.obj
 0001:00013d90       ?isModalEditorViewer@CPluginBase@@QAE_NXZ 10014d90 f   ConEmuPluginBase.obj
 0001:00013de0       ?GetMainThreadId@CPluginBase@@SIKXZ 10014de0 f   ConEmuPluginBase.obj
 0001:00013e80       ?ShowConsoleInfo@CPluginBase@@QAEXXZ 10014e80 f   ConEmuPluginBase.obj
 0001:00014000       ?RunExternalProgramW@CPluginBase@@SI_NPA_W0_N@Z 10015000 f   ConEmuPluginBase.obj
 0001:00014270       ?StartDebugger@CPluginBase@@QAE_NXZ 10015270 f   ConEmuPluginBase.obj
 0001:000145a0       ?Attach2Gui@CPluginBase@@QAE_NXZ 100155a0 f   ConEmuPluginBase.obj
 0001:00014a60       ?FindServerCmd@CPluginBase@@QAE_NKAAK_N@Z 10015a60 f   ConEmuPluginBase.obj
 0001:00014b50       ?ShowMessage@CPluginBase@@QAEHHH@Z 10015b50 f   ConEmuPluginBase.obj
 0001:00014bd0       ?OutDataAlloc@CPluginBase@@SI_NK@Z 10015bd0 f   ConEmuPluginBase.obj
 0001:00014c40       ?OutDataRealloc@CPluginBase@@SI_NK@Z 10015c40 f   ConEmuPluginBase.obj
 0001:00014d20       ?OutDataWrite@CPluginBase@@SI_NPAXK@Z 10015d20 f   ConEmuPluginBase.obj
 0001:00014df0       ?CreateTabs@CPluginBase@@SI_NH@Z 10015df0 f   ConEmuPluginBase.obj
 0001:00014ec0       ?AddTab@CPluginBase@@QAE_NAAHH_N1HPB_W2HHHH@Z 10015ec0 f   ConEmuPluginBase.obj
 0001:000152d0       _wmemcmp                   100162d0 f i ConEmuPluginBase.obj
 0001:00015330       ?AddTabFinish@CPluginBase@@QAEXH@Z 10016330 f   ConEmuPluginBase.obj
 0001:00015350       ?SendTabs@CPluginBase@@SIXH_N@Z 10016350 f   ConEmuPluginBase.obj
 0001:00015530       ?CloseTabs@CPluginBase@@SIXXZ 10016530 f   ConEmuPluginBase.obj
 0001:000155b0       ?UpdateConEmuTabs@CPluginBase@@QAE_N_N@Z 100165b0 f   ConEmuPluginBase.obj
 0001:000158b0       ?CheckResources@CPluginBase@@QAEX_N@Z 100168b0 f   ConEmuPluginBase.obj
 0001:00015a20       ?InitResources@CPluginBase@@QAEXXZ 10016a20 f   ConEmuPluginBase.obj
 0001:00015c80       ?CloseMapHeader@CPluginBase@@SIXXZ 10016c80 f   ConEmuPluginBase.obj
 0001:00015cb0       ?OpenMapHeader@CPluginBase@@SIHXZ 10016cb0 f   ConEmuPluginBase.obj
 0001:00015dd0       ?InitRootRegKey@CPluginBase@@IAEXXZ 10016dd0 f   ConEmuPluginBase.obj
 0001:00015ef0       ?SetRootRegKey@CPluginBase@@IAEXPA_W@Z 10016ef0 f   ConEmuPluginBase.obj
 0001:00015ff0       ?LoadPanelTabsFromRegistry@CPluginBase@@IAEXXZ 10016ff0 f   ConEmuPluginBase.obj
 0001:000160f0       ?InitHWND@CPluginBase@@SIXXZ 100170f0 f   ConEmuPluginBase.obj
 0001:00016390       ?CheckConEmuDetached@CPluginBase@@SIXXZ 10017390 f   ConEmuPluginBase.obj
 0001:00016430       ?EmergencyShow@CPluginBase@@KIXXZ 10017430 f   ConEmuPluginBase.obj
 0001:00016490       ?MonitorThreadProcW@CPluginBase@@SGKPAX@Z 10017490 f   ConEmuPluginBase.obj
 0001:00016940       ?OpenPluginCommon@CPluginBase@@QAEPAXHH_N@Z 10017940 f   ConEmuPluginBase.obj
 0001:00016cc0       ?ExitFarCommon@CPluginBase@@QAEX_N@Z 10017cc0 f   ConEmuPluginBase.obj
 0001:00016d10       ?OnMainThreadActivated@CPluginBase@@QAEXXZ 10017d10 f   ConEmuPluginBase.obj
 0001:00016ee0       ?ProcessSetWindowCommand@CPluginBase@@QAEXXZ 10017ee0 f   ConEmuPluginBase.obj
 0001:00017020       ?CommonPluginStartup@CPluginBase@@QAEXXZ 10018020 f   ConEmuPluginBase.obj
 0001:00017140       ?StopThread@CPluginBase@@QAEX_N@Z 10018140 f   ConEmuPluginBase.obj
 0001:000174b0       ??_G?$MFileMapping@UCESERVER_CONSOLE_MAPPING_HDR@@@@QAEPAXI@Z 100184b0 f i ConEmuPluginBase.obj
 0001:000174e0       ?ShutdownPluginStep@CPluginBase@@SIXPB_WHHHH@Z 100184e0 f   ConEmuPluginBase.obj
 0001:00017500       ?ExecuteSynchro@CPluginBase@@QAEXXZ 10018500 f   ConEmuPluginBase.obj
 0001:000175c0       ?WaitPluginActivation@CPluginBase@@SIKKPAPAXHK@Z 100185c0 f   ConEmuPluginBase.obj
 0001:00017720       ?ActivatePlugin@CPluginBase@@QAE_NKPAXK@Z 10018720 f   ConEmuPluginBase.obj
 0001:000179b0       ?cmd_OpenEditorLine@CPluginBase@@QAE_NPAUCESERVER_REQ_FAREDITOR@@@Z 100189b0 f   ConEmuPluginBase.obj
 0001:00017aa0       ?cmd_RedrawFarCall@CPluginBase@@QAE_NAAPAUCESERVER_REQ@@PAPAU2@@Z 10018aa0 f   ConEmuPluginBase.obj
 0001:00017b50       ?cmd_SetWindow@CPluginBase@@QAE_NPAX_N@Z 10018b50 f   ConEmuPluginBase.obj
 0001:00017c10       ?cmd_LeftClickSync@CPluginBase@@QAEXPAX@Z 10018c10 f   ConEmuPluginBase.obj
 0001:00017d40       ?cmd_CloseQSearch@CPluginBase@@QAEXXZ 10018d40 f   ConEmuPluginBase.obj
 0001:00017d80       ?cmd_EMenu@CPluginBase@@QAEXPAX@Z 10018d80 f   ConEmuPluginBase.obj
 0001:00017e50       ?cmd_ExternalCallback@CPluginBase@@QAE_NPAX@Z 10018e50 f   ConEmuPluginBase.obj
 0001:00017ed0       ?cmd_ConSetFont@CPluginBase@@QAEXPAX@Z 10018ed0 f   ConEmuPluginBase.obj
 0001:00017f20       ?cmd_GuiChanged@CPluginBase@@QAEXPAX@Z 10018f20 f   ConEmuPluginBase.obj
 0001:00018000       ?ProcessCommand@CPluginBase@@QAE_NKHPAXPAPAUCESERVER_REQ@@_N@Z 10019000 f   ConEmuPluginBase.obj
 0001:00018530       ?FarSetConsoleSize@CPluginBase@@SI_NFF@Z 10019530 f   ConEmuPluginBase.obj
 0001:00018650       ?ReloadFarInfoApi@CPluginBase@@IAE_NXZ 10019650 f   ConEmuPluginBase.obj
 0001:00018890       ?ReloadFarInfo@CPluginBase@@QAE_N_N@Z 10019890 f   ConEmuPluginBase.obj
 0001:00018b60       ?pcc_Selected@CPluginBase@@SI_NW4PluginMenuCommands@@@Z 10019b60 f   ConEmuPluginBase.obj
 0001:00018bd0       ?pcc_Disabled@CPluginBase@@SI_NW4PluginMenuCommands@@@Z 10019bd0 f   ConEmuPluginBase.obj
 0001:00018c80       ?TouchReadPeekConsoleInputs@CPluginBase@@SIXH@Z 10019c80 f   ConEmuPluginBase.obj
 0001:00018ce0       ?OnConsolePeekReadInput@CPluginBase@@SIX_N@Z 10019ce0 f   ConEmuPluginBase.obj
 0001:00018ee0       ?ActiveServerPID@CESERVER_CONSOLE_MAPPING_HDR@@QBEKXZ 10019ee0 f i ConEmuPluginBase.obj
 0001:00018f20       ?UngetDummyMouseEvent@CPluginBase@@SI_N_NPAUHookCallbackArg@@@Z 10019f20 f   ConEmuPluginBase.obj
 0001:00019150       ??4HANDLE2@@QAEAAU0@PAX@Z  1001a150 f i ConEmuPluginBase.obj
 0001:00019170       ?FillLoadedParm@CPluginBase@@SIXPAUConEmuLoadedArg@@PAUHINSTANCE__@@H@Z 1001a170 f   ConEmuPluginBase.obj
 0001:00019250       ?NotifyConEmuUnloaded@CPluginBase@@SIXXZ 1001a250 f   ConEmuPluginBase.obj
 0001:00019390       ?OnPanelViewCallbacks@CPluginBase@@SI_NPAUHookCallbackArg@@P6GHPAXPAU_INPUT_RECORD@@KPAKPAH@Z5@Z 1001a390 f   ConEmuPluginBase.obj
 0001:00019470       ?OnShellExecuteExW_Except@CPluginBase@@SGXPAUHookCallbackArg@@@Z 1001a470 f   ConEmuPluginBase.obj
 0001:000194b0       ?OnGetNumberOfConsoleInputEventsPost@CPluginBase@@SGXPAUHookCallbackArg@@@Z 1001a4b0 f   ConEmuPluginBase.obj
 0001:000194f0       ?OnConsolePeekInput@CPluginBase@@SGHPAUHookCallbackArg@@@Z 1001a4f0 f   ConEmuPluginBase.obj
 0001:00019570       ?OnConsolePeekInputPost@CPluginBase@@SGXPAUHookCallbackArg@@@Z 1001a570 f   ConEmuPluginBase.obj
 0001:000195b0       ?OnConsoleReadInputWork@CPluginBase@@SIHPAUHookCallbackArg@@@Z 1001a5b0 f   ConEmuPluginBase.obj
 0001:00019650       ?OnConsoleReadInput@CPluginBase@@SGHPAUHookCallbackArg@@@Z 1001a650 f   ConEmuPluginBase.obj
 0001:00019660       ?OnConsoleReadInputPost@CPluginBase@@SGXPAUHookCallbackArg@@@Z 1001a660 f   ConEmuPluginBase.obj
 0001:000198a0       ?OnWriteConsoleOutput@CPluginBase@@SGHPAUHookCallbackArg@@@Z 1001a8a0 f   ConEmuPluginBase.obj
 0001:00019980       ?OnConsoleDetaching@CPluginBase@@SGHPAUHookCallbackArg@@@Z 1001a980 f   ConEmuPluginBase.obj
 0001:00019ab0       ?OnConsoleWasAttached@CPluginBase@@SGXPAUHookCallbackArg@@@Z 1001aab0 f   ConEmuPluginBase.obj
 0001:00019b20       ?OnCurDirChanged@CPluginBase@@SGXXZ 1001ab20 f   ConEmuPluginBase.obj
 0001:00019ba0       ?OnLibraryLoaded@CPluginBase@@SGXPAUHINSTANCE__@@@Z 1001aba0 f   ConEmuPluginBase.obj
 0001:00019c20       ?ToUnicode@CPluginBase@@SIPA_WPBD@Z 1001ac20 f   ConEmuPluginBase.obj
 0001:00019ca0       ?ToOem@CPluginBase@@SIXPB_WPADH@Z 1001aca0 f   ConEmuPluginBase.obj
 0001:00019cf0       ?ToOem@CPluginBase@@SIPADPB_W@Z 1001acf0 f   ConEmuPluginBase.obj
 0001:00019d50       ?ProcessDragFrom@CPluginBase@@QAEXXZ 1001ad50 f   ConEmuPluginBase.obj
 0001:0001a340       ?ProcessDragTo@CPluginBase@@QAEXXZ 1001b340 f   ConEmuPluginBase.obj
 0001:0001a740       ?IsCurrentTabModal@CPluginBase@@QAE_NXZ 1001b740 f   ConEmuPluginBase.obj
 0001:0001a800       ?PrintText@CPluginBase@@QAE_NPB_W@Z 1001b800 f   ConEmuPluginBase.obj
 0001:0001a950       ?Ptr@?$MFileMapping@UCESERVER_CONSOLE_MAPPING_HDR@@@@QAEPAUCESERVER_CONSOLE_MAPPING_HDR@@XZ 1001b950 f i ConEmuPluginBase.obj
 0001:0001a970       ??$wcscpy_c@$0BBE@@@YIHAAY0BBE@_WPB_W@Z 1001b970 f i ConEmuPluginBase.obj
 0001:0001a9a0       ??$wcscat_c@$0BBE@@@YIHAAY0BBE@_WPB_W@Z 1001b9a0 f i ConEmuPluginBase.obj
 0001:0001a9d0       ??$wcscat_c@$0CAE@@@YIHAAY0CAE@_WPB_W@Z 1001b9d0 f i ConEmuPluginBase.obj
 0001:0001aa00       ?EvaluateDefaultFontWidth@@YIHHPB_W@Z 1001ba00 f   EmergencyShow.obj
 0001:0001ab40       ?SetUserFriendlyFont@@YIXPAUHWND__@@HH@Z 1001bb40 f   EmergencyShow.obj
 0001:0001b030       ?CorrectConsolePos@@YIXPAUHWND__@@@Z 1001c030 f   EmergencyShow.obj
 0001:0001b170       ?EmergencyShow@@YIXPAUHWND__@@HH@Z 1001c170 f   EmergencyShow.obj
 0001:0001b2c0       ?IsFileBatch@@YI_NPB_W@Z   1001c2c0 f   Execute.obj
 0001:0001b340       ?GetImageSubsystem@@YI_NPB_WAAK11@Z 1001c340 f   Execute.obj
 0001:0001b660       ?GetImageSubsystem@@YI_NAAK0@Z 1001c660 f   Execute.obj
 0001:0001b710       ?GetImageSubsystem@@YI_NU_PROCESS_INFORMATION@@AAK1@Z 1001c710 f   Execute.obj
 0001:0001b900       ?GetEnclosingSectionHeader@@YIPAU_IMAGE_SECTION_HEADER@@KPAUIMAGE_MAPPING@@@Z 1001c900 f   Execute.obj
 0001:0001b990       ?GetPtrFromRVA@@YIPAXKPAUIMAGE_MAPPING@@@Z 1001c990 f   Execute.obj
 0001:0001b9f0       ?FindImageSubsystem@@YI_NPB_WAAK1PAK@Z 1001c9f0 f   Execute.obj
 0001:0001c3d0       ??0HkFunc@@QAE@XZ          1001d3d0 f   HkFunc.obj
 0001:0001c430       ?Init@HkFunc@@IAE_NXZ      1001d430 f   HkFunc.obj
 0001:0001c4d0       ?SetInternalMode@HkFunc@@QAEXPAUHINSTANCE__@@P6GHXZ@Z 1001d4d0 f   HkFunc.obj
 0001:0001c500       ?OnHooksUnloaded@HkFunc@@QAEXXZ 1001d500 f   HkFunc.obj
 0001:0001c550       ?isConEmuHk@HkFunc@@QAE_NXZ 1001d550 f   HkFunc.obj
 0001:0001c570       ?getLargestConsoleWindowSize@HkFunc@@QAE?AU_COORD@@PAX@Z 1001d570 f   HkFunc.obj
 0001:0001c5f0       ?setConsoleScreenBufferSize@HkFunc@@QAEHPAXU_COORD@@@Z 1001d5f0 f   HkFunc.obj
 0001:0001c660       ?getConsoleWindow@HkFunc@@QAEPAUHWND__@@XZ 1001d660 f   HkFunc.obj
 0001:0001c6b0       ?virtualAlloc@HkFunc@@QAEPAXPAXKKK@Z 1001d6b0 f   HkFunc.obj
 0001:0001c730       ?createProcess@HkFunc@@QAEHPB_WPA_WPAU_SECURITY_ATTRIBUTES@@2HKPAX0PAU_STARTUPINFOW@@PAU_PROCESS_INFORMATION@@@Z 1001d730 f   HkFunc.obj
 0001:0001c7e0       ?HeapInitialize@@YI_NXZ    1001d7e0 f   Memory.obj
 0001:0001c810       ?HeapDeinitialize@@YIXXZ   1001d810 f   Memory.obj
 0001:0001c840       ?xf_malloc@@YAPAXI@Z       1001d840 f   Memory.obj
 0001:0001c870       ?xf_calloc@@YAPAXII@Z      1001d870 f   Memory.obj
 0001:0001c8a0       ?xf_realloc@@YAPAXPAXI@Z   1001d8a0 f   Memory.obj
 0001:0001c8e0       ?xf_free@@YAXPAX@Z         1001d8e0 f   Memory.obj
 0001:0001c910       ?xf_validate@@YA_NPAX@Z    1001d910 f   Memory.obj
 0001:0001c940       ??2@YAPAXI@Z               1001d940 f   Memory.obj
 0001:0001c960       ??_U@YAPAXI@Z              1001d960 f   Memory.obj
 0001:0001c980       ??3@YAXPAX@Z               1001d980 f   Memory.obj
 0001:0001c9a0       ??_V@YAXPAX@Z              1001d9a0 f   Memory.obj
 0001:0001c9c0       ?lstrdup@@YIPADPBD@Z       1001d9c0 f   Memory.obj
 0001:0001ca30       ?StringCchCopyA@@YGJPADIPBD@Z 1001da30 f i Memory.obj
 0001:0001cb50       ?lstrdup@@YIPA_WPB_WI@Z    1001db50 f   Memory.obj
 0001:0001ccb0       ?lstrdupW@@YIPA_WPBDI@Z    1001dcb0 f   Memory.obj
 0001:0001cd30       ?lstrmerge@@YIPA_WPB_W0000@Z 1001dd30 f   Memory.obj
 0001:0001ce60       ?lstrmerge@@YI_NPAPA_WPB_W111@Z 1001de60 f   Memory.obj
 0001:0001cec0       ?GetStartupMonitor@@YIPAUHMONITOR__@@XZ 1001dec0 f   Monitors.obj
 0001:0001cfd0       ?MonitorFromParam@@YIPAUHMONITOR__@@PB_W@Z 1001dfd0 f   Monitors.obj
 0001:0001d190       ?FindMonitorsWorkspace@@YGHPAUHMONITOR__@@PAUHDC__@@PAUtagRECT@@J@Z 1001e190 f   Monitors.obj
 0001:0001d210       ?GetAllMonitorsWorkspace@@YI?AUtagRECT@@XZ 1001e210 f   Monitors.obj
 0001:0001d290       ?FindPrimaryMonitor@@YGHPAUHMONITOR__@@PAUHDC__@@PAUtagRECT@@J@Z 1001e290 f   Monitors.obj
 0001:0001d310       ?GetMonitorInfoSafe@@YI_NPAUHMONITOR__@@AAUtagMONITORINFO@@@Z 1001e310 f   Monitors.obj
 0001:0001d360       ?GetPrimaryMonitorInfo@@YIPAUHMONITOR__@@PAUtagMONITORINFO@@@Z 1001e360 f   Monitors.obj
 0001:0001d410       ?GetNearestMonitorInfo@@YIPAUHMONITOR__@@PAUtagMONITORINFO@@PAU1@PBUtagRECT@@PAUHWND__@@@Z 1001e410 f   Monitors.obj
 0001:0001d500       ?EnumAllMonitors@@YGHPAUHMONITOR__@@PAUHDC__@@PAUtagRECT@@J@Z 1001e500 f   Monitors.obj
 0001:0001d570       ?MonitorSortCallback@@YIHAAU_FindAllMonitorsItem@@0@Z 1001e570 f   Monitors.obj
 0001:0001d5e0       ?GetNextMonitorInfo@@YIPAUHMONITOR__@@PAUtagMONITORINFO@@PBUtagRECT@@_N@Z 1001e5e0 f   Monitors.obj
 0001:0001d7b0       ??0_FindAllMonitors@@QAE@XZ 1001e7b0 f i Monitors.obj
 0001:0001d7d0       ??1_FindAllMonitors@@QAE@XZ 1001e7d0 f i Monitors.obj
 0001:0001d7f0       ?FindTaskbarWindow@@YIPAUHWND__@@PAUtagRECT@@@Z 1001e7f0 f   Monitors.obj
 0001:0001d860       ?IsTaskbarAutoHidden@@YI_NPAUtagRECT@@PAI@Z 1001e860 f   Monitors.obj
 0001:0001d920       ??0?$MArray@U_FindAllMonitorsItem@@@@QAE@XZ 1001e920 f i Monitors.obj
 0001:0001d960       ??1?$MArray@U_FindAllMonitorsItem@@@@QAE@XZ 1001e960 f i Monitors.obj
 0001:0001d980       ??A?$MArray@U_FindAllMonitorsItem@@@@QAEAAU_FindAllMonitorsItem@@H@Z 1001e980 f i Monitors.obj
 0001:0001d9a0       ?push_back@?$MArray@U_FindAllMonitorsItem@@@@QAEHABU_FindAllMonitorsItem@@@Z 1001e9a0 f i Monitors.obj
 0001:0001da30       ?size@?$MArray@U_FindAllMonitorsItem@@@@QBEHXZ 1001ea30 f i Monitors.obj
 0001:0001da50       ?sort@?$MArray@U_FindAllMonitorsItem@@@@QAEXP6IHAAU_FindAllMonitorsItem@@0@Z@Z 1001ea50 f i Monitors.obj
 0001:0001db40       ?clear@?$MArray@U_FindAllMonitorsItem@@@@QAEXXZ 1001eb40 f i Monitors.obj
 0001:0001db90       ?addsize@?$MArray@U_FindAllMonitorsItem@@@@QAEXH@Z 1001eb90 f i Monitors.obj
 0001:0001dc80       ??0MSection@@QAE@XZ        1001ec80 f   MSection.obj
 0001:0001dd30       ??1MSection@@QAE@XZ        1001ed30 f   MSection.obj
 0001:0001ddd0       ?Process_Lock@MSection@@IAEXXZ 1001edd0 f   MSection.obj
 0001:0001ddf0       ?Process_Unlock@MSection@@IAEXXZ 1001edf0 f   MSection.obj
 0001:0001de10       ?ThreadTerminated@MSection@@QAEXK@Z 1001ee10 f   MSection.obj
 0001:0001de60       ?AddRef@MSection@@IAEXK@Z  1001ee60 f   MSection.obj
 0001:0001df50       ?ReleaseRef@MSection@@IAEHK@Z 1001ef50 f   MSection.obj
 0001:0001e020       ?WaitUnlocked@MSection@@IAEXKK@Z 1001f020 f   MSection.obj
 0001:0001e0c0       ?MyEnterCriticalSection@MSection@@IAE_NK@Z 1001f0c0 f   MSection.obj
 0001:0001e230       ?Lock@MSection@@IAEHHK@Z   1001f230 f   MSection.obj
 0001:0001e380       ?Unlock@MSection@@IAEXH@Z  1001f380 f   MSection.obj
 0001:0001e3f0       ?isLockedExclusive@MSection@@QAE_NXZ 1001f3f0 f   MSection.obj
 0001:0001e440       ??0MSectionThread@@QAE@PAVMSection@@@Z 1001f440 f   MSection.obj
 0001:0001e470       ??1MSectionThread@@QAE@XZ  1001f470 f   MSection.obj
 0001:0001e4a0       ??0MSectionLock@@QAE@XZ    1001f4a0 f   MSection.obj
 0001:0001e4d0       ??1MSectionLock@@QAE@XZ    1001f4d0 f   MSection.obj
 0001:0001e500       ?Lock@MSectionLock@@QAEHPAVMSection@@HK@Z 1001f500 f   MSection.obj
 0001:0001e580       ?RelockExclusive@MSectionLock@@QAEHK@Z 1001f580 f   MSection.obj
 0001:0001e5f0       ?Unlock@MSectionLock@@QAEXXZ 1001f5f0 f   MSection.obj
 0001:0001e630       ?isLocked@MSectionLock@@QAEHH@Z 1001f630 f   MSection.obj
 0001:0001e680       ??0MSectionSimple@@QAE@_N@Z 1001f680 f   MSectionSimple.obj
 0001:0001e6d0       ??1MSectionSimple@@QAE@XZ  1001f6d0 f   MSectionSimple.obj
 0001:0001e6f0       ?IsInitialized@MSectionSimple@@QAE_NXZ 1001f6f0 f   MSectionSimple.obj
 0001:0001e730       ?Init@MSectionSimple@@QAEXXZ 1001f730 f   MSectionSimple.obj
 0001:0001e760       ?Close@MSectionSimple@@QAEXXZ 1001f760 f   MSectionSimple.obj
 0001:0001e790       ?Enter@MSectionSimple@@QAEXXZ 1001f790 f   MSectionSimple.obj
 0001:0001e7b0       ?Leave@MSectionSimple@@QAEXXZ 1001f7b0 f   MSectionSimple.obj
 0001:0001e7d0       ?TryEnter@MSectionSimple@@QAE_NXZ 1001f7d0 f   MSectionSimple.obj
 0001:0001e810       ?RecreateAndLock@MSectionSimple@@QAE_NXZ 1001f810 f   MSectionSimple.obj
 0001:0001e8a0       ??0MSectionLockSimple@@QAE@XZ 1001f8a0 f   MSectionSimple.obj
 0001:0001e8c0       ??1MSectionLockSimple@@QAE@XZ 1001f8c0 f   MSectionSimple.obj
 0001:0001e8e0       ?Lock@MSectionLockSimple@@QAEHPAUMSectionSimple@@K@Z 1001f8e0 f   MSectionSimple.obj
 0001:0001e990       ?Unlock@MSectionLockSimple@@QAEXXZ 1001f990 f   MSectionSimple.obj
 0001:0001e9c0       ?isLocked@MSectionLockSimple@@QAEHXZ 1001f9c0 f   MSectionSimple.obj
 0001:0001e9e0       ?NullSecurity@@YIPAU_SECURITY_ATTRIBUTES@@XZ 1001f9e0 f   MSecurity.obj
 0001:0001ea30       ??0MNullDesc@@QAE@XZ       1001fa30 f i MSecurity.obj
 0001:0001ea90       ?NullSecurity@MNullDesc@@QAEPAU_SECURITY_ATTRIBUTES@@XZ 1001fa90 f i MSecurity.obj
 0001:0001eb90       ?LoadAdvApi@MNullDesc@@IAEHXZ 1001fb90 f i MSecurity.obj
 0001:0001ede0       ?UnloadAdvApi@MNullDesc@@IAEXXZ 1001fde0 f i MSecurity.obj
 0001:0001ee10       ?LocalSecurity@@YIPAU_SECURITY_ATTRIBUTES@@XZ 1001fe10 f   MSecurity.obj
 0001:0001ee60       ?LocalSecurity@MNullDesc@@QAEPAU_SECURITY_ATTRIBUTES@@XZ 1001fe60 f i MSecurity.obj
 0001:0001f080       ?ShutdownSecurity@@YIXXZ   10020080 f   MSecurity.obj
 0001:0001f0d0       ??_GMNullDesc@@QAEPAXI@Z   100200d0 f i MSecurity.obj
 0001:0001f100       ??1MNullDesc@@QAE@XZ       10020100 f i MSecurity.obj
 0001:0001f180       ??0MSetter@@QAE@PAJ@Z      10020180 f   MSetter.obj
 0001:0001f1c0       ??0MSetter@@QAE@PA_N@Z     100201c0 f   MSetter.obj
 0001:0001f200       ??0MSetter@@QAE@PAKK@Z     10020200 f   MSetter.obj
 0001:0001f240       ??1MSetter@@QAE@XZ         10020240 f   MSetter.obj
 0001:0001f260       ?Unlock@MSetter@@QAEXXZ    10020260 f   MSetter.obj
 0001:0001f2f0       ?msprintf@@YAPB_WPA_WIPB_WZZ 100202f0 f   MStrSafe.obj
 0001:0001f910       ?msprintf@@YAPBDPADIPBDZZ  10020910 f   MStrSafe.obj
 0001:0001fd70       ?lstrcmpni@@YIHPBD0H@Z     10020d70 f   MStrSafe.obj
 0001:0001fea0       ?lstrcmpni@@YIHPB_W0H@Z    10020ea0 f   MStrSafe.obj
 0001:00020000       ?startswith@@YIHPB_W0_N@Z  10021000 f   MStrSafe.obj
 0001:00020090       ??0CPluginBackground@@QAE@XZ 10021090 f   PluginBackground.obj
 0001:000202d0       ??1CPluginBackground@@QAE@XZ 100212d0 f   PluginBackground.obj
 0001:00020520       ?RegisterSubplugin@CPluginBackground@@QAEHPAURegisterBackgroundArg@@@Z 10021520 f   PluginBackground.obj
 0001:000208d0       ?ReallocItems@CPluginBackground@@IAEXH@Z 100218d0 f   PluginBackground.obj
 0001:00020950       ?OnMainThreadActivated@CPluginBackground@@QAEXHH@Z 10021950 f   PluginBackground.obj
 0001:00020a70       ?SetForceCheck@CPluginBackground@@QAEXXZ 10021a70 f   PluginBackground.obj
 0001:00020aa0       ?SetForceUpdate@CPluginBackground@@QAEX_N@Z 10021aa0 f   PluginBackground.obj
 0001:00020ae0       ?SetForceThLoad@CPluginBackground@@QAEXXZ 10021ae0 f   PluginBackground.obj
 0001:00020b20       ?IsParmChanged@CPluginBackground@@IAE_NPAUPaintBackgroundArg@@0@Z 10021b20 f   PluginBackground.obj
 0001:00020e00       ?CheckPanelFolders@CPluginBackground@@IAEXH@Z 10021e00 f   PluginBackground.obj
 0001:00020f00       ?SetDcPanelRect@CPluginBackground@@IAEXPAUtagRECT@@PAUBkPanelInfo@@PAUPaintBackgroundArg@@@Z 10021f00 f   PluginBackground.obj
 0001:00021040       ?UpdateBackground_Exec@CPluginBackground@@KIXPAURegisterBackgroundArg@@PAUPaintBackgroundArg@@@Z 10022040 f   PluginBackground.obj
 0001:00021090       ?UpdateBackground@CPluginBackground@@IAEXXZ 10022090 f   PluginBackground.obj
 0001:00021f00       ?LoadThSet@CPluginBackground@@IAEHH@Z 10022f00 f   PluginBackground.obj
 0001:00022120       ?MonitorBackground@CPluginBackground@@QAEXXZ 10023120 f   PluginBackground.obj
 0001:000221d0       ?GetTo@?$MFileMapping@UPanelViewSetMapping@@@@QAE_NPAUPanelViewSetMapping@@H@Z 100231d0 f i PluginBackground.obj
 0001:00022220       ?InitName@?$MFileMapping@UPanelViewSetMapping@@@@QAEPB_WPB_WKK@Z 10023220 f i PluginBackground.obj
 0001:00022270       ?CloseMap@?$MFileMapping@UPanelViewSetMapping@@@@QAEXXZ 10023270 f i PluginBackground.obj
 0001:000222e0       ?Open@?$MFileMapping@UPanelViewSetMapping@@@@QAEPAUPanelViewSetMapping@@HH@Z 100232e0 f i PluginBackground.obj
 0001:00022300       ??0?$MFileMapping@UPanelViewSetMapping@@@@QAE@XZ 10023300 f i PluginBackground.obj
 0001:00022360       ??1?$MFileMapping@UPanelViewSetMapping@@@@QAE@XZ 10023360 f i PluginBackground.obj
 0001:00022380       ?IsValid@?$MFileMapping@UPanelViewSetMapping@@@@QAE_NXZ 10023380 f i PluginBackground.obj
 0001:000223a0       ?ClosePtr@?$MFileMapping@UPanelViewSetMapping@@@@QAEXXZ 100233a0 f i PluginBackground.obj
 0001:000223d0       ?InternalOpenCreate@?$MFileMapping@UPanelViewSetMapping@@@@IAEPAUPanelViewSetMapping@@HHH@Z 100233d0 f i PluginBackground.obj
 0001:00022690       ?PlugServerInit@@YIXXZ     10023690 f   PluginSrv.obj
 0001:000226a0       ?PlugServerStart@@YI_NXZ   100236a0 f   PluginSrv.obj
 0001:00022790       ?PlugServerStop@@YIX_N@Z   10023790 f   PluginSrv.obj
 0001:000227f0       ?cmd_FarSetChanged@@YIXPAUFAR_REQ_FARSETCHANGED@@@Z 100237f0 f   PluginSrv.obj
 0001:00022860       ?PlugServerCommand@@YGHPAXPAUCESERVER_REQ@@AAPAU1@AAK3J@Z 10023860 f   PluginSrv.obj
 0001:00022f70       ?PlugServerFree@@YGXPAUCESERVER_REQ@@J@Z 10023f70 f   PluginSrv.obj
 0001:00022f80       ?SetOverlapped@?$PipeServer@UCESERVER_REQ@@@@QAEX_N@Z 10023f80 f i PluginSrv.obj
 0001:00022fa0       ?SetLoopCommands@?$PipeServer@UCESERVER_REQ@@@@QAEX_N@Z 10023fa0 f i PluginSrv.obj
 0001:00022fc0       ?SetDummyAnswerSize@?$PipeServer@UCESERVER_REQ@@@@QAEXH@Z 10023fc0 f i PluginSrv.obj
 0001:00022fe0       ?SetMaxCount@?$PipeServer@UCESERVER_REQ@@@@QAEXH@Z 10023fe0 f i PluginSrv.obj
 0001:00023020       ?StartPipeServer@?$PipeServer@UCESERVER_REQ@@@@QAE_N_NPB_WJPAU_SECURITY_ATTRIBUTES@@P6GHPAXPAUCESERVER_REQ@@AAPAU3@AAK6J@ZP6GX4J@ZP6GH3J@Z99@Z 10024020 f i PluginSrv.obj
 0001:00023200       ?StopPipeServer@?$PipeServer@UCESERVER_REQ@@@@QAEX_NAA_N@Z 10024200 f i PluginSrv.obj
 0001:000238b0       ?BreakConnection@?$PipeServer@UCESERVER_REQ@@@@QAEXPAX@Z 100248b0 f i PluginSrv.obj
 0001:000238d0       ?DumpError@?$PipeServer@UCESERVER_REQ@@@@IAEXPAUPipeInst@1@PB_WH@Z 100248d0 f i PluginSrv.obj
 0001:000239c0       ?_Disconnect@?$PipeServer@UCESERVER_REQ@@@@IAEXPAUPipeInst@1@_N11@Z 100249c0 f i PluginSrv.obj
 0001:00023a40       ?StartPipeInstance@?$PipeServer@UCESERVER_REQ@@@@IAE_NPAUPipeInst@1@@Z 10024a40 f i PluginSrv.obj
 0001:00023bc0       ?TerminatePipeThread@?$PipeServer@UCESERVER_REQ@@@@KIXAAPAXABUPipeInst@1@AA_N@Z 10024bc0 f i PluginSrv.obj
 0001:00023c50       ?_PipeServerThread@?$PipeServer@UCESERVER_REQ@@@@KGKPAX@Z 10024c50 f i PluginSrv.obj
 0001:00023cc0       ?PipeServerThread@?$PipeServer@UCESERVER_REQ@@@@IAEKPAUPipeInst@1@@Z 10024cc0 f i PluginSrv.obj
 0001:00024050       ?PipeServerRead@?$PipeServer@UCESERVER_REQ@@@@IAEHPAUPipeInst@1@@Z 10025050 f i PluginSrv.obj
 0001:000243e0       ?PipeServerWrite@?$PipeServer@UCESERVER_REQ@@@@IAEHPAUPipeInst@1@PBXKPAKH@Z 100253e0 f i PluginSrv.obj
 0001:00024580       ?WaitForClient@?$PipeServer@UCESERVER_REQ@@@@IAE_NPAUPipeInst@1@AAH1@Z 10025580 f i PluginSrv.obj
 0001:00024960       ?WriteDummyAnswer@?$PipeServer@UCESERVER_REQ@@@@IAEHPAUPipeInst@1@@Z 10025960 f i PluginSrv.obj
 0001:000249e0       ?WaitOverlapped@?$PipeServer@UCESERVER_REQ@@@@IAEHPAUPipeInst@1@PAK@Z 100259e0 f i PluginSrv.obj
 0001:00024c10       ?AllocRequestBuf@PipeInst@?$PipeServer@UCESERVER_REQ@@@@QAEPAUCESERVER_REQ@@K@Z 10025c10 f i PluginSrv.obj
 0001:00024c90       ??$wcscpy_c@$0BAE@@@YIHAAY0BAE@_WPB_W@Z 10025c90 f i PluginSrv.obj
 0001:00024da0       ?SetConEmuEnvHWND@@YIXPB_WPAUHWND__@@@Z 10025da0 f   SetEnvVar.obj
 0001:00024df0       ?SetConEmuEnvVar@@YIXPAUHWND__@@@Z 10025df0 f   SetEnvVar.obj
 0001:00024e60       ?SetConEmuEnvVarChild@@YIXPAUHWND__@@0@Z 10025e60 f   SetEnvVar.obj
 0001:00024ea0       ?SetConEmuWorkEnvVar@@YIXPAUHINSTANCE__@@@Z 10025ea0 f   SetEnvVar.obj
 0001:00025020       ??0CEnvStrings@@QAE@PA_W@Z 10026020 f   SetEnvVar.obj
 0001:000250b0       ??1CEnvStrings@@QAE@XZ     100260b0 f   SetEnvVar.obj
 0001:000250e0       ?ShutdownConsole@@YGXXZ    100260e0 f   WConsole.obj
 0001:00025130       ?SetConsoleInfo@@YIHPAUHWND__@@PAU_CONSOLE_INFO@@@Z 10026130 f   WConsole.obj
 0001:00025410       ?GetConsoleSizeInfo@@YIXPAU_CONSOLE_INFO@@@Z 10026410 f   WConsole.obj
 0001:000254c0       ?apiGetConsoleScreenBufferInfoEx@@YIHPAXPAUMY_CONSOLE_SCREEN_BUFFER_INFOEX@@@Z 100264c0 f   WConsole.obj
 0001:00025530       ?apiSetConsoleScreenBufferInfoEx@@YIHPAXPAUMY_CONSOLE_SCREEN_BUFFER_INFOEX@@@Z 10026530 f   WConsole.obj
 0001:000255c0       ?apiGetCurrentConsoleFontEx@@YIHPAXHPAUMY_CONSOLE_FONT_INFOEX@@@Z 100265c0 f   WConsole.obj
 0001:00025640       ?apiSetCurrentConsoleFontEx@@YIHPAXHPAUMY_CONSOLE_FONT_INFOEX@@@Z 10026640 f   WConsole.obj
 0001:000256c0       ?apiInitConsoleFontSize@@YIHPAX@Z 100266c0 f   WConsole.obj
 0001:00025740       ?apiGetConsoleFontSize@@YIHPAXAAH1AAY0CA@_W@Z 10026740 f   WConsole.obj
 0001:000257e0       ?apiSetConsoleFontSize@@YIHPAXHHPB_W@Z 100267e0 f   WConsole.obj
 0001:00025910       ?apiFixFontSizeForBufferSize@@YIHPAXU_COORD@@PADH@Z 10026910 f   WConsole.obj
 0001:00025e20       ?SetConsoleFontSizeTo@@YIXPAUHWND__@@HHPB_WGG@Z 10026e20 f   WConsole.obj
 0001:000262b0       ?apiPauseConsoleOutput@@YIHPAUHWND__@@_N@Z 100272b0 f   WConsole.obj
 0001:00026390       ?apiGetConsoleSelectionInfo@@YIHPAU_CONSOLE_SELECTION_INFO@@@Z 10027390 f   WConsole.obj
 0001:00026480       ?MyGetLargestConsoleWindowSize@@YI?AU_COORD@@PAX@Z 10027480 f   WConsole.obj
 0001:00026500       ?SearchAppPaths@@YI_NPB_WAAUCmdArg@@_NPAU1@@Z 10027500 f   WFiles.obj
 0001:00026a30       ?GetFullPathNameEx@@YIPA_WPB_W@Z 10027a30 f   WFiles.obj
 0001:00026b10       ?FindFileName@@YI_NPB_WAAUCmdArg@@@Z 10027b10 f   WFiles.obj
 0001:00026d00       ?MakePathProperCase@@YI_NAAUCmdArg@@@Z 10027d00 f   WFiles.obj
 0001:00026f30       ?ReadTextFile@@YIHPB_WKAAPA_WAAK2K@Z 10027f30 f   WFiles.obj
 0001:00027360       ?WriteTextFile@@YIHPB_W0HK_NPAK@Z 10028360 f   WFiles.obj
 0001:000275e0       ?FilesExists@@YI_NPB_W0_NH@Z 100285e0 f   WFiles.obj
 0001:00027720       ?IsDotsName@@YI_NPB_W@Z    10028720 f   WFiles.obj
 0001:00027780       ?FileExistSubDir@@YI_NPB_W0HAAUCmdArg@@@Z 10028780 f   WFiles.obj
 0001:00027980       ?DirectoryExists@@YI_NPB_W@Z 10028980 f   WFiles.obj
 0001:00027ae0       ?MyCreateDirectory@@YI_NPA_W@Z 10028ae0 f   WFiles.obj
 0001:00027bf0       ?FileCompare@@YI_NPB_W0@Z  10028bf0 f   WFiles.obj
 0001:00027e10       ?apiCancelSynchronousIo@@YIHPAX@Z 10028e10 f   WFiles.obj
 0001:00027ea0       ?HasZoneIdentifier@@YI_NPB_WAAH@Z 10028ea0 f   WFiles.obj
 0001:00027f60       ?DropZoneIdentifier@@YI_NPB_WAAK@Z 10028f60 f   WFiles.obj
 0001:00028010       ?getWindowInfo@@YIXPAUHWND__@@AAY0EAA@_W_NPAK@Z 10029010 f   WObjects.obj
 0001:000281d0       ?FileExists@@YI_NPB_WPAK@Z 100291d0 f   WObjects.obj
 0001:000283b0       ?FileSearchInDir@@YI_NPB_WAAUCmdArg@@@Z 100293b0 f   WObjects.obj
 0001:00028570       ?FileExistsSearch@@YI_NPB_WAAUCmdArg@@_N2@Z 10029570 f   WObjects.obj
 0001:00028680       ?GetShortFileName@@YI_NPB_WHPA_WH@Z 10029680 f   WObjects.obj
 0001:00028890       ?GetShortFileNameEx@@YIPA_WPB_WH@Z 10029890 f   WObjects.obj
 0001:00028cc0       ?IsWine@@YI_NXZ            10029cc0 f   WObjects.obj
 0001:00028de0       ?IsWinPE@@YI_NXZ           10029de0 f   WObjects.obj
 0001:00028e50       ?GetOsVersionInformational@@YI_NPAU_OSVERSIONINFOW@@@Z 10029e50 f   WObjects.obj
 0001:00028e80       ?IsWinVerOrHigher@@YI_NG@Z 10029e80 f   WObjects.obj
 0001:00028f30       ?IsWinVerEqual@@YI_NG@Z    10029f30 f   WObjects.obj
 0001:00028fe0       ?IsWin2kEql@@YI_NXZ        10029fe0 f   WObjects.obj
 0001:00029020       ?IsWin5family@@YI_NXZ      1002a020 f   WObjects.obj
 0001:000290b0       ?IsWinXPSP1@@YI_NXZ        1002a0b0 f   WObjects.obj
 0001:00029170       ?IsWin6@@YI_NXZ            1002a170 f   WObjects.obj
 0001:000291b0       ?IsWin7@@YI_NXZ            1002a1b0 f   WObjects.obj
 0001:000291f0       ?IsWin8@@YI_NXZ            1002a1f0 f   WObjects.obj
 0001:00029230       ?IsWin8_1@@YI_NXZ          1002a230 f   WObjects.obj
 0001:00029270       ?IsWin10@@YI_NXZ           1002a270 f   WObjects.obj
 0001:00029310       ?IsDbcs@@YI_NXZ            1002a310 f   WObjects.obj
 0001:00029330       ?IsWindows64@@YI_NXZ       1002a330 f   WObjects.obj
 0001:000293c0       ?IsHwFullScreenAvailable@@YI_NXZ 1002a3c0 f   WObjects.obj
 0001:00029460       ?IsVsNetHostExe@@YI_NPB_W@Z 1002a460 f   WObjects.obj
 0001:000294e0       ?IsGDB@@YI_NPB_W@Z         1002a4e0 f   WObjects.obj
 0001:00029530       ?GetProcessBits@@YIHKPAX@Z 1002a530 f   WObjects.obj
 0001:00029650       ?GetProcessInfo@@YI_NKPAUtagPROCESSENTRY32W@@@Z 1002a650 f   WObjects.obj
 0001:00029740       ?isTerminalMode@@YI_NXZ    1002a740 f   WObjects.obj
 0001:00029a60       ?IsModuleValid@@YI_NPAUHINSTANCE__@@H@Z 1002aa60 f   WObjects.obj
 0001:00029ba0       ?CheckCallbackPtr@@YI_NPAUHINSTANCE__@@IPAP6GHXZHHH@Z 1002aba0 f   WObjects.obj
 0001:00029cf0       ?ExpandMacroValues@@YIPA_WPB_WPAPB_WI@Z 1002acf0 f   WObjects.obj
 0001:00029eb0       ?ExpandEnvStr@@YIPA_WPB_W@Z 1002aeb0 f   WObjects.obj
 0001:00029f90       ?GetEnvVar@@YIPA_WPB_W@Z   1002af90 f   WObjects.obj
 0001:0002a060       ?GetComspecFromEnvVar@@YIPB_WPA_WKW4ComSpecBits@@@Z 1002b060 f   WObjects.obj
 0001:0002a2e0       ?GetComspec@@YIPA_WPBUConEmuComspec@@@Z 1002b2e0 f   WObjects.obj
 0001:0002a520       ?IsExportEnvVarAllowed@@YI_NPB_W@Z 1002b520 f   WObjects.obj
 0001:0002a590       ?ApplyExportEnvVar@@YIXPB_W@Z 1002b590 f   WObjects.obj
 0001:0002a610       ?CoordInSmallRect@@YI_NABU_COORD@@ABU_SMALL_RECT@@@Z 1002b610 f   WObjects.obj
 0001:0002a680       ?GetCpFromString@@YIIPB_WPAPB_W@Z 1002b680 f   WObjects.obj
 0001:0002a7f0       ??$wcscpy_c@$0EAA@@@YIHAAY0EAA@_WPB_W@Z 1002b7f0 f i WObjects.obj
 0001:0002a820       ??$wcscpy_c@$0BAA@@@YIHAAY0BAA@_WPB_W@Z 1002b820 f i WObjects.obj
 0001:0002a850       ?apiThreadHelper@@YGKPAX@Z 1002b850 f   WThreads.obj
 0001:0002a9d0       ?apiCreateThread@@YIPAXP6GKPAX@Z0PAKPBDH@Z 1002b9d0 f   WThreads.obj
 0001:0002ab40       ??0ConEmuThreadStartArg@@QAE@P6GKPAX@Z0K@Z 1002bb40 f i WThreads.obj
 0001:0002ab80       ?apiTerminateThreadEx@@YIHPAXKPBDH@Z 1002bb80 f   WThreads.obj
 0001:0002ac90       ?SetThreadName@@YIXKPAD@Z  1002bc90 f   WThreads.obj
 0001:0002ad20       ?apiSetForegroundWindow@@YI_NPAUHWND__@@@Z 1002bd20 f   WUser.obj
 0001:0002ad50       ?apiShowWindow@@YI_NPAUHWND__@@H@Z 1002bd50 f   WUser.obj
 0001:0002ad80       ?apiShowWindowAsync@@YI_NPAUHWND__@@H@Z 1002bd80 f   WUser.obj
 0001:0002adb0       ?IsUserAdmin@@YI_NXZ       1002bdb0 f   WUser.obj
 0001:0002aea0       ?GetLogonSID@@YI_NPAXPAPA_W@Z 1002bea0 f   WUser.obj
 0001:0002afc0       ?RemoveOldComSpecC@@YIXXZ  1002bfc0 f   WUser.obj
 0001:0002b0f0       ?DuplicateProcessHandle@@YIPAXK@Z 1002c0f0 f   WUser.obj
 0001:0002b160       ?FindComspec@@YIXPAUConEmuComspec@@_N@Z 1002c160 f   WUser.obj
 0001:0002bb30       ?UpdateComspec@@YIXPAUConEmuComspec@@_N@Z 1002cb30 f   WUser.obj
 0001:0002be70       ?SetEnvVarExpanded@@YIXPB_W0@Z 1002ce70 f   WUser.obj
 0001:0002c050       _wcsrchr                   1002d050 f   libCRT:strrchr.obj
 0001:0002c080       _wcschr                    1002d080 f   libCRT:strchr.obj
 0001:0002c0b0       _strpbrk                   1002d0b0 f   libCRT:strpbrk.obj
 0001:0002c140       _wcspbrk                   1002d140 f   libCRT:strpbrk.obj
 0001:0002c190       _wcsncmp                   1002d190 f   libCRT:strncmp.obj
 0001:0002c1e0       _strrchr                   1002d1e0 f   libCRT:strrchr.obj
 0001:0002c210       _wcsstr                    1002d210 f   libCRT:strstr.obj
 0001:0002c270       _memset                    1002d270 f   libCRT:memset.obj
 0001:0002c2b0       _memmove                   1002d2b0 f   libCRT:memmove.obj
 0001:0002c310       __aullshr                  1002d310 f   libCRT:vc_ullshr.obj
 0001:0002c330       _memcpy                    1002d330 f   libCRT:memcpy.obj
 0001:0002c360       _memcmp                    1002d360 f   libCRT:memcmp.obj
 0001:0002c3a0       _iswdigit                  1002d3a0 f i libCRT:strtol.obj
 0001:0002c3c0       _iswspace                  1002d3c0 f i libCRT:strtol.obj
 0001:0002c580       _wcstol                    1002d580 f   libCRT:strtol.obj
 0001:0002c5a0       _wcstoul                   1002d5a0 f   libCRT:strtol.obj
 0001:0002c5c0       _strchr                    1002d5c0 f   libCRT:strchr.obj
 0001:0002c5d6       _SetEnvironmentVariableW@8 1002d5d6 f   kernel32:KERNEL32.dll
 0001:0002c5dc       _lstrlenW@4                1002d5dc f   kernel32:KERNEL32.dll
 0001:0002c5e2       _lstrcpynW@12              1002d5e2 f   kernel32:KERNEL32.dll
 0001:0002c5e8       _lstrcmpiW@8               1002d5e8 f   kernel32:KERNEL32.dll
 0001:0002c5ee       _lstrcmpW@8                1002d5ee f   kernel32:KERNEL32.dll
 0001:0002c5f4       _GetCurrentDirectoryW@8    1002d5f4 f   kernel32:KERNEL32.dll
 0001:0002c5fa       _SearchPathW@24            1002d5fa f   kernel32:KERNEL32.dll
 0001:0002c600       _GetProcAddress@8          1002d600 f   kernel32:KERNEL32.dll
 0001:0002c606       _GetModuleHandleW@4        1002d606 f   kernel32:KERNEL32.dll
 0001:0002c60c       _GetModuleFileNameW@12     1002d60c f   kernel32:KERNEL32.dll
 0001:0002c612       _SetNamedPipeHandleState@16 1002d612 f   kernel32:KERNEL32.dll
 0001:0002c618       _GetCurrentProcessId@0     1002d618 f   kernel32:KERNEL32.dll
 0001:0002c61e       _Sleep@4                   1002d61e f   kernel32:KERNEL32.dll
 0001:0002c624       _SetLastError@4            1002d624 f   kernel32:KERNEL32.dll
 0001:0002c62a       _WaitNamedPipeW@8          1002d62a f   kernel32:KERNEL32.dll
 0001:0002c630       _WaitForSingleObject@8     1002d630 f   kernel32:KERNEL32.dll
 0001:0002c636       _GetLastError@0            1002d636 f   kernel32:KERNEL32.dll
 0001:0002c63c       _CreateFileW@28            1002d63c f   kernel32:KERNEL32.dll
 0001:0002c642       _GetTickCount@0            1002d642 f   kernel32:KERNEL32.dll
 0001:0002c648       _IsDebuggerPresent@0       1002d648 f   kernel32:KERNEL32.dll
 0001:0002c64e       _GetCurrentThreadId@0      1002d64e f   kernel32:KERNEL32.dll
 0001:0002c654       _ReadFile@20               1002d654 f   kernel32:KERNEL32.dll
 0001:0002c65a       _CloseHandle@4             1002d65a f   kernel32:KERNEL32.dll
 0001:0002c660       _TransactNamedPipe@28      1002d660 f   kernel32:KERNEL32.dll
 0001:0002c666       _WriteFile@20              1002d666 f   kernel32:KERNEL32.dll
 0001:0002c66c       _GetConsoleWindow@0        1002d66c f   kernel32:KERNEL32.dll
 0001:0002c672       _UnmapViewOfFile@4         1002d672 f   kernel32:KERNEL32.dll
 0001:0002c678       _MapViewOfFile@20          1002d678 f   kernel32:KERNEL32.dll
 0001:0002c67e       _OpenFileMappingW@12       1002d67e f   kernel32:KERNEL32.dll
 0001:0002c684       _LoadLibraryW@4            1002d684 f   kernel32:KERNEL32.dll
 0001:0002c68a       _CreateFileMappingW@24     1002d68a f   kernel32:KERNEL32.dll
 0001:0002c690       _VirtualProtect@16         1002d690 f   kernel32:KERNEL32.dll
 0001:0002c696       _lstrcpyW@8                1002d696 f   kernel32:KERNEL32.dll
 0001:0002c69c       _MultiByteToWideChar@24    1002d69c f   kernel32:KERNEL32.dll
 0001:0002c6a2       _lstrcpynA@12              1002d6a2 f   kernel32:KERNEL32.dll
 0001:0002c6a8       _lstrlenA@4                1002d6a8 f   kernel32:KERNEL32.dll
 0001:0002c6ae       _WideCharToMultiByte@32    1002d6ae f   kernel32:KERNEL32.dll
 0001:0002c6b4       _lstrcpyA@8                1002d6b4 f   kernel32:KERNEL32.dll
 0001:0002c6ba       _GetConsoleCursorInfo@8    1002d6ba f   kernel32:KERNEL32.dll
 0001:0002c6c0       _GetConsoleScreenBufferInfo@8 1002d6c0 f   kernel32:KERNEL32.dll
 0001:0002c6c6       _GetStdHandle@4            1002d6c6 f   kernel32:KERNEL32.dll
 0001:0002c6cc       _InterlockedIncrement@4    1002d6cc f   kernel32:KERNEL32.dll
 0001:0002c6d2       _GetConsoleTitleW@8        1002d6d2 f   kernel32:KERNEL32.dll
 0001:0002c6d8       _DeleteFileW@4             1002d6d8 f   kernel32:KERNEL32.dll
 0001:0002c6de       _Thread32Next@8            1002d6de f   kernel32:KERNEL32.dll
 0001:0002c6e4       _Thread32First@8           1002d6e4 f   kernel32:KERNEL32.dll
 0001:0002c6ea       _CreateToolhelp32Snapshot@8 1002d6ea f   kernel32:KERNEL32.dll
 0001:0002c6f0       _GetConsoleMode@8          1002d6f0 f   kernel32:KERNEL32.dll
 0001:0002c6f6       _GetExitCodeProcess@8      1002d6f6 f   kernel32:KERNEL32.dll
 0001:0002c6fc       _CreateProcessW@40         1002d6fc f   kernel32:KERNEL32.dll
 0001:0002c702       _SetConsoleMode@8          1002d702 f   kernel32:KERNEL32.dll
 0001:0002c708       _GetEnvironmentStringsW@0  1002d708 f   kernel32:KERNEL32.dll
 0001:0002c70e       _lstrcatW@8                1002d70e f   kernel32:KERNEL32.dll
 0001:0002c714       _GetEnvironmentVariableW@12 1002d714 f   kernel32:KERNEL32.dll
 0001:0002c71a       _WaitForMultipleObjects@16 1002d71a f   kernel32:KERNEL32.dll
 0001:0002c720       _CreateEventW@16           1002d720 f   kernel32:KERNEL32.dll
 0001:0002c726       _SetConsoleTitleW@4        1002d726 f   kernel32:KERNEL32.dll
 0001:0002c72c       _CreateSemaphoreW@16       1002d72c f   kernel32:KERNEL32.dll
 0001:0002c732       _ResetEvent@4              1002d732 f   kernel32:KERNEL32.dll
 0001:0002c738       _TerminateProcess@8        1002d738 f   kernel32:KERNEL32.dll
 0001:0002c73e       _GetCurrentProcess@0       1002d73e f   kernel32:KERNEL32.dll
 0001:0002c744       _SetEvent@4                1002d744 f   kernel32:KERNEL32.dll
 0001:0002c74a       _IsBadStringPtrW@8         1002d74a f   kernel32:KERNEL32.dll
 0001:0002c750       _Module32NextW@8           1002d750 f   kernel32:KERNEL32.dll
 0001:0002c756       _Module32FirstW@8          1002d756 f   kernel32:KERNEL32.dll
 0001:0002c75c       _InterlockedDecrement@4    1002d75c f   kernel32:KERNEL32.dll
 0001:0002c762       _ReleaseSemaphore@12       1002d762 f   kernel32:KERNEL32.dll
 0001:0002c768       _WriteConsoleInputW@16     1002d768 f   kernel32:KERNEL32.dll
 0001:0002c76e       _GetNumberOfConsoleInputEvents@8 1002d76e f   kernel32:KERNEL32.dll
 0001:0002c774       _ReadConsoleInputW@16      1002d774 f   kernel32:KERNEL32.dll
 0001:0002c77a       _PeekConsoleInputW@16      1002d77a f   kernel32:KERNEL32.dll
 0001:0002c780       _SuspendThread@4           1002d780 f   kernel32:KERNEL32.dll
 0001:0002c786       _ResumeThread@4            1002d786 f   kernel32:KERNEL32.dll
 0001:0002c78c       _VerifyVersionInfoW@16     1002d78c f   kernel32:KERNEL32.dll
 0001:0002c792       _VerSetConditionMask@16    1002d792 f   kernel32:KERNEL32.dll
 0001:0002c798       _ReleaseMutex@4            1002d798 f   kernel32:KERNEL32.dll
 0001:0002c79e       _CreateMutexW@12           1002d79e f   kernel32:KERNEL32.dll
 0001:0002c7a4       _SetFilePointer@16         1002d7a4 f   kernel32:KERNEL32.dll
 0001:0002c7aa       _GetFileInformationByHandle@8 1002d7aa f   kernel32:KERNEL32.dll
 0001:0002c7b0       _ReadProcessMemory@20      1002d7b0 f   kernel32:KERNEL32.dll
 0001:0002c7b6       _FreeLibrary@4             1002d7b6 f   kernel32:KERNEL32.dll
 0001:0002c7bc       _ExpandEnvironmentStringsW@12 1002d7bc f   kernel32:KERNEL32.dll
 0001:0002c7c2       _DebugBreak@0              1002d7c2 f   kernel32:KERNEL32.dll
 0001:0002c7c8       _GetLargestConsoleWindowSize@4 1002d7c8 f   kernel32:KERNEL32.dll
 0001:0002c7ce       _SetConsoleScreenBufferSize@8 1002d7ce f   kernel32:KERNEL32.dll
 0001:0002c7d4       _VirtualAlloc@16           1002d7d4 f   kernel32:KERNEL32.dll
 0001:0002c7da       _HeapCreate@12             1002d7da f   kernel32:KERNEL32.dll
 0001:0002c7e0       _HeapDestroy@4             1002d7e0 f   kernel32:KERNEL32.dll
 0001:0002c7e6       _HeapAlloc@12              1002d7e6 f   kernel32:KERNEL32.dll
 0001:0002c7ec       _HeapReAlloc@16            1002d7ec f   kernel32:KERNEL32.dll
 0001:0002c7f2       _HeapFree@12               1002d7f2 f   kernel32:KERNEL32.dll
 0001:0002c7f8       _HeapValidate@12           1002d7f8 f   kernel32:KERNEL32.dll
 0001:0002c7fe       _GetStartupInfoW@4         1002d7fe f   kernel32:KERNEL32.dll
 0001:0002c804       _OpenThread@12             1002d804 f   kernel32:KERNEL32.dll
 0001:0002c80a       _InitializeCriticalSection@4 1002d80a f   kernel32:KERNEL32.dll
 0001:0002c810       _DeleteCriticalSection@4   1002d810 f   kernel32:KERNEL32.dll
 0001:0002c816       _EnterCriticalSection@4    1002d816 f   kernel32:KERNEL32.dll
 0001:0002c81c       _LeaveCriticalSection@4    1002d81c f   kernel32:KERNEL32.dll
 0001:0002c822       _TryEnterCriticalSection@4 1002d822 f   kernel32:KERNEL32.dll
 0001:0002c828       _LocalFree@4               1002d828 f   kernel32:KERNEL32.dll
 0001:0002c82e       _LocalAlloc@8              1002d82e f   kernel32:KERNEL32.dll
 0001:0002c834       _lstrcmpiA@8               1002d834 f   kernel32:KERNEL32.dll
 0001:0002c83a       _GetExitCodeThread@8       1002d83a f   kernel32:KERNEL32.dll
 0001:0002c840       _DisconnectNamedPipe@4     1002d840 f   kernel32:KERNEL32.dll
 0001:0002c846       _SetThreadPriority@8       1002d846 f   kernel32:KERNEL32.dll
 0001:0002c84c       _FlushFileBuffers@4        1002d84c f   kernel32:KERNEL32.dll
 0001:0002c852       _GetOverlappedResult@16    1002d852 f   kernel32:KERNEL32.dll
 0001:0002c858       _ConnectNamedPipe@8        1002d858 f   kernel32:KERNEL32.dll
 0001:0002c85e       _CreateNamedPipeW@32       1002d85e f   kernel32:KERNEL32.dll
 0001:0002c864       _FreeEnvironmentStringsW@4 1002d864 f   kernel32:KERNEL32.dll
 0001:0002c86a       _SetConsoleWindowInfo@12   1002d86a f   kernel32:KERNEL32.dll
 0001:0002c870       _GetConsoleOutputCP@0      1002d870 f   kernel32:KERNEL32.dll
 0001:0002c876       _GetFullPathNameW@16       1002d876 f   kernel32:KERNEL32.dll
 0001:0002c87c       _FindClose@4               1002d87c f   kernel32:KERNEL32.dll
 0001:0002c882       _FindFirstFileW@8          1002d882 f   kernel32:KERNEL32.dll
 0001:0002c888       _GetFileSize@8             1002d888 f   kernel32:KERNEL32.dll
 0001:0002c88e       _FindNextFileW@8           1002d88e f   kernel32:KERNEL32.dll
 0001:0002c894       _CreateDirectoryW@8        1002d894 f   kernel32:KERNEL32.dll
 0001:0002c89a       _GetFileSizeEx@8           1002d89a f   kernel32:KERNEL32.dll
 0001:0002c8a0       _GetPrivateProfileIntW@16  1002d8a0 f   kernel32:KERNEL32.dll
 0001:0002c8a6       _WritePrivateProfileStringW@16 1002d8a6 f   kernel32:KERNEL32.dll
 0001:0002c8ac       _GetVersionExW@4           1002d8ac f   kernel32:KERNEL32.dll
 0001:0002c8b2       _OpenProcess@12            1002d8b2 f   kernel32:KERNEL32.dll
 0001:0002c8b8       _Process32NextW@8          1002d8b8 f   kernel32:KERNEL32.dll
 0001:0002c8be       _Process32FirstW@8         1002d8be f   kernel32:KERNEL32.dll
 0001:0002c8c4       _IsBadReadPtr@8            1002d8c4 f   kernel32:KERNEL32.dll
 0001:0002c8ca       _VirtualFree@12            1002d8ca f   kernel32:KERNEL32.dll
 0001:0002c8d0       _GetSystemInfo@4           1002d8d0 f   kernel32:KERNEL32.dll
 0001:0002c8d6       _GetWindowsDirectoryW@8    1002d8d6 f   kernel32:KERNEL32.dll
 0001:0002c8dc       _CreateThread@24           1002d8dc f   kernel32:KERNEL32.dll
 0001:0002c8e2       _TerminateThread@8         1002d8e2 f   kernel32:KERNEL32.dll
 0001:0002c8e8       _RaiseException@16         1002d8e8 f   kernel32:KERNEL32.dll
 0001:0002c8ee       _DuplicateHandle@28        1002d8ee f   kernel32:KERNEL32.dll
 0001:0002c8f4       _CharUpperBuffW@8          1002d8f4 f   user32:USER32.dll
 0001:0002c8fa       _MapVirtualKeyW@8          1002d8fa f   user32:USER32.dll
 0001:0002c900       _VkKeyScanW@4              1002d900 f   user32:USER32.dll
 0001:0002c906       _IsWindow@4                1002d906 f   user32:USER32.dll
 0001:0002c90c       _GetWindowLongW@8          1002d90c f   user32:USER32.dll
 0001:0002c912       _GetClassNameW@12          1002d912 f   user32:USER32.dll
 0001:0002c918       _GetWindowThreadProcessId@8 1002d918 f   user32:USER32.dll
 0001:0002c91e       _FindWindowW@8             1002d91e f   user32:USER32.dll
 0001:0002c924       _MessageBoxW@16            1002d924 f   user32:USER32.dll
[...]
 0003:00002b54       ?gnDummyMouseEventFromMacro@@3JA 10047b54     ConEmuPluginBase.obj
 0003:00002b58       ?csData@@3PAVMSection@@A   10047b58     ConEmuPluginBase.obj
 0003:00002b5c       ?gpCmdRet@@3PAUCESERVER_REQ@@A 10047b5c     ConEmuPluginBase.obj
 0003:00002b60       ?gpData@@3PAEA             10047b60     ConEmuPluginBase.obj
 0003:00002b64       ?gpCursor@@3PAEA           10047b64     ConEmuPluginBase.obj
 0003:00002b68       ?gnDataSize@@3KA           10047b68     ConEmuPluginBase.obj
 0003:00002b6c       ?gpReqCommandData@@3PAXA   10047b6c     ConEmuPluginBase.obj
 0003:00002b70       ?ghReqCommandEvent@@3PAXA  10047b70     ConEmuPluginBase.obj
 0003:00002b74       ?gbReqCommandWaiting@@3HA  10047b74     ConEmuPluginBase.obj
 0003:00002b78       ?gnMsgTabChanged@@3IA      10047b78     ConEmuPluginBase.obj
 0003:00002b7c       ?csTabs@@3PAVMSection@@A   10047b7c     ConEmuPluginBase.obj
 0003:00002b80       ?gbPlugKeyChanged@@3HA     10047b80     ConEmuPluginBase.obj
 0003:00002b84       ?ghRegMonitorKey@@3PAUHKEY__@@A 10047b84     ConEmuPluginBase.obj
 0003:00002b88       ?ghRegMonitorEvt@@3PAXA    10047b88     ConEmuPluginBase.obj
 0003:00002b8c       ?ghPluginSemaphore@@3PAXA  10047b8c     ConEmuPluginBase.obj
 0003:00002b90       ?gsFarLang@@3PA_WA         10047b90     ConEmuPluginBase.obj
 0003:00002c10       ?gbNeedPostTabSend@@3HA    10047c10     ConEmuPluginBase.obj
 0003:00002c14       ?gbNeedPostEditCheck@@3HA  10047c14     ConEmuPluginBase.obj
 0003:00002c18       ?gbNeedPostReloadFarInfo@@3HA 10047c18     ConEmuPluginBase.obj
 0003:00002c1c       ?gnNeedPostTabSendTick@@3KA 10047c1c     ConEmuPluginBase.obj
 0003:00002c20       ?gpConMapInfo@@3PBUCESERVER_CONSOLE_MAPPING_HDR@@B 10047c20     ConEmuPluginBase.obj
 0003:00002c24       ?gbStartedUnderConsole2@@3HA 10047c24     ConEmuPluginBase.obj
 0003:00002c28       ?gnSelfPID@@3KA            10047c28     ConEmuPluginBase.obj
 0003:00002c2c       ?ghFarInfoMapping@@3PAXA   10047c2c     ConEmuPluginBase.obj
 0003:00002c30       ?gpFarInfo@@3PAUCEFAR_INFO_MAPPING@@A 10047c30     ConEmuPluginBase.obj
 0003:00002c34       ?gpFarInfoMapping@@3PAUCEFAR_INFO_MAPPING@@A 10047c34     ConEmuPluginBase.obj
 0003:00002c38       ?ghFarAliveEvent@@3PAXA    10047c38     ConEmuPluginBase.obj
 0003:00002c3c       ?gPanelRegLeft@@3UPanelViewRegInfo@@A 10047c3c     ConEmuPluginBase.obj
 0003:00002c54       ?gPanelRegRight@@3UPanelViewRegInfo@@A 10047c54     ConEmuPluginBase.obj
 0003:00002c6c       ?ghConEmuCtrlPressed@@3PAXA 10047c6c     ConEmuPluginBase.obj
 0003:00002c70       ?ghConEmuShiftPressed@@3PAXA 10047c70     ConEmuPluginBase.obj
 0003:00002c74       ?gbWaitConsoleInputEmpty@@3HA 10047c74     ConEmuPluginBase.obj
 0003:00002c78       ?gbWaitConsoleWrite@@3HA   10047c78     ConEmuPluginBase.obj
 0003:00002c7c       ?ghConsoleInputEmpty@@3PAXA 10047c7c     ConEmuPluginBase.obj
 0003:00002c80       ?ghConsoleWrite@@3PAXA     10047c80     ConEmuPluginBase.obj
 0003:00002c84       ?gnSynchroCount@@3HA       10047c84     ConEmuPluginBase.obj
 0003:00002c9c       ?hkFunc@@3UHkFunc@@A       10047c9c     HkFunc.obj
 0003:00002cbc       ?AssertMsgBox@@3P6IHPB_WI0PAUHWND__@@_N@ZA 10047cbc     MAssert.obj
 0003:00002cc0       ?ghHeap@@3PAXA             10047cc0     Memory.obj
 0003:00002cc4       ?gNullDesc@@3PAVMNullDesc@@A 10047cc4     MSecurity.obj
 0003:00002cc8       ?gbNeedBgActivate@@3HA     10047cc8     PluginBackground.obj
 0003:00002ccc       ?gbBgPluginsAllowed@@3HA   10047ccc     PluginBackground.obj
 0003:00002cd0       ?gpBgPlugin@@3PAVCPluginBackground@@A 10047cd0     PluginBackground.obj
 0003:00002cd8       ?gszPluginServerPipe@@3PA_WA 10047cd8     PluginSrv.obj
 0003:00002ee0       ?gpPlugServer@@3PAU?$PipeServer@UCESERVER_REQ@@@@A 10047ee0     PluginSrv.obj
 0003:00002ee4       ?ghServerTerminateEvent@@3PAXA 10047ee4     PluginSrv.obj
 0003:00002ee8       ?gbForcedServerTermination@@3_NA 10047ee8     PluginSrv.obj
 0003:00002ef0       ?gpConsoleInfoStr@@3PAU_CONSOLE_INFO@@A 10047ef0     WConsole.obj
 0003:00002ef4       ?ghConsoleSection@@3PAXA   10047ef4     WConsole.obj
 0003:00002ef8       ?g_LastSetConsoleFont@@3UMY_CONSOLE_FONT_INFOEX@@A 10047ef8     WConsole.obj
 0003:00002f80       ?gfnSearchAppPaths@@3P6I_NPB_WAAUCmdArg@@_NPAU1@@ZA 10047f80     WObjects.obj
 0003:0000a7e0       ?g_ThreadsIdx@@3JA         1004f7e0     WThreads.obj
 0003:0000a7ec       __aenvptr                  1004f7ec     LIBCMT:dllcrt0.obj
 0003:0000a7f0       __wenvptr                  1004f7f0     LIBCMT:dllcrt0.obj
 0003:0000a7f4       ___error_mode              1004f7f4     LIBCMT:dllcrt0.obj
 0003:0000a7f8       ___app_type                1004f7f8     LIBCMT:dllcrt0.obj
 0003:0000a888       __umaskval                 1004f888     LIBCMT:crt0dat.obj
 0003:0000a88c       __osplatform               1004f88c     LIBCMT:crt0dat.obj
 0003:0000a890       __osver                    1004f890     LIBCMT:crt0dat.obj
 0003:0000a894       __winver                   1004f894     LIBCMT:crt0dat.obj
 0003:0000a898       __winmajor                 1004f898     LIBCMT:crt0dat.obj
 0003:0000a89c       __winminor                 1004f89c     LIBCMT:crt0dat.obj
 0003:0000a8a0       ___argc                    1004f8a0     LIBCMT:crt0dat.obj
 0003:0000a8a4       ___argv                    1004f8a4     LIBCMT:crt0dat.obj
 0003:0000a8a8       ___wargv                   1004f8a8     LIBCMT:crt0dat.obj
 0003:0000a8ac       __environ                  1004f8ac     LIBCMT:crt0dat.obj
 0003:0000a8b0       ___initenv                 1004f8b0     LIBCMT:crt0dat.obj
 0003:0000a8b4       __wenviron                 1004f8b4     LIBCMT:crt0dat.obj
 0003:0000a8b8       ___winitenv                1004f8b8     LIBCMT:crt0dat.obj
 0003:0000a8bc       __pgmptr                   1004f8bc     LIBCMT:crt0dat.obj
 0003:0000a8c0       __wpgmptr                  1004f8c0     LIBCMT:crt0dat.obj
 0003:0000a8c4       __exitflag                 1004f8c4     LIBCMT:crt0dat.obj
 0003:0000a8c8       __C_Termination_Done       1004f8c8     LIBCMT:crt0dat.obj
 0003:0000a8cc       __C_Exit_Done              1004f8cc     LIBCMT:crt0dat.obj
 0003:0000a8d0       _gpFlsAlloc                1004f8d0     LIBCMT:tidtable.obj
 0003:0000a8d4       _gpFlsGetValue             1004f8d4     LIBCMT:tidtable.obj
 0003:0000a8d8       _gpFlsSetValue             1004f8d8     LIBCMT:tidtable.obj
 0003:0000a8dc       _gpFlsFree                 1004f8dc     LIBCMT:tidtable.obj
 0003:0000a9ec       __crtheap                  1004f9ec     LIBCMT:heapinit.obj
 0003:0000ae58       ?__pInconsistency@@3P6AXXZA 1004fe58     LIBCMT:hooks.obj
 0003:0000ae78       ?_pnhHeap@@3P6AHI@ZA       1004fe78     LIBCMT:handler.obj
 0003:0000ae7c       ___locale_changed          1004fe7c     LIBCMT:setlocal.obj
 0003:0000ae80       ___lc_handle               1004fe80     LIBCMT:nlsdata2.obj
 0003:0000ae98       ___lc_codepage             1004fe98     LIBCMT:nlsdata2.obj
 0003:0000ae9c       ___lc_collate_cp           1004fe9c     LIBCMT:nlsdata2.obj
 0003:0000aea4       ___mbulinfo                1004fea4     LIBCMT:mbctype.obj
 0003:0000aeb0       ___mbcodepage              1004feb0     LIBCMT:mbctype.obj
 0003:0000aeb4       ___ismbcodepage            1004feb4     LIBCMT:mbctype.obj
 0003:0000aeb8       ___mblcid                  1004feb8     LIBCMT:mbctype.obj
 0003:0000aebc       __maxwait                  1004febc     LIBCMT:crtheap.obj
 0003:0000aec0       ___sbh_pHeaderDefer        1004fec0     LIBCMT:sbheap.obj
 0003:0000aec4       __newmode                  1004fec4     LIBCMT:_newmode.obj
 0003:0000b1f8       ___lconv_static_null       100501f8     LIBCMT:lconv.obj
 0003:0000b1fc       ___lconv_static_W_null     100501fc     LIBCMT:lconv.obj
 0003:0000b2cc       ___sbh_initialized         100502cc     <common>
 0003:0000b2d0       ___sbh_cntHeaderList       100502d0     <common>
 0003:0000b2d4       ___sbh_pHeaderList         100502d4     <common>
 0003:0000b2d8       ___sbh_threshold           100502d8     <common>
 0003:0000b2dc       ___sbh_pHeaderScan         100502dc     <common>
 0003:0000b2e0       ___sbh_sizeHeaderList      100502e0     <common>
 0003:0000b2e4       ___sbh_indGroupDefer       100502e4     <common>
 0003:0000b2e8       ___setlc_active            100502e8     <common>
 0003:0000b2ec       ___unguarded_readlc_active 100502ec     <common>
 0003:0000b2f0       ___active_heap             100502f0     <common>
 0003:0000b2f4       __nhandle                  100502f4     <common>
 0003:0000b300       ___pioinfo                 10050300     <common>
 0003:0000b400       ___env_initialized         10050400     <common>
 0003:0000b404       ___onexitend               10050404     <common>
 0003:0000b408       ___onexitbegin             10050408     <common>
 0003:0000b40c       ___mbctype_initialized     1005040c     <common>
 0003:0000b410       __FPinit                   10050410     <common>
 0003:0000b414       ___initenv_end             10050414     <common>
 0003:0000b418       ___winitenv_end            10050418     <common>
 0003:0000b41c       ___dyn_tls_init_callback   1005041c     <common>
 0003:0000b420       __pDestructExceptionObject 10050420     <common>
 0003:0000b424       ___sse2_available          10050424     <common>
 0003:0000b428       __acmdln                   10050428     <common>
 0003:0000b42c       __pRawDllMain              1005042c     <common>

 entry point at        0001:0002d1b5

 Static symbols

 0001:00000490       ?StringValidateDestW@@YGJPB_WII@Z 10001490 f   CmdArg.obj
 0001:000004c0       ?StringCopyWorkerW@@YGJPA_WIPAIPB_WI@Z 100014c0 f   CmdArg.obj
 0001:00003a50       ?StringValidateDestW@@YGJPB_WII@Z 10004a50 f   ConEmuCheck.obj
 0001:00003a80       ?StringCopyWorkerW@@YGJPA_WIPAIPB_WI@Z 10004a80 f   ConEmuCheck.obj
 0001:000055c0       ?StringValidateDestW@@YGJPB_WII@Z 100065c0 f   ConEmuCheckEx.obj
 0001:000055f0       ?StringCopyWorkerW@@YGJPA_WIPAIPB_WI@Z 100065f0 f   ConEmuCheckEx.obj
 0001:00005780       ?StringValidateDestAndLengthW@@YGJPB_WIPAII@Z 10006780 f   ConEmuCheckEx.obj
 0001:000057d0       ?StringLengthWorkerW@@YGJPB_WIPAI@Z 100067d0 f   ConEmuCheckEx.obj
 0001:00005df0       ?StringValidateDestW@@YGJPB_WII@Z 10006df0 f   ConEmuInjects.obj
 0001:00005e20       ?StringCopyWorkerW@@YGJPA_WIPAIPB_WI@Z 10006e20 f   ConEmuInjects.obj
 0001:00006880       ?ChangeExports@@YI_NPBUExportFunc@@PAUHINSTANCE__@@@Z 10007880 f   ConEmuPlugin.obj
 0001:000095f0       ?GetFarSetting@@YIHPAXIPB_W@Z 1000a5f0 f   ConEmuPlugin1900.obj
 0001:00009890       ?CallGuiMacroProc@@YIXXZ   1000a890 f   ConEmuPlugin1900.obj
 0001:00009c60       ?CallGuiMacroDlg@@YGHPAXHH0@Z 1000ac60 f   ConEmuPlugin1900.obj
 0001:0000a180       ?MAKEFARVERSION@@YI?AUVersionInfo@@KKKKW4VERSION_STAGE@@@Z 1000b180 f   ConEmuPlugin2800.obj
 0001:0000b8b0       ?WExists@@YIHABUWindowInfo@@ABV?$MArray@UWindowInfo@@@@@Z 1000c8b0 f   ConEmuPlugin2800.obj
 0001:0000c770       ?GetFarSetting@@YIHPAXIPB_W@Z 1000d770 f   ConEmuPlugin2800.obj
 0001:0000ca20       ?CallGuiMacroProc@@YIXXZ   1000da20 f   ConEmuPlugin2800.obj
 0001:0000cd80       ?CallGuiMacroDlg@@YGHPAXHH0@Z 1000dd80 f   ConEmuPlugin2800.obj
 0001:0000d1d0       ?FreeMacroResult@@YGXPAXPAUFarMacroValue@@I@Z 1000e1d0 f   ConEmuPlugin2800.obj
 0001:0000f210       ?CallGuiMacroProc@@YIXXZ   10010210 f   ConEmuPlugin995.obj
 0001:0000f570       ?CallGuiMacroDlg@@YGJPAXHHJ@Z 10010570 f   ConEmuPlugin995.obj
 0001:000111c0       ?CallGuiMacroProc@@YIXXZ   100121c0 f   ConEmuPluginA.obj
 0001:00011570       ?CallGuiMacroDlg@@YGJPAXHHJ@Z 10012570 f   ConEmuPluginA.obj
 0001:00011fa0       ?LoadFarVersion@@YI_NAAUFarVersion@@AAY0CAA@_W@Z 10012fa0 f   ConEmuPluginBase.obj
 0001:00012040       ?SetDefaultFarVersion@@YIXAAUFarVersion@@@Z 10013040 f   ConEmuPluginBase.obj
 0001:00012090       ?LoadFarVersion@@YI_NPB_WAAUFarVersion@@AAY0CAA@_W@Z 10013090 f   ConEmuPluginBase.obj
 0001:000120f0       ?LoadAppVersion@@YI_NPB_WAAUtagVS_FIXEDFILEINFO@@AAY0CAA@_W@Z 100130f0 f   ConEmuPluginBase.obj
 0001:00012120       ?LoadModuleVersion@@YI_NPB_WAAUtagVS_FIXEDFILEINFO@@PA_WI@Z 10013120 f   ConEmuPluginBase.obj
 0001:00012350       ?StringValidateDestW@@YGJPB_WII@Z 10013350 f   ConEmuPluginBase.obj
 0001:00012380       ?StringValidateDestAndLengthW@@YGJPB_WIPAII@Z 10013380 f   ConEmuPluginBase.obj
 0001:000123d0       ?StringLengthWorkerW@@YGJPB_WIPAI@Z 100133d0 f   ConEmuPluginBase.obj
 0001:00012440       ?StringCopyWorkerW@@YGJPA_WIPAIPB_WI@Z 10013440 f   ConEmuPluginBase.obj
 0001:000124f0       ?ConvertVersionToFarVersion@@YIXABUtagVS_FIXEDFILEINFO@@AAUFarVersion@@@Z 100134f0 f   ConEmuPluginBase.obj
 0001:0001c2f0       ?StringValidateDestW@@YGJPB_WII@Z 1001d2f0 f   Execute.obj
 0001:0001c320       ?StringCopyWorkerW@@YGJPA_WIPAIPB_WI@Z 1001d320 f   Execute.obj
 0001:0001ca80       ?StringValidateDestA@@YGJPBDII@Z 1001da80 f   Memory.obj
 0001:0001cab0       ?StringCopyWorkerA@@YGJPADIPAIPBDI@Z 1001dab0 f   Memory.obj
 0001:0001cbd0       ?StringValidateDestW@@YGJPB_WII@Z 1001dbd0 f   Memory.obj
 0001:0001cc00       ?StringCopyWorkerW@@YGJPA_WIPAIPB_WI@Z 1001dc00 f   Memory.obj
 0001:0001d100       ?FindMonitor@impl@?L@??MonitorFromParam@@YIPAUHMONITOR__@@PB_W@Z@SGHPAU3@PAUHDC__@@PAUtagRECT@@J@Z 1001e100 f   Monitors.obj
 0001:000225b0       ?StringValidateDestW@@YGJPB_WII@Z 100235b0 f   PluginBackground.obj
 0001:000225e0       ?StringCopyWorkerW@@YGJPA_WIPAIPB_WI@Z 100235e0 f   PluginBackground.obj
 0001:00024cc0       ?StringValidateDestW@@YGJPB_WII@Z 10025cc0 f   PluginSrv.obj
 0001:00024cf0       ?StringCopyWorkerW@@YGJPA_WIPAIPB_WI@Z 10025cf0 f   PluginSrv.obj
 0001:000287b0       ?StringValidateDestW@@YGJPB_WII@Z 100297b0 f   WObjects.obj
 0001:000287e0       ?StringCopyWorkerW@@YGJPA_WIPAIPB_WI@Z 100297e0 f   WObjects.obj
 0001:00028d30       ?CheckRegKeyExist@@YI_NPAURegKeyExistArg@@@Z 10029d30 f   WObjects.obj
 0001:0002a220       ?StringValidateDestAndLengthW@@YGJPB_WIPAII@Z 1002b220 f   WObjects.obj
 0001:0002a270       ?StringLengthWorkerW@@YGJPB_WIPAI@Z 1002b270 f   WObjects.obj
 0001:0002bf70       ?StringValidateDestW@@YGJPB_WII@Z 1002cf70 f   WUser.obj
 0001:0002bfa0       ?StringCopyWorkerW@@YGJPA_WIPAIPB_WI@Z 1002cfa0 f   WUser.obj
 0001:0002c3e0       ?strtoxl@@YAKPB_WPAPA_WHH@Z 1002d3e0 f   libCRT:strtol.obj
 0001:0002cf6a       ___DllMainCRTStartup@12    1002df6a f   LIBCMT:dllcrt0.obj
 0001:0002d1cb       _has_osfxsr_set            1002e1cb f   LIBCMT:cpu_disp.obj
 0001:0002d2e4       __unwind_handler           1002e2e4 f   LIBCMT:exsup.obj
 0001:0002d400       _ValidateScopeTableHandlers 1002e400 f   LIBCMT:eh3valid.obj
 0001:0002d829       _xcptlookup                1002e829 f   LIBCMT:winxfltr.obj
 0001:0002da80       __initterm                 1002ea80 f   LIBCMT:crt0dat.obj
 0001:0002dbe3       _doexit                    1002ebe3 f   LIBCMT:crt0dat.obj
 0001:0002e990       _parse_cmdline             1002f990 f   LIBCMT:stdargv.obj
 0001:0002efd0       _ValidateLocalCookies      1002ffd0 f   LIBCMT:chandler4.obj
 0001:0002f8ee       _ctrlevent_capture@4       100308ee f   LIBCMT:winsig.obj
 0001:0002f989       _siglookup                 10030989 f   LIBCMT:winsig.obj
 0001:0002fef4       ___crtInitCritSecNoSpinCount@8 10030ef4 f   LIBCMT:initcrit.obj
 0001:000302f1       __copytlocinfo_nolock      100312f1 f   LIBCMT:setlocal.obj
 0001:00030317       __updatetlocinfoEx_nolock  10031317 f   LIBCMT:setlocal.obj
 0001:0003043a       _sync_legacy_variables_lk  1003143a f   LIBCMT:setlocal.obj
 0001:00030794       __setlocale_get_all        10031794 f   LIBCMT:setlocal.obj
 0001:00030b77       __setlocale_set_cat        10031b77 f   LIBCMT:setlocal.obj
 0001:00030e75       __setlocale_nolock         10031e75 f   LIBCMT:setlocal.obj
 0001:00031369       ?CPtoLCID@@YAHH@Z          10032369 f   LIBCMT:mbctype.obj
 0001:00031398       ?setSBCS@@YAXPAUthreadmbcinfostruct@@@Z 10032398 f   LIBCMT:mbctype.obj
 0001:000313fc       ?setSBUpLow@@YAXPAUthreadmbcinfostruct@@@Z 100323fc f   LIBCMT:mbctype.obj
 0001:000316db       ?getSystemCP@@YAHH@Z       100326db f   LIBCMT:mbctype.obj
 0001:00032d19       ?x_ismbbtype_l@@YAHPAUlocaleinfo_struct@@IHH@Z 10033d19 f   LIBCMT:ismbbyte.obj
 0001:000332dc       __unwind_handler4          100342dc f   LIBCMT:exsup4.obj
 0001:0003378f       __get_lc_time              1003478f f   LIBCMT:inittime.obj
 0001:00034380       _fix_grouping              10035380 f   LIBCMT:initnum.obj
 0001:0003460f       _fix_grouping              1003560f f   LIBCMT:initmon.obj
 0001:00035546       ?_store_str@@YAXPADPAPADPAI@Z 10036546 f   LIBCMT:_strftime.obj
 0001:00035566       ?_store_number@@YAXHPAPADPAI@Z 10036566 f   LIBCMT:_strftime.obj
 0001:0003559c       ?_store_num@@YAXHHPAPADPAII@Z 1003659c f   LIBCMT:_strftime.obj
 0001:00035617       ?_expandtime@@YAHPAUlocaleinfo_struct@@DPBUtm@@PAPADPAIPAU__lc_time_data@@I@Z 10036617 f   LIBCMT:_strftime.obj
 0001:000359cb       ?_store_winword@@YAHPAUlocaleinfo_struct@@HPBUtm@@PAPADPAIPAU__lc_time_data@@@Z 100369cb f   LIBCMT:_strftime.obj
 0001:0003616b       _TranslateName             1003716b f   LIBCMT:getqloc.obj
 0001:000361cd       _GetLcidFromDefault        100371cd f   LIBCMT:getqloc.obj
 0001:000361e1       _ProcessCodePage           100371e1 f   LIBCMT:getqloc.obj
 0001:0003625d       _TestDefaultCountry        1003725d f   LIBCMT:getqloc.obj
 0001:00036281       _LcidFromHexString         10037281 f   LIBCMT:getqloc.obj
 0001:000362b5       _GetPrimaryLen             100372b5 f   LIBCMT:getqloc.obj
 0001:000362d0       _CountryEnumProc@4         100372d0 f   LIBCMT:getqloc.obj
 0001:00036368       _TestDefaultLanguage       10037368 f   LIBCMT:getqloc.obj
 0001:000363df       _LangCountryEnumProc@4     100373df f   LIBCMT:getqloc.obj
 0001:000365e5       _LanguageEnumProc@4        100375e5 f   LIBCMT:getqloc.obj
 0001:000366a6       _GetLcidFromCountry        100376a6 f   LIBCMT:getqloc.obj
 0001:000366d8       _GetLcidFromLangCountry    100376d8 f   LIBCMT:getqloc.obj
 0001:0003674d       _GetLcidFromLanguage       1003774d f   LIBCMT:getqloc.obj
 0001:0003698f       ?__crtGetStringTypeA_stat@@YAHPAUlocaleinfo_struct@@KPBDHPAGHHH@Z 1003798f f   LIBCMT:_a_str.obj
 0001:00036c4b       ?strncnt@@YAHPBDH@Z        10037c4b f   LIBCMT:_a_map.obj
 0001:00036c69       ?__crtLCMapStringA_stat@@YAHPAUlocaleinfo_struct@@KKPBDHPADHHH@Z 10037c69 f   LIBCMT:_a_map.obj
 0001:000377b3       __tzset_nolock             100387b3 f   LIBCMT:tzset.obj
 0001:00037b19       _cvtdate                   10038b19 f   LIBCMT:tzset.obj
 0001:00037d10       __isindst_nolock           10038d10 f   LIBCMT:tzset.obj
 0001:000385ff       _xtoa_s@20                 100395ff f   LIBCMT:xtoas.obj
 0001:00038743       @x64toa_s@24               10039743 f   LIBCMT:xtoas.obj
 0001:00038c57       ?__crtGetLocaleInfoA_stat@@YAHPAUlocaleinfo_struct@@KKPADHH@Z 10039c57 f   LIBCMT:_a_loc.obj
 0001:00038e65       __getenv_s_helper          10039e65 f   LIBCMT:getenv.obj
 0001:00038eff       __dupenv_s_helper          10039eff f   LIBCMT:getenv.obj
 0001:0003940b       ?strtoxlX@@YAKPAUlocaleinfo_struct@@PBDPAPBDHHH@Z 1003a40b f   LIBCMT:_strtol.obj
 0001:00039674       ?strtoxl@@YAKPAUlocaleinfo_struct@@PBDPAPBDHH@Z 1003a674 f   LIBCMT:_strtol.obj
 0001:00039725       ?strtoxq@@YA_KPAUlocaleinfo_struct@@PBDPAPBDHH@Z 1003a725 f   LIBCMT:_strtoq.obj
 0001:00039d04       ?__crtGetStringTypeW_stat@@YAHPAUlocaleinfo_struct@@KPBGHPAGHH@Z 1003ad04 f   LIBCMT:_w_str.obj
 0001:0003a0f4       ?strncnt@@YAHPBDH@Z        1003b0f4 f   LIBCMT:_a_cmp.obj
 0001:0003a112       ?__crtCompareStringA_stat@@YAHPAUlocaleinfo_struct@@KKPBDH1HH@Z 1003b112 f   LIBCMT:_a_cmp.obj
 0001:0003a5e7       _findenv                   1003b5e7 f   LIBCMT:setenv.obj
 0001:0003a639       _copy_environ              1003b639 f   LIBCMT:setenv.obj
 0001:0003ab50       ??__EhkFunc@@YAXXZ         1003bb50 f   HkFunc.obj
