 ConEmu.x64

 Timestamp is 562d5c20 (Mon Oct 26 01:48:00 2015)

 Preferred load address is 0000000180000000

 Start         Length     Name                   Class
 0001:00000000 00047ffeH .text                   CODE
 0001:00048000 0000005eH .text$00                CODE
 0001:00048060 0000058cH .text$x                 CODE
 0001:000485f0 00000015H .text$yc                CODE
 0002:00000000 000007e0H .idata$5                DATA
 0002:000007e0 00000008H .CRT$XCA                DATA
 0002:000007e8 00000008H .CRT$XCU                DATA
 0002:000007f0 00000008H .CRT$XCZ                DATA
 0002:000007f8 00000008H .CRT$XIA                DATA
 0002:00000800 00000008H .CRT$XIC                DATA
 0002:00000808 00000008H .CRT$XIZ                DATA
 0002:00000810 00000008H .CRT$XPA                DATA
 0002:00000818 00000008H .CRT$XPZ                DATA
 0002:00000820 00000008H .CRT$XTA                DATA
 0002:00000828 00000008H .CRT$XTZ                DATA
 0002:00000830 000068dbH .rdata                  DATA
 0002:0000710c 00000073H .rdata$debug            DATA
 0002:00007180 000028d8H .xdata                  DATA
 0002:00009a58 00000078H .idata$2                DATA
 0002:00009ad0 00000014H .idata$3                DATA
 0002:00009ae8 000007e0H .idata$4                DATA
 0002:0000a2c8 00001230H .idata$6                DATA
 0002:0000b500 000002e1H .edata                  DATA
 0003:00000000 000014bcH .data                   DATA
 0003:000014c0 0000baf8H .bss                    DATA
 0004:00000000 00002ce8H .pdata                  DATA
 0005:00000000 00000058H .rsrc$01                DATA
 0005:00000060 000002d8H .rsrc$02                DATA

  Address         Publics by Value              Rva+Base               Lib:Object

 0000:00000000       ___safe_se_handler_count   0000000000000000     <absolute>
 0000:00000000       ___safe_se_handler_table   0000000000000000     <absolute>
 0000:00000000       __ImageBase                0000000180000000     <linker-defined>
 0001:00000000       ??0CmdArg@@QEAA@XZ         0000000180001000 f   CmdArg.obj
 0001:00000050       ??0CmdArg@@QEAA@PEA_W@Z    0000000180001050 f   CmdArg.obj
 0001:000000c0       ??4CmdArg@@QEAAAEAU0@PEA_W@Z 00000001800010c0 f   CmdArg.obj
 0001:000000f0       ??4CmdArg@@QEAAAEAU0@PEB_W@Z 00000001800010f0 f   CmdArg.obj
 0001:00000120       ??1CmdArg@@QEAA@XZ         0000000180001120 f   CmdArg.obj
 0001:000001a0       ?GetBuffer@CmdArg@@QEAAPEA_W_J@Z 00000001800011a0 f   CmdArg.obj
 0001:00000300       ?Detach@CmdArg@@QEAAPEA_WXZ 0000000180001300 f   CmdArg.obj
 0001:00000340       ?Attach@CmdArg@@QEAAPEB_WPEA_W@Z 0000000180001340 f   CmdArg.obj
 0001:00000370       ?AttachInt@CmdArg@@AEAAPEB_WAEAPEA_W@Z 0000000180001370 f   CmdArg.obj
 0001:00000410       ?Empty@CmdArg@@QEAAXXZ     0000000180001410 f   CmdArg.obj
 0001:00000470       ?IsEmpty@CmdArg@@QEAA_NXZ  0000000180001470 f   CmdArg.obj
 0001:000004b0       ?Set@CmdArg@@QEAAPEB_WPEB_W_J@Z 00000001800014b0 f   CmdArg.obj
 0001:00000580       ?StringCchCopyNW@@YAJPEA_W_KPEB_W1@Z 0000000180001580 f i CmdArg.obj
 0001:00000740       ?SavePathVar@CmdArg@@QEAAXPEB_W@Z 0000000180001740 f   CmdArg.obj
 0001:000007a0       ?SaveEnvVar@CmdArg@@QEAAXPEB_W0@Z 00000001800017a0 f   CmdArg.obj
 0001:00000850       ?SetAt@CmdArg@@QEAAX_J_W@Z 0000000180001850 f   CmdArg.obj
 0001:000008a0       ?GetPosFrom@CmdArg@@QEAAXAEBU1@@Z 00000001800018a0 f   CmdArg.obj
 0001:000008e0       ?IsNeedDequote@@YA_NPEB_W_NPEAPEB_W@Z 00000001800018e0 f   CmdLine.obj
 0001:00000b90       ??BCmdArg@@QEBAPEB_WXZ     0000000180001b90 f i CmdLine.obj
 0001:00000ba0       ?NextArg@@YAHPEAPEB_WAEAUCmdArg@@0@Z 0000000180001ba0 f   CmdLine.obj
 0001:00001110       ?NextLine@@YAHPEAPEB_WAEAUCmdArg@@K@Z 0000000180002110 f   CmdLine.obj
 0001:00001300       ?AddEndSlash@@YAHPEA_WH@Z  0000000180002300 f   CmdLine.obj
 0001:00001390       ?SkipNonPrintable@@YAPEB_WPEB_W@Z 0000000180002390 f   CmdLine.obj
 0001:00001400       ?CompareFileMask@@YA_NPEB_W0@Z 0000000180002400 f   CmdLine.obj
 0001:00001620       ?wcschr@@YAPEA_WPEA_W_W@Z  0000000180002620 f i CmdLine.obj
 0001:00001650       ?GetDrive@@YAPEB_WPEB_WPEA_WH@Z 0000000180002650 f   CmdLine.obj
 0001:00001900       ?GetDirectory@@YAHAEAUCmdArg@@@Z 0000000180002900 f   CmdLine.obj
 0001:000019a0       ?IsNeedCmd@@YA_NHPEB_WAEAUCmdArg@@PEAPEB_WPEAH333@Z 00000001800029a0 f   CmdLine.obj
 0001:00002410       ?Disable@MWow64Disable@@QEAAXXZ 0000000180003410 f i CmdLine.obj
 0001:00002450       ??0MWow64Disable@@QEAA@XZ  0000000180003450 f i CmdLine.obj
 0001:000024f0       ??1MWow64Disable@@QEAA@XZ  00000001800034f0 f i CmdLine.obj
 0001:00002510       ?Restore@MWow64Disable@@QEAAXXZ 0000000180003510 f i CmdLine.obj
 0001:00002560       ?IsExecutable@@YA_NPEB_WPEAPEA_W@Z 0000000180003560 f   CmdLine.obj
 0001:00002680       ?CheckProcessName@@YA_NPEB_WPEAPEB_W1@Z 0000000180003680 f   CmdLine.obj
 0001:00002780       ?IsConsoleService@@YA_NPEB_W@Z 0000000180003780 f   CmdLine.obj
 0001:000027f0       ?IsConsoleServer@@YA_NPEB_W@Z 00000001800037f0 f   CmdLine.obj
 0001:00002860       ?IsGitBashHelper@@YA_NPEB_W@Z 0000000180003860 f   CmdLine.obj
 0001:000028d0       ?IsFarExe@@YA_NPEB_W@Z     00000001800038d0 f   CmdLine.obj
 0001:00002940       ?IsCmdProcessor@@YA_NPEB_W@Z 0000000180003940 f   CmdLine.obj
 0001:000029b0       ?IsQuotationNeeded@@YA_NPEB_W@Z 00000001800039b0 f   CmdLine.obj
 0001:00002a00       ?MergeCmdLine@@YAPEA_WPEB_W0@Z 0000000180003a00 f   CmdLine.obj
 0001:00002ae0       ?JoinPath@@YAPEA_WPEB_W00@Z 0000000180003ae0 f   CmdLine.obj
 0001:00002d10       ?IsFilePath@@YA_NPEB_W_N@Z 0000000180003d10 f   CmdLine.obj
 0001:00002f10       ?PointToName@@YAPEB_WPEB_W@Z 0000000180003f10 f   CmdLine.obj
 0001:00002fc0       ?PointToName@@YAPEBDPEBD@Z 0000000180003fc0 f   CmdLine.obj
 0001:00003070       ?PointToExt@@YAPEB_WPEB_W@Z 0000000180004070 f   CmdLine.obj
 0001:000030c0       ?Unquote@@YAPEB_WPEA_W_N@Z 00000001800040c0 f   CmdLine.obj
 0001:00003170       ?wcsrchr@@YAPEA_WPEA_W_W@Z 0000000180004170 f i CmdLine.obj
 0001:000031a0       ?IsNewConsoleArg@@YA_NPEB_W0@Z 00000001800041a0 f   CmdLine.obj
 0001:000032c0       ?PackInputRecord@@YAHPEBU_INPUT_RECORD@@PEAUMsgStr@MSG64@@@Z 00000001800042c0 f   Common.obj
 0001:00003570       ?UnpackInputRecord@@YAHPEBUMsgStr@MSG64@@PEAU_INPUT_RECORD@@@Z 0000000180004570 f   Common.obj
 0001:00003860       ?TranslateKeyPress@@YAXGK_WHPEAU_INPUT_RECORD@@1@Z 0000000180004860 f   Common.obj
 0001:00003ab0       ?GetCommand@CESERVER_REQ_NEWCMD@@QEAAPEA_WXZ 0000000180004ab0 f   Common.obj
 0001:00003b00       ?GetEnvStrings@CESERVER_REQ_NEWCMD@@QEAAPEA_WXZ 0000000180004b00 f   Common.obj
 0001:00003b50       ?SetCommand@CESERVER_REQ_NEWCMD@@QEAAXPEB_W@Z 0000000180004b50 f   Common.obj
 0001:00003bf0       ?SetEnvStrings@CESERVER_REQ_NEWCMD@@QEAAXPEB_WK@Z 0000000180004bf0 f   Common.obj
 0001:00003d90       ?IsEnvBlockVariableValid@@YA_NPEB_WAEAPEB_W@Z 0000000180004d90 f   Common.obj
 0001:00003e00       ?IsEnvBlockVariableValid@@YA_NPEB_W@Z 0000000180004e00 f   Common.obj
 0001:00003e50       ?CommonShutdown@@YAXXZ     0000000180004e50 f   Common.obj
 0001:00003e80       ?ModuleName@@YAPEB_WPEB_W@Z 0000000180004e80 f   ConEmuCheck.obj
 0001:00003f70       ?ExecuteOpenPipe@@YAPEAXPEB_WAEAY0CAI@_W0KKHPEAXH@Z 0000000180004f70 f   ConEmuCheck.obj
 0001:00004270       ?ExecutePrepareCmd@@YAXPEAUCESERVER_REQ@@K_K@Z 0000000180005270 f   ConEmuCheck.obj
 0001:000042d0       ?ExecutePrepareCmd@@YAXPEAUCESERVER_REQ_HDR@@K_K@Z 00000001800052d0 f   ConEmuCheck.obj
 0001:000043a0       ?ExecuteNewCmd@@YAPEAUCESERVER_REQ@@K_K@Z 00000001800053a0 f   ConEmuCheck.obj
 0001:00004410       ?ExecuteNewCmd@@YA_NAEAPEAUCESERVER_REQ@@AEAKK_K@Z 0000000180005410 f   ConEmuCheck.obj
 0001:000044e0       ?LoadSrvMapping@@YAHPEAUHWND__@@AEAUCESERVER_CONSOLE_MAPPING_HDR@@@Z 00000001800054e0 f   ConEmuCheck.obj
 0001:00004650       ?LoadGuiMapping@@YAHKAEAUConEmuGuiMapping@@@Z 0000000180005650 f   ConEmuCheck.obj
 0001:000047b0       ?ExecuteNewCmdOnCreate@@YAPEAUCESERVER_REQ@@PEAUCESERVER_CONSOLE_MAPPING_HDR@@PEAUHWND__@@W4CmdOnCreateType@@PEB_W33PEAK444HHPEAX55@Z 00000001800057b0 f   ConEmuCheck.obj
 0001:00004ca0       ?StringCchCopyW@@YAJPEA_W_KPEB_W@Z 0000000180005ca0 f i ConEmuCheck.obj
 0001:00004e30       ?ExecuteGuiCmd@@YAPEAUCESERVER_REQ@@PEAUHWND__@@PEAU1@0H@Z 0000000180005e30 f   ConEmuCheck.obj
 0001:00004ef0       ?ExecuteSrvCmd@@YAPEAUCESERVER_REQ@@KPEAU1@PEAUHWND__@@HKH@Z 0000000180005ef0 f   ConEmuCheck.obj
 0001:00004fc0       ?ExecuteHkCmd@@YAPEAUCESERVER_REQ@@KPEAU1@PEAUHWND__@@HH@Z 0000000180005fc0 f   ConEmuCheck.obj
 0001:00005090       ?ExecuteCmd@@YAPEAUCESERVER_REQ@@PEB_WPEAU1@KPEAUHWND__@@HKH@Z 0000000180006090 f   ConEmuCheck.obj
 0001:00005490       ?ExecuteFreeResult@@YAXAEAPEAUCESERVER_REQ@@@Z 0000000180006490 f   ConEmuCheck.obj
 0001:000054d0       ?AllocateSendCurrentDirectory@@YA_NAEAPEAUCESERVER_REQ@@AEAKPEB_W2@Z 00000001800064d0 f   ConEmuCheck.obj
 0001:00005620       ?SendCurrentDirectory@@YAXPEAUHWND__@@PEB_W1@Z 0000000180006620 f   ConEmuCheck.obj
 0001:000056a0       ?isConsoleClass@@YA_NPEB_W@Z 00000001800066a0 f   ConEmuCheck.obj
 0001:00005700       ?isConsoleWindow@@YA_NPEAUHWND__@@@Z 0000000180006700 f   ConEmuCheck.obj
 0001:00005810       ?myGetConsoleWindow@@YAPEAUHWND__@@XZ 0000000180006810 f   ConEmuCheck.obj
 0001:000058e0       ?GetConEmuHWND@@YAPEAUHWND__@@H@Z 00000001800068e0 f   ConEmuCheck.obj
 0001:00005b00       ??BHWND2@@QEBAPEAUHWND__@@XZ 0000000180006b00 f i ConEmuCheck.obj
 0001:00005b10       ??BHWND2@@QEBAKXZ          0000000180006b10 f i ConEmuCheck.obj
 0001:00005b20       ?ConEmuCheck@@YAHPEAPEAUHWND__@@@Z 0000000180006b20 f   ConEmuCheck.obj
 0001:00005b70       ?GuiMessageBox@@YAHPEAUHWND__@@PEB_W1H@Z 0000000180006b70 f   ConEmuCheck.obj
 0001:00005da0       ?InitName@?$MFileMapping@UCESERVER_CONSOLE_MAPPING_HDR@@@@QEAAPEB_WPEB_WKK@Z 0000000180006da0 f i ConEmuCheck.obj
 0001:00005e00       ?CloseMap@?$MFileMapping@UCESERVER_CONSOLE_MAPPING_HDR@@@@QEAAXXZ 0000000180006e00 f i ConEmuCheck.obj
 0001:00005e90       ?Open@?$MFileMapping@UCESERVER_CONSOLE_MAPPING_HDR@@@@QEAAPEAUCESERVER_CONSOLE_MAPPING_HDR@@HH@Z 0000000180006e90 f i ConEmuCheck.obj
 0001:00005ec0       ??0?$MFileMapping@UCESERVER_CONSOLE_MAPPING_HDR@@@@QEAA@XZ 0000000180006ec0 f i ConEmuCheck.obj
 0001:00005f30       ??1?$MFileMapping@UCESERVER_CONSOLE_MAPPING_HDR@@@@QEAA@XZ 0000000180006f30 f i ConEmuCheck.obj
 0001:00005f60       ?InitName@?$MFileMapping@UConEmuGuiMapping@@@@QEAAPEB_WPEB_WKK@Z 0000000180006f60 f i ConEmuCheck.obj
 0001:00005fc0       ?CloseMap@?$MFileMapping@UConEmuGuiMapping@@@@QEAAXXZ 0000000180006fc0 f i ConEmuCheck.obj
 0001:00006050       ?Open@?$MFileMapping@UConEmuGuiMapping@@@@QEAAPEAUConEmuGuiMapping@@HH@Z 0000000180007050 f i ConEmuCheck.obj
 0001:00006080       ??0?$MFileMapping@UConEmuGuiMapping@@@@QEAA@XZ 0000000180007080 f i ConEmuCheck.obj
 0001:000060f0       ??1?$MFileMapping@UConEmuGuiMapping@@@@QEAA@XZ 00000001800070f0 f i ConEmuCheck.obj
 0001:00006120       ?ClosePtr@?$MFileMapping@UCESERVER_CONSOLE_MAPPING_HDR@@@@QEAAXXZ 0000000180007120 f i ConEmuCheck.obj
 0001:00006160       ?InternalOpenCreate@?$MFileMapping@UCESERVER_CONSOLE_MAPPING_HDR@@@@IEAAPEAUCESERVER_CONSOLE_MAPPING_HDR@@HHH@Z 0000000180007160 f i ConEmuCheck.obj
 0001:00006410       ?ClosePtr@?$MFileMapping@UConEmuGuiMapping@@@@QEAAXXZ 0000000180007410 f i ConEmuCheck.obj
 0001:00006450       ?InternalOpenCreate@?$MFileMapping@UConEmuGuiMapping@@@@IEAAPEAUConEmuGuiMapping@@HHH@Z 0000000180007450 f i ConEmuCheck.obj
 0001:00006700       ??$wcscpy_c@$0CA@@@YAHAEAY0CA@_WPEB_W@Z 0000000180007700 f i ConEmuCheck.obj
 0001:00006730       ??$wcscpy_c@$0CAI@@@YAHAEAY0CAI@_WPEB_W@Z 0000000180007730 f i ConEmuCheck.obj
 0001:00006760       ?LoadGuiMapping@@YAHPEAUHWND__@@AEAUConEmuGuiMapping@@@Z 0000000180007760 f   ConEmuCheckEx.obj
 0001:000067b0       ?IsConEmuExeExist@@YAHPEB_WAEAY0BAF@_W@Z 00000001800077b0 f   ConEmuCheckEx.obj
 0001:00006890       ?FindConEmuBaseDir@@YAHAEAY0BAF@_W0PEAUHINSTANCE__@@@Z 0000000180007890 f   ConEmuCheckEx.obj
 0001:00006f00       ??$wcscpy_c@$0BAF@@@YAHAEAY0BAF@_WPEB_W@Z 0000000180007f00 f i ConEmuCheckEx.obj
 0001:00007060       ??$wcscpy_add@$0BAF@@@YAHPEA_WAEAY0BAF@_WPEB_W@Z 0000000180008060 f i ConEmuCheckEx.obj
 0001:000070d0       ??$wcscat_c@$0BAF@@@YAHAEAY0BAF@_WPEB_W@Z 00000001800080d0 f i ConEmuCheckEx.obj
 0001:00007100       ?StringCchCatW@@YAJPEA_W_KPEB_W@Z 0000000180008100 f i ConEmuCheckEx.obj
 0001:00007290       ?StartupHooks@@YA_NPEAUHINSTANCE__@@@Z 0000000180008290 f   ConEmuInjects.obj
 0001:00007790       ?ShutdownHooks@@YAXXZ      0000000180008790 f   ConEmuInjects.obj
 0001:00007a20       ??$wcscpy_c@$0EA@@@YAHAEAY0EA@_WPEB_W@Z 0000000180008a20 f i ConEmuInjects.obj
 0001:00007b80       DllMain                    0000000180008b80 f   ConEmuPlugin.obj
 0001:00007bd0       ?GetPluginInfo@@YAXPEAX@Z  0000000180008bd0 f   ConEmuPlugin.obj
 0001:00007c40       ?GetPluginInfoW@@YAXPEAX@Z 0000000180008c40 f   ConEmuPlugin.obj
 0001:00007c70       ?IsConsoleActive@@YAHXZ    0000000180008c70 f   ConEmuPlugin.obj
 0001:00007cf0       ?GetFarHWND2@@YAPEAUHWND__@@H@Z 0000000180008cf0 f   ConEmuPlugin.obj
 0001:00007d80       ?GetFarHWND@@YAPEAUHWND__@@XZ 0000000180008d80 f   ConEmuPlugin.obj
 0001:00007d90       ?IsTerminalMode@@YAHXZ     0000000180008d90 f   ConEmuPlugin.obj
 0001:00007da0       ?GetFarVersion@@YAXPEAUFarVersion@@@Z 0000000180008da0 f   ConEmuPlugin.obj
 0001:00007dd0       ?RegisterPanelView@@YAHPEAUPanelViewInit@@@Z 0000000180008dd0 f   ConEmuPlugin.obj
 0001:000080a0       ?RegisterBackground@@YAHPEAURegisterBackgroundArg@@@Z 00000001800090a0 f   ConEmuPlugin.obj
 0001:00008140       ?SyncExecute@@YAHPEAUHINSTANCE__@@P6AX_J@Z1@Z 0000000180009140 f   ConEmuPlugin.obj
 0001:000081c0       ?ActivateConsole@@YAHXZ    00000001800091c0 f   ConEmuPlugin.obj
 0001:00008280       ??4HWND2@@QEAAAEAU0@PEAUHWND__@@@Z 0000000180009280 f i ConEmuPlugin.obj
 0001:000082a0       ?SetStartupInfo@@YAXPEAX@Z 00000001800092a0 f   ConEmuPlugin.obj
 0001:00008320       SetStartupInfoW            0000000180009320 f   ConEmuPlugin.obj
 0001:00008360       ?GetMinFarVersion@@YAHXZ   0000000180009360 f   ConEmuPlugin.obj
 0001:000083d0       GetMinFarVersionW          00000001800093d0 f   ConEmuPlugin.obj
 0001:000083e0       ProcessSynchroEventW       00000001800093e0 f   ConEmuPlugin.obj
 0001:00008410       ?ProcessSynchroEventW3@@YA_JPEAX@Z 0000000180009410 f   ConEmuPlugin.obj
 0001:00008450       ?ProcessEditorEvent@@YAHHPEAX@Z 0000000180009450 f   ConEmuPlugin.obj
 0001:00008480       ProcessEditorEventW        0000000180009480 f   ConEmuPlugin.obj
 0001:000084b0       ?ProcessEditorEventW3@@YA_JPEAX@Z 00000001800094b0 f   ConEmuPlugin.obj
 0001:000084f0       ?ProcessViewerEvent@@YAHHPEAX@Z 00000001800094f0 f   ConEmuPlugin.obj
 0001:00008520       ProcessViewerEventW        0000000180009520 f   ConEmuPlugin.obj
 0001:00008550       ?ProcessViewerEventW3@@YA_JPEAX@Z 0000000180009550 f   ConEmuPlugin.obj
 0001:00008590       ?ProcessEditorInput@@YAHPEBU_INPUT_RECORD@@@Z 0000000180009590 f   ConEmuPlugin.obj
 0001:000085c0       ProcessEditorInputW        00000001800095c0 f   ConEmuPlugin.obj
 0001:000085f0       ?OpenPlugin@@YAPEAXH_J@Z   00000001800095f0 f   ConEmuPlugin.obj
 0001:00008620       OpenPluginW                0000000180009620 f   ConEmuPlugin.obj
 0001:00008680       ?OpenW@@YAPEAXPEBX@Z       0000000180009680 f   ConEmuPlugin.obj
 0001:000086b0       ?ExitFAR@@YAXXZ            00000001800096b0 f   ConEmuPlugin.obj
 0001:00008720       ExitFARW                   0000000180009720 f   ConEmuPlugin.obj
 0001:00008790       ?ExitFARW3@@YAXPEAX@Z      0000000180009790 f   ConEmuPlugin.obj
 0001:00008800       ?SetupExportsFar3@@YAXXZ   0000000180009800 f   ConEmuPlugin.obj
 0001:00008b00       ?_calloc@@YAPEAX_K0@Z      0000000180009b00 f   ConEmuPlugin.obj
 0001:00008b30       ?_malloc@@YAPEAX_K@Z       0000000180009b30 f   ConEmuPlugin.obj
 0001:00008b50       ?_free@@YAXPEAX@Z          0000000180009b50 f   ConEmuPlugin.obj
 0001:00008b70       ??0CPluginW1900@@QEAA@XZ   0000000180009b70 f   ConEmuPlugin1900.obj
 0001:00008e70       ??_GCPluginW1900@@UEAAPEAXI@Z 0000000180009e70 f i ConEmuPlugin1900.obj
 0001:00008e70       ??_ECPluginW1900@@UEAAPEAXI@Z 0000000180009e70 f i ConEmuPlugin1900.obj
 0001:00008eb0       ??1CPluginW1900@@UEAA@XZ   0000000180009eb0 f i ConEmuPlugin1900.obj
 0001:00008ee0       ?ProcessEditorEventPtr@CPluginW1900@@UEAAHPEAX@Z 0000000180009ee0 f   ConEmuPlugin1900.obj
 0001:00008f20       ?ProcessViewerEventPtr@CPluginW1900@@UEAAHPEAX@Z 0000000180009f20 f   ConEmuPlugin1900.obj
 0001:00008f60       ?ProcessSynchroEventPtr@CPluginW1900@@UEAAHPEAX@Z 0000000180009f60 f   ConEmuPlugin1900.obj
 0001:00008fa0       ?GetPanelDir@CPluginW1900@@UEAAPEA_WKPEA_WH@Z 0000000180009fa0 f   ConEmuPlugin1900.obj
 0001:000091d0       ?GetPanelInfo@CPluginW1900@@UEAA_NKPEAUCEPanelInfo@@@Z 000000018000a1d0 f   ConEmuPlugin1900.obj
 0001:00009780       ?GetPanelItemInfo@CPluginW1900@@UEAA_NAEBUCEPanelInfo@@_N_JAEAU_WIN32_FIND_DATAW@@PEAPEA_W@Z 000000018000a780 f   ConEmuPlugin1900.obj
 0001:00009ab0       ?PanelControlApi@CPluginW1900@@UEAA_JPEAXH_J0@Z 000000018000aab0 f   ConEmuPlugin1900.obj
 0001:00009b20       ?GetPluginInfoPtr@CPluginW1900@@UEAAXPEAX@Z 000000018000ab20 f   ConEmuPlugin1900.obj
 0001:00009bc0       ?SetStartupInfoPtr@CPluginW1900@@UEAAXPEAX@Z 000000018000abc0 f   ConEmuPlugin1900.obj
 0001:00009d90       ?GetEditorModifiedState@CPluginW1900@@UEAAKXZ 000000018000ad90 f   ConEmuPlugin1900.obj
 0001:00009e00       ?ProcessEditorInputPtr@CPluginW1900@@UEAAHPEBX@Z 000000018000ae00 f   ConEmuPlugin1900.obj
 0001:00009e40       ?GetWindowCount@CPluginW1900@@UEAAHXZ 000000018000ae40 f   ConEmuPlugin1900.obj
 0001:00009ea0       ?UpdateConEmuTabsApi@CPluginW1900@@UEAA_NH@Z 000000018000aea0 f   ConEmuPlugin1900.obj
 0001:0000a540       ?ExitFar@CPluginW1900@@UEAAXXZ 000000018000b540 f   ConEmuPlugin1900.obj
 0001:0000a5f0       ?ShowMessage@CPluginW1900@@UEAAHPEB_WH_N@Z 000000018000b5f0 f   ConEmuPlugin1900.obj
 0001:0000a6b0       ?GetMsg@CPluginW1900@@UEAAPEB_WHPEA_W_K@Z 000000018000b6b0 f   ConEmuPlugin1900.obj
 0001:0000a750       ?SetWindow@CPluginW1900@@UEAAXH@Z 000000018000b750 f   ConEmuPlugin1900.obj
 0001:0000a7d0       ?PostMacroApi@CPluginW1900@@UEAAXPEB_WPEAU_INPUT_RECORD@@_N@Z 000000018000b7d0 f   ConEmuPlugin1900.obj
 0001:0000b420       ?wcsstr@@YAPEA_WPEA_WPEB_W@Z 000000018000c420 f i ConEmuPlugin1900.obj
 0001:0000b450       ?ShowPluginMenu@CPluginW1900@@UEAAHPEAUConEmuPluginMenuItem@@HH@Z 000000018000c450 f   ConEmuPlugin1900.obj
 0001:0000b730       ?OpenEditor@CPluginW1900@@UEAA_NPEB_W_N11HH@Z 000000018000c730 f   ConEmuPlugin1900.obj
 0001:0000b960       ?ExecuteSynchroApi@CPluginW1900@@UEAA_NXZ 000000018000c960 f   ConEmuPlugin1900.obj
 0001:0000b9b0       ?WaitEndSynchro@CPluginW1900@@UEAAXXZ 000000018000c9b0 f   ConEmuPlugin1900.obj
 0001:0000b9c0       ?StopWaitEndSynchro@CPluginW1900@@UEAAXXZ 000000018000c9c0 f   ConEmuPlugin1900.obj
 0001:0000b9d0       ?IsMacroActive@CPluginW1900@@UEAA_NXZ 000000018000c9d0 f   ConEmuPlugin1900.obj
 0001:0000ba30       ?GetMacroArea@CPluginW1900@@UEAAHXZ 000000018000ca30 f   ConEmuPlugin1900.obj
 0001:0000ba70       ?RedrawAll@CPluginW1900@@UEAAXXZ 000000018000ca70 f   ConEmuPlugin1900.obj
 0001:0000bac0       ?InputBox@CPluginW1900@@UEAA_NPEB_W000AEAPEA_W@Z 000000018000cac0 f   ConEmuPlugin1900.obj
 0001:0000bb90       ?ShowUserScreen@CPluginW1900@@UEAAX_N@Z 000000018000cb90 f   ConEmuPlugin1900.obj
 0001:0000bc00       ?LoadFarColors@CPluginW1900@@UEAAXAEAY0BAA@E@Z 000000018000cc00 f   ConEmuPlugin1900.obj
 0001:0000be70       ?FarColor_3_2@@YAEAEBUFarColor@@@Z 000000018000ce70 f i ConEmuPlugin1900.obj
 0001:0000bfa0       ?Color2FgIndex@Far3Color@@SAXKAEAGPEBK@Z 000000018000cfa0 f i ConEmuPlugin1900.obj
 0001:0000c130       ?Max@Far3Color@@SAHHH@Z    000000018000d130 f i ConEmuPlugin1900.obj
 0001:0000c160       ?GetStdIndex@Far3Color@@SAHKPEBK@Z 000000018000d160 f i ConEmuPlugin1900.obj
 0001:0000c1e0       ?GetStdPalette@Far3Color@@SAPEBKXZ 000000018000d1e0 f i ConEmuPlugin1900.obj
 0001:0000c1f0       ?Color2BgIndex@Far3Color@@SAXKHAEAGPEBK@Z 000000018000d1f0 f i ConEmuPlugin1900.obj
 0001:0000c3d0       ?LoadFarSettings@CPluginW1900@@UEAAXPEAUCEFarInterfaceSettings@@PEAUCEFarPanelSettings@@@Z 000000018000d3d0 f   ConEmuPlugin1900.obj
 0001:0000c670       ?GetFarRect@CPluginW1900@@UEAA_NAEAU_SMALL_RECT@@@Z 000000018000d670 f   ConEmuPlugin1900.obj
 0001:0000c700       ?CheckPanelExist@CPluginW1900@@UEAA_NXZ 000000018000d700 f   ConEmuPlugin1900.obj
 0001:0000c770       ?GetActiveWindowType@CPluginW1900@@UEAAHXZ 000000018000d770 f   ConEmuPlugin1900.obj
 0001:0000c870       ?GetWindowTypeName@CPluginW1900@@UEAAPEB_WH@Z 000000018000d870 f   ConEmuPlugin1900.obj
 0001:0000c930       ?GuiMacroDlg@CPluginW1900@@UEAAXXZ 000000018000d930 f   ConEmuPlugin1900.obj
 0001:0000d080       ?Open@CPluginW1900@@UEAAPEAXPEBX@Z 000000018000e080 f   ConEmuPlugin1900.obj
 0001:0000d2e0       GetGlobalInfoW             000000018000e2e0 f   ConEmuPlugin2800.obj
 0001:0000d500       ??0CPluginW2800@@QEAA@XZ   000000018000e500 f   ConEmuPlugin2800.obj
 0001:0000d800       ??_ECPluginW2800@@UEAAPEAXI@Z 000000018000e800 f i ConEmuPlugin2800.obj
 0001:0000d800       ??_GCPluginW2800@@UEAAPEAXI@Z 000000018000e800 f i ConEmuPlugin2800.obj
 0001:0000d840       ??1CPluginW2800@@UEAA@XZ   000000018000e840 f i ConEmuPlugin2800.obj
 0001:0000d870       ?GetPanelDir@CPluginW2800@@UEAAPEA_WKPEA_WH@Z 000000018000e870 f   ConEmuPlugin2800.obj
 0001:0000daa0       ?GetPanelInfo@CPluginW2800@@UEAA_NKPEAUCEPanelInfo@@@Z 000000018000eaa0 f   ConEmuPlugin2800.obj
 0001:0000e050       ?GetPanelItemInfo@CPluginW2800@@UEAA_NAEBUCEPanelInfo@@_N_JAEAU_WIN32_FIND_DATAW@@PEAPEA_W@Z 000000018000f050 f   ConEmuPlugin2800.obj
 0001:0000e380       ?PanelControlApi@CPluginW2800@@UEAA_JPEAXH_J0@Z 000000018000f380 f   ConEmuPlugin2800.obj
 0001:0000e3f0       ?GetPluginInfoPtr@CPluginW2800@@UEAAXPEAX@Z 000000018000f3f0 f   ConEmuPlugin2800.obj
 0001:0000e490       ?SetStartupInfoPtr@CPluginW2800@@UEAAXPEAX@Z 000000018000f490 f   ConEmuPlugin2800.obj
 0001:0000e660       ?GetEditorModifiedState@CPluginW2800@@UEAAKXZ 000000018000f660 f   ConEmuPlugin2800.obj
 0001:0000e6d0       ?ProcessEditorEventPtr@CPluginW2800@@UEAAHPEAX@Z 000000018000f6d0 f   ConEmuPlugin2800.obj
 0001:0000e710       ?ProcessViewerEventPtr@CPluginW2800@@UEAAHPEAX@Z 000000018000f710 f   ConEmuPlugin2800.obj
 0001:0000e750       ?ProcessSynchroEventPtr@CPluginW2800@@UEAAHPEAX@Z 000000018000f750 f   ConEmuPlugin2800.obj
 0001:0000e790       ?ProcessEditorInputPtr@CPluginW2800@@UEAAHPEBX@Z 000000018000f790 f   ConEmuPlugin2800.obj
 0001:0000e7d0       ?GetWindowCount@CPluginW2800@@UEAAHXZ 000000018000f7d0 f   ConEmuPlugin2800.obj
 0001:0000e830       ?UpdateConEmuTabsApi@CPluginW2800@@UEAA_NH@Z 000000018000f830 f   ConEmuPlugin2800.obj
 0001:0000f280       ?ExitFar@CPluginW2800@@UEAAXXZ 0000000180010280 f   ConEmuPlugin2800.obj
 0001:0000f330       ?ShowMessage@CPluginW2800@@UEAAHPEB_WH_N@Z 0000000180010330 f   ConEmuPlugin2800.obj
 0001:0000f3f0       ?GetMsg@CPluginW2800@@UEAAPEB_WHPEA_W_K@Z 00000001800103f0 f   ConEmuPlugin2800.obj
 0001:0000f490       ?SetWindow@CPluginW2800@@UEAAXH@Z 0000000180010490 f   ConEmuPlugin2800.obj
 0001:0000f510       ?PostMacroApi@CPluginW2800@@UEAAXPEB_WPEAU_INPUT_RECORD@@_N@Z 0000000180010510 f   ConEmuPlugin2800.obj
 0001:0000fb30       ?ShowPluginMenu@CPluginW2800@@UEAAHPEAUConEmuPluginMenuItem@@HH@Z 0000000180010b30 f   ConEmuPlugin2800.obj
 0001:0000fe10       ?OpenEditor@CPluginW2800@@UEAA_NPEB_W_N11HH@Z 0000000180010e10 f   ConEmuPlugin2800.obj
 0001:00010050       ?ExecuteSynchroApi@CPluginW2800@@UEAA_NXZ 0000000180011050 f   ConEmuPlugin2800.obj
 0001:000100a0       ?WaitEndSynchro@CPluginW2800@@UEAAXXZ 00000001800110a0 f   ConEmuPlugin2800.obj
 0001:000100b0       ?StopWaitEndSynchro@CPluginW2800@@UEAAXXZ 00000001800110b0 f   ConEmuPlugin2800.obj
 0001:000100c0       ?IsMacroActive@CPluginW2800@@UEAA_NXZ 00000001800110c0 f   ConEmuPlugin2800.obj
 0001:00010120       ?GetMacroArea@CPluginW2800@@UEAAHXZ 0000000180011120 f   ConEmuPlugin2800.obj
 0001:00010160       ?RedrawAll@CPluginW2800@@UEAAXXZ 0000000180011160 f   ConEmuPlugin2800.obj
 0001:000101b0       ?InputBox@CPluginW2800@@UEAA_NPEB_W000AEAPEA_W@Z 00000001800111b0 f   ConEmuPlugin2800.obj
 0001:00010280       ?ShowUserScreen@CPluginW2800@@UEAAX_N@Z 0000000180011280 f   ConEmuPlugin2800.obj
 0001:000102f0       ?LoadFarColors@CPluginW2800@@UEAAXAEAY0BAA@E@Z 00000001800112f0 f   ConEmuPlugin2800.obj
 0001:00010560       ?LoadFarSettings@CPluginW2800@@UEAAXPEAUCEFarInterfaceSettings@@PEAUCEFarPanelSettings@@@Z 0000000180011560 f   ConEmuPlugin2800.obj
 0001:00010810       ?GetFarRect@CPluginW2800@@UEAA_NAEAU_SMALL_RECT@@@Z 0000000180011810 f   ConEmuPlugin2800.obj
 0001:000108a0       ?CheckPanelExist@CPluginW2800@@UEAA_NXZ 00000001800118a0 f   ConEmuPlugin2800.obj
 0001:00010910       ?GetActiveWindowType@CPluginW2800@@UEAAHXZ 0000000180011910 f   ConEmuPlugin2800.obj
 0001:00010a20       ?GetWindowTypeName@CPluginW2800@@UEAAPEB_WH@Z 0000000180011a20 f   ConEmuPlugin2800.obj
 0001:00010ae0       ?GuiMacroDlg@CPluginW2800@@UEAAXXZ 0000000180011ae0 f   ConEmuPlugin2800.obj
 0001:00011240       ?Open@CPluginW2800@@UEAAPEAXPEBX@Z 0000000180012240 f   ConEmuPlugin2800.obj
 0001:00011540       ??0FarMacroValue@@QEAA@XZ  0000000180012540 f i ConEmuPlugin2800.obj
 0001:00011590       ??0?$MArray@UWindowInfo@@@@QEAA@XZ 0000000180012590 f i ConEmuPlugin2800.obj
 0001:000115f0       ??1?$MArray@UWindowInfo@@@@QEAA@XZ 00000001800125f0 f i ConEmuPlugin2800.obj
 0001:00011610       ??A?$MArray@UWindowInfo@@@@QEBAAEBUWindowInfo@@_J@Z 0000000180012610 f i ConEmuPlugin2800.obj
 0001:00011630       ??A?$MArray@UWindowInfo@@@@QEAAAEAUWindowInfo@@_J@Z 0000000180012630 f i ConEmuPlugin2800.obj
 0001:00011650       ?push_back@?$MArray@UWindowInfo@@@@QEAA_JAEBUWindowInfo@@@Z 0000000180012650 f i ConEmuPlugin2800.obj
 0001:00011720       ?insert@?$MArray@UWindowInfo@@@@QEAAX_JAEBUWindowInfo@@@Z 0000000180012720 f i ConEmuPlugin2800.obj
 0001:00011830       ?erase@?$MArray@UWindowInfo@@@@QEAAX_J@Z 0000000180012830 f i ConEmuPlugin2800.obj
 0001:000118f0       ?size@?$MArray@UWindowInfo@@@@QEBA_JXZ 00000001800128f0 f i ConEmuPlugin2800.obj
 0001:00011900       ?clear@?$MArray@UWindowInfo@@@@QEAAXXZ 0000000180012900 f i ConEmuPlugin2800.obj
 0001:00011950       ?addsize@?$MArray@UWindowInfo@@@@QEAAX_J@Z 0000000180012950 f i ConEmuPlugin2800.obj
 0001:00011a90       ??0CPluginW995@@QEAA@XZ    0000000180012a90 f   ConEmuPlugin995.obj
 0001:00011da0       ?Open@CPluginW995@@UEAAPEAXPEBX@Z 0000000180012da0 f i ConEmuPlugin995.obj
 0001:00011dc0       ?ProcessEditorEventPtr@CPluginW995@@UEAAHPEAX@Z 0000000180012dc0 f i ConEmuPlugin995.obj
 0001:00011dd0       ?ProcessSynchroEventPtr@CPluginW995@@UEAAHPEAX@Z 0000000180012dd0 f i ConEmuPlugin995.obj
 0001:00011de0       ?ProcessViewerEventPtr@CPluginW995@@UEAAHPEAX@Z 0000000180012de0 f i ConEmuPlugin995.obj
 0001:00011df0       ??_ECPluginW995@@UEAAPEAXI@Z 0000000180012df0 f i ConEmuPlugin995.obj
 0001:00011df0       ??_GCPluginW995@@UEAAPEAXI@Z 0000000180012df0 f i ConEmuPlugin995.obj
 0001:00011e30       ??1CPluginW995@@UEAA@XZ    0000000180012e30 f i ConEmuPlugin995.obj
 0001:00011e60       ?GetPanelDir@CPluginW995@@UEAAPEA_WKPEA_WH@Z 0000000180012e60 f   ConEmuPlugin995.obj
 0001:00012050       ?GetPanelInfo@CPluginW995@@UEAA_NKPEAUCEPanelInfo@@@Z 0000000180013050 f   ConEmuPlugin995.obj
 0001:00012510       ?GetPanelItemInfo@CPluginW995@@UEAA_NAEBUCEPanelInfo@@_N_JAEAU_WIN32_FIND_DATAW@@PEAPEA_W@Z 0000000180013510 f   ConEmuPlugin995.obj
 0001:00012820       ?PanelControlApi@CPluginW995@@UEAA_JPEAXH_J0@Z 0000000180013820 f   ConEmuPlugin995.obj
 0001:00012890       ?GetPluginInfoPtr@CPluginW995@@UEAAXPEAX@Z 0000000180013890 f   ConEmuPlugin995.obj
 0001:00012950       ?SetStartupInfoPtr@CPluginW995@@UEAAXPEAX@Z 0000000180013950 f   ConEmuPlugin995.obj
 0001:00012b50       ?GetEditorModifiedState@CPluginW995@@UEAAKXZ 0000000180013b50 f   ConEmuPlugin995.obj
 0001:00012bb0       ?ProcessEditorInputPtr@CPluginW995@@UEAAHPEBX@Z 0000000180013bb0 f   ConEmuPlugin995.obj
 0001:00012bf0       ?GetWindowCount@CPluginW995@@UEAAHXZ 0000000180013bf0 f   ConEmuPlugin995.obj
 0001:00012c50       ?UpdateConEmuTabsApi@CPluginW995@@UEAA_NH@Z 0000000180013c50 f   ConEmuPlugin995.obj
 0001:00012fd0       ?ExitFar@CPluginW995@@UEAAXXZ 0000000180013fd0 f   ConEmuPlugin995.obj
 0001:00013080       ?ShowMessage@CPluginW995@@UEAAHPEB_WH_N@Z 0000000180014080 f   ConEmuPlugin995.obj
 0001:00013140       ?GetMsg@CPluginW995@@UEAAPEB_WHPEA_W_K@Z 0000000180014140 f   ConEmuPlugin995.obj
 0001:000131e0       ?SetWindow@CPluginW995@@UEAAXH@Z 00000001800141e0 f   ConEmuPlugin995.obj
 0001:00013260       ?PostMacroApi@CPluginW995@@UEAAXPEB_WPEAU_INPUT_RECORD@@_N@Z 0000000180014260 f   ConEmuPlugin995.obj
 0001:00013360       ?ShowPluginMenu@CPluginW995@@UEAAHPEAUConEmuPluginMenuItem@@HH@Z 0000000180014360 f   ConEmuPlugin995.obj
 0001:000135e0       ?OpenEditor@CPluginW995@@UEAA_NPEB_W_N11HH@Z 00000001800145e0 f   ConEmuPlugin995.obj
 0001:000137f0       ?ExecuteSynchroApi@CPluginW995@@UEAA_NXZ 00000001800147f0 f   ConEmuPlugin995.obj
 0001:00013840       ?WaitEndSynchro@CPluginW995@@UEAAXXZ 0000000180014840 f   ConEmuPlugin995.obj
 0001:00013ab0       ?StopWaitEndSynchro@CPluginW995@@UEAAXXZ 0000000180014ab0 f   ConEmuPlugin995.obj
 0001:00013af0       ?IsMacroActive@CPluginW995@@UEAA_NXZ 0000000180014af0 f   ConEmuPlugin995.obj
 0001:00013b70       ?GetMacroArea@CPluginW995@@UEAAHXZ 0000000180014b70 f   ConEmuPlugin995.obj
 0001:00013bc0       ?RedrawAll@CPluginW995@@UEAAXXZ 0000000180014bc0 f   ConEmuPlugin995.obj
 0001:00013c10       ?InputBox@CPluginW995@@UEAA_NPEB_W000AEAPEA_W@Z 0000000180014c10 f   ConEmuPlugin995.obj
 0001:00013cc0       ?ShowUserScreen@CPluginW995@@UEAAX_N@Z 0000000180014cc0 f   ConEmuPlugin995.obj
 0001:00013d30       ?LoadFarColors@CPluginW995@@UEAAXAEAY0BAA@E@Z 0000000180014d30 f   ConEmuPlugin995.obj
 0001:00013e60       ?LoadFarSettings@CPluginW995@@UEAAXPEAUCEFarInterfaceSettings@@PEAUCEFarPanelSettings@@@Z 0000000180014e60 f   ConEmuPlugin995.obj
 0001:00013ef0       ?GetFarRect@CPluginW995@@UEAA_NAEAU_SMALL_RECT@@@Z 0000000180014ef0 f   ConEmuPlugin995.obj
 0001:00013f80       ?CheckPanelExist@CPluginW995@@UEAA_NXZ 0000000180014f80 f   ConEmuPlugin995.obj
 0001:00013ff0       ?GetActiveWindowType@CPluginW995@@UEAAHXZ 0000000180014ff0 f   ConEmuPlugin995.obj
 0001:00014110       ?GetWindowTypeName@CPluginW995@@UEAAPEB_WH@Z 0000000180015110 f   ConEmuPlugin995.obj
 0001:000141d0       ?GuiMacroDlg@CPluginW995@@UEAAXXZ 00000001800151d0 f   ConEmuPlugin995.obj
 0001:000148b0       ??0CPluginAnsi@@QEAA@XZ    00000001800158b0 f   ConEmuPluginA.obj
 0001:00014b80       ?ExecuteSynchroApi@CPluginAnsi@@UEAA_NXZ 0000000180015b80 f i ConEmuPluginA.obj
 0001:00014b90       ?GetFarRect@CPluginAnsi@@UEAA_NAEAU_SMALL_RECT@@@Z 0000000180015b90 f i ConEmuPluginA.obj
 0001:00014ba0       ?Open@CPluginAnsi@@UEAAPEAXPEBX@Z 0000000180015ba0 f i ConEmuPluginA.obj
 0001:00014bc0       ?ProcessEditorEventPtr@CPluginAnsi@@UEAAHPEAX@Z 0000000180015bc0 f i ConEmuPluginA.obj
 0001:00014bd0       ?ProcessEditorInputPtr@CPluginAnsi@@UEAAHPEBX@Z 0000000180015bd0 f i ConEmuPluginA.obj
 0001:00014be0       ?ProcessSynchroEventPtr@CPluginAnsi@@UEAAHPEAX@Z 0000000180015be0 f i ConEmuPluginA.obj
 0001:00014bf0       ?ProcessViewerEventPtr@CPluginAnsi@@UEAAHPEAX@Z 0000000180015bf0 f i ConEmuPluginA.obj
 0001:00014c00       ?StopWaitEndSynchro@CPluginAnsi@@UEAAXXZ 0000000180015c00 f i ConEmuPluginA.obj
 0001:00014c10       ?WaitEndSynchro@CPluginAnsi@@UEAAXXZ 0000000180015c10 f i ConEmuPluginA.obj
 0001:00014c20       ??_GCPluginAnsi@@UEAAPEAXI@Z 0000000180015c20 f i ConEmuPluginA.obj
 0001:00014c20       ??_ECPluginAnsi@@UEAAPEAXI@Z 0000000180015c20 f i ConEmuPluginA.obj
 0001:00014c60       ??1CPluginAnsi@@UEAA@XZ    0000000180015c60 f i ConEmuPluginA.obj
 0001:00014c90       ?GetPanelDir@CPluginAnsi@@UEAAPEA_WKPEA_WH@Z 0000000180015c90 f   ConEmuPluginA.obj
 0001:00014e00       ?GetPanelInfo@CPluginAnsi@@UEAA_NKPEAUCEPanelInfo@@@Z 0000000180015e00 f   ConEmuPluginA.obj
 0001:00015230       ?GetPanelItemInfo@CPluginAnsi@@UEAA_NAEBUCEPanelInfo@@_N_JAEAU_WIN32_FIND_DATAW@@PEAPEA_W@Z 0000000180016230 f   ConEmuPluginA.obj
 0001:00015460       ?PanelControlApi@CPluginAnsi@@UEAA_JPEAXH_J0@Z 0000000180016460 f   ConEmuPluginA.obj
 0001:000154d0       ?SetStartupInfoPtr@CPluginAnsi@@UEAAXPEAX@Z 00000001800164d0 f   ConEmuPluginA.obj
 0001:000156d0       ?GetPluginInfoPtr@CPluginAnsi@@UEAAXPEAX@Z 00000001800166d0 f   ConEmuPluginA.obj
 0001:000157c0       ?GetEditorModifiedState@CPluginAnsi@@UEAAKXZ 00000001800167c0 f   ConEmuPluginA.obj
 0001:00015830       ?GetWindowCount@CPluginAnsi@@UEAAHXZ 0000000180016830 f   ConEmuPluginA.obj
 0001:00015890       ?UpdateConEmuTabsApi@CPluginAnsi@@UEAA_NH@Z 0000000180016890 f   ConEmuPluginA.obj
 0001:00015c30       ?ExitFar@CPluginAnsi@@UEAAXXZ 0000000180016c30 f   ConEmuPluginA.obj
 0001:00015c90       ?SetWindow@CPluginAnsi@@UEAAXH@Z 0000000180016c90 f   ConEmuPluginA.obj
 0001:00015d10       ?PostMacroApi@CPluginAnsi@@UEAAXPEB_WPEAU_INPUT_RECORD@@_N@Z 0000000180016d10 f   ConEmuPluginA.obj
 0001:00015e40       ?ShowPluginMenu@CPluginAnsi@@UEAAHPEAUConEmuPluginMenuItem@@HH@Z 0000000180016e40 f   ConEmuPluginA.obj
 0001:00016140       ?OpenEditor@CPluginAnsi@@UEAA_NPEB_W_N11HH@Z 0000000180017140 f   ConEmuPluginA.obj
 0001:00016370       ?ShowMessage@CPluginAnsi@@UEAAHPEB_WH_N@Z 0000000180017370 f   ConEmuPluginA.obj
 0001:00016490       ?GetMsg@CPluginAnsi@@UEAAPEB_WHPEA_W_K@Z 0000000180017490 f   ConEmuPluginA.obj
 0001:00016590       ?IsMacroActive@CPluginAnsi@@UEAA_NXZ 0000000180017590 f   ConEmuPluginA.obj
 0001:00016610       ?GetMacroArea@CPluginAnsi@@UEAAHXZ 0000000180017610 f   ConEmuPluginA.obj
 0001:00016620       ?RedrawAll@CPluginAnsi@@UEAAXXZ 0000000180017620 f   ConEmuPluginA.obj
 0001:00016670       ?InputBox@CPluginAnsi@@UEAA_NPEB_W000AEAPEA_W@Z 0000000180017670 f   ConEmuPluginA.obj
 0001:00016800       ?ShowUserScreen@CPluginAnsi@@UEAAX_N@Z 0000000180017800 f   ConEmuPluginA.obj
 0001:00016870       ?LoadFarColors@CPluginAnsi@@UEAAXAEAY0BAA@E@Z 0000000180017870 f   ConEmuPluginA.obj
 0001:000169a0       ?LoadFarSettings@CPluginAnsi@@UEAAXPEAUCEFarInterfaceSettings@@PEAUCEFarPanelSettings@@@Z 00000001800179a0 f   ConEmuPluginA.obj
 0001:00016a30       ?CheckPanelExist@CPluginAnsi@@UEAA_NXZ 0000000180017a30 f   ConEmuPluginA.obj
 0001:00016aa0       ?GetActiveWindowType@CPluginAnsi@@UEAAHXZ 0000000180017aa0 f   ConEmuPluginA.obj
 0001:00016b20       ?GetWindowTypeName@CPluginAnsi@@UEAAPEB_WH@Z 0000000180017b20 f   ConEmuPluginA.obj
 0001:00016be0       ?GuiMacroDlg@CPluginAnsi@@UEAAXXZ 0000000180017be0 f   ConEmuPluginA.obj
 0001:000173e0       ?Plugin@@YAPEAVCPluginBase@@XZ 00000001800183e0 f   ConEmuPluginBase.obj
 0001:00017540       ??0CPluginBase@@QEAA@XZ    0000000180018540 f   ConEmuPluginBase.obj
 0001:00017890       ??_ECPluginBase@@UEAAPEAXI@Z 0000000180018890 f i ConEmuPluginBase.obj
 0001:00017890       ??_GCPluginBase@@UEAAPEAXI@Z 0000000180018890 f i ConEmuPluginBase.obj
 0001:000178d0       ??1CPluginBase@@UEAA@XZ    00000001800188d0 f   ConEmuPluginBase.obj
 0001:000178f0       ?DllMain_ProcessAttach@CPluginBase@@KAXPEAUHINSTANCE__@@@Z 00000001800188f0 f   ConEmuPluginBase.obj
 0001:00017a10       ?DllMain_ProcessDetach@CPluginBase@@KAXXZ 0000000180018a10 f   ConEmuPluginBase.obj
 0001:00017bf0       ??_GMSection@@QEAAPEAXI@Z  0000000180018bf0 f i ConEmuPluginBase.obj
 0001:00017c30       ??_GCPluginBackground@@QEAAPEAXI@Z 0000000180018c30 f i ConEmuPluginBase.obj
 0001:00017c70       ?LoadFarVersion@CPluginBase@@SA_NXZ 0000000180018c70 f   ConEmuPluginBase.obj
 0001:00018450       ?ShowMessageGui@CPluginBase@@QEAAHHH@Z 0000000180019450 f   ConEmuPluginBase.obj
 0001:00018520       ?BackgroundMacroError@CPluginBase@@SAKPEAX@Z 0000000180019520 f   ConEmuPluginBase.obj
 0001:00018570       ?PostMacro@CPluginBase@@QEAAXPEB_WPEAU_INPUT_RECORD@@_N@Z 0000000180019570 f   ConEmuPluginBase.obj
 0001:00018630       ?isMacroActive@CPluginBase@@QEAA_NAEAH@Z 0000000180019630 f   ConEmuPluginBase.obj
 0001:000186c0       ?CheckBufferEnabled@CPluginBase@@QEAA_NXZ 00000001800196c0 f   ConEmuPluginBase.obj
 0001:00018770       ?PanelControl@CPluginBase@@QEAA_JPEAXH_J0@Z 0000000180019770 f   ConEmuPluginBase.obj
 0001:00018860       ?GetPanelInfo@CPluginBase@@QEAA_NKPEAUBkPanelInfo@@@Z 0000000180019860 f   ConEmuPluginBase.obj
 0001:00018950       ?FillUpdateBackground@CPluginBase@@QEAAXPEAUPaintBackgroundArg@@@Z 0000000180019950 f   ConEmuPluginBase.obj
 0001:00018b80       ?StorePanelDirs@CPluginBase@@QEAA_NPEB_W0@Z 0000000180019b80 f   ConEmuPluginBase.obj
 0001:00018db0       wmemmove                   0000000180019db0 f i ConEmuPluginBase.obj
 0001:00018de0       ?UpdatePanelDirs@CPluginBase@@QEAAXXZ 0000000180019de0 f   ConEmuPluginBase.obj
 0001:00018ff0       ?IsFarLua@FarVersion@@QEBA_NXZ 0000000180019ff0 f i ConEmuPluginBase.obj
 0001:00019050       ?RunExternalProgram@CPluginBase@@QEAA_NPEA_W@Z 000000018001a050 f   ConEmuPluginBase.obj
 0001:000192f0       ?ProcessCommandLine@CPluginBase@@QEAA_NPEA_W@Z 000000018001a2f0 f   ConEmuPluginBase.obj
 0001:00019350       ?ShowPluginMenu@CPluginBase@@QEAAXW4PluginCallCommands@@@Z 000000018001a350 f   ConEmuPluginBase.obj
 0001:00019690       ?ShowTabsList@CPluginBase@@QEAAXXZ 000000018001a690 f   ConEmuPluginBase.obj
 0001:00019bc0       ?ShowPanelsList@CPluginBase@@QEAAXXZ 000000018001abc0 f   ConEmuPluginBase.obj
 0001:00019dd0       ?DataSize@CESERVER_REQ@@QEAAKXZ 000000018001add0 f i ConEmuPluginBase.obj
 0001:00019e10       ?EditViewConsoleOutput@CPluginBase@@QEAAX_N@Z 000000018001ae10 f   ConEmuPluginBase.obj
 0001:00019f20       ?SwitchTabCommand@CPluginBase@@QEAAXW4PluginMenuCommands@@@Z 000000018001af20 f   ConEmuPluginBase.obj
 0001:00019ff0       ?ProcessSynchroEvent@CPluginBase@@QEAAHHPEAX@Z 000000018001aff0 f   ConEmuPluginBase.obj
 0001:0001a0b0       ?ProcessEditorInputInternal@CPluginBase@@QEAAXAEBU_INPUT_RECORD@@@Z 000000018001b0b0 f   ConEmuPluginBase.obj
 0001:0001a110       ?ProcessEditorViewerEvent@CPluginBase@@QEAAHHH@Z 000000018001b110 f   ConEmuPluginBase.obj
 0001:0001a260       ?isEditorViewer@CPluginBase@@QEAA_NXZ 000000018001b260 f   ConEmuPluginBase.obj
 0001:0001a2b0       ?isModalEditorViewer@CPluginBase@@QEAA_NXZ 000000018001b2b0 f   ConEmuPluginBase.obj
 0001:0001a300       ?GetMainThreadId@CPluginBase@@SAKXZ 000000018001b300 f   ConEmuPluginBase.obj
 0001:0001a3b0       ?ShowConsoleInfo@CPluginBase@@QEAAXXZ 000000018001b3b0 f   ConEmuPluginBase.obj
 0001:0001a650       ?RunExternalProgramW@CPluginBase@@SA_NPEA_W0_N@Z 000000018001b650 f   ConEmuPluginBase.obj
 0001:0001a980       ?StartDebugger@CPluginBase@@QEAA_NXZ 000000018001b980 f   ConEmuPluginBase.obj
 0001:0001ad50       ?Attach2Gui@CPluginBase@@QEAA_NXZ 000000018001bd50 f   ConEmuPluginBase.obj
 0001:0001b310       ?FindServerCmd@CPluginBase@@QEAA_NKAEAK_N@Z 000000018001c310 f   ConEmuPluginBase.obj
 0001:0001b430       ?ShowMessage@CPluginBase@@QEAAHHH@Z 000000018001c430 f   ConEmuPluginBase.obj
 0001:0001b4c0       ?OutDataAlloc@CPluginBase@@SA_NK@Z 000000018001c4c0 f   ConEmuPluginBase.obj
 0001:0001b540       ?OutDataRealloc@CPluginBase@@SA_NK@Z 000000018001c540 f   ConEmuPluginBase.obj
 0001:0001b640       ?OutDataWrite@CPluginBase@@SA_NPEAXK@Z 000000018001c640 f   ConEmuPluginBase.obj
 0001:0001b730       ?CreateTabs@CPluginBase@@SA_NH@Z 000000018001c730 f   ConEmuPluginBase.obj
 0001:0001b830       ?AddTab@CPluginBase@@QEAA_NAEAHH_N1HPEB_W2HHHH@Z 000000018001c830 f   ConEmuPluginBase.obj
 0001:0001be70       wmemcmp                    000000018001ce70 f i ConEmuPluginBase.obj
 0001:0001bf00       ?AddTabFinish@CPluginBase@@QEAAXH@Z 000000018001cf00 f   ConEmuPluginBase.obj
 0001:0001bf20       ?SendTabs@CPluginBase@@SAXH_N@Z 000000018001cf20 f   ConEmuPluginBase.obj
 0001:0001c160       ?CloseTabs@CPluginBase@@SAXXZ 000000018001d160 f   ConEmuPluginBase.obj
 0001:0001c1f0       ?UpdateConEmuTabs@CPluginBase@@QEAA_N_N@Z 000000018001d1f0 f   ConEmuPluginBase.obj
 0001:0001c600       ?CheckResources@CPluginBase@@QEAAX_N@Z 000000018001d600 f   ConEmuPluginBase.obj
 0001:0001c790       ?InitResources@CPluginBase@@QEAAXXZ 000000018001d790 f   ConEmuPluginBase.obj
 0001:0001cb20       ?CloseMapHeader@CPluginBase@@SAXXZ 000000018001db20 f   ConEmuPluginBase.obj
 0001:0001cb50       ?OpenMapHeader@CPluginBase@@SAHXZ 000000018001db50 f   ConEmuPluginBase.obj
 0001:0001cca0       ?InitRootRegKey@CPluginBase@@IEAAXXZ 000000018001dca0 f   ConEmuPluginBase.obj
 0001:0001ce00       ?SetRootRegKey@CPluginBase@@IEAAXPEA_W@Z 000000018001de00 f   ConEmuPluginBase.obj
 0001:0001cf30       ?LoadPanelTabsFromRegistry@CPluginBase@@IEAAXXZ 000000018001df30 f   ConEmuPluginBase.obj
 0001:0001d0a0       ?InitHWND@CPluginBase@@SAXXZ 000000018001e0a0 f   ConEmuPluginBase.obj
 0001:0001d3e0       ?CheckConEmuDetached@CPluginBase@@SAXXZ 000000018001e3e0 f   ConEmuPluginBase.obj
 0001:0001d490       ?EmergencyShow@CPluginBase@@KAXXZ 000000018001e490 f   ConEmuPluginBase.obj
 0001:0001d500       ?MonitorThreadProcW@CPluginBase@@SAKPEAX@Z 000000018001e500 f   ConEmuPluginBase.obj
 0001:0001da30       ?OpenPluginCommon@CPluginBase@@QEAAPEAXH_J_N@Z 000000018001ea30 f   ConEmuPluginBase.obj
 0001:0001df00       ?ExitFarCommon@CPluginBase@@QEAAX_N@Z 000000018001ef00 f   ConEmuPluginBase.obj
 0001:0001df70       ?OnMainThreadActivated@CPluginBase@@QEAAXXZ 000000018001ef70 f   ConEmuPluginBase.obj
 0001:0001e170       ?ProcessSetWindowCommand@CPluginBase@@QEAAXXZ 000000018001f170 f   ConEmuPluginBase.obj
 0001:0001e2e0       ?CommonPluginStartup@CPluginBase@@QEAAXXZ 000000018001f2e0 f   ConEmuPluginBase.obj
 0001:0001e410       ?StopThread@CPluginBase@@QEAAX_N@Z 000000018001f410 f   ConEmuPluginBase.obj
 0001:0001e840       ??_G?$MFileMapping@UCESERVER_CONSOLE_MAPPING_HDR@@@@QEAAPEAXI@Z 000000018001f840 f i ConEmuPluginBase.obj
 0001:0001e880       ?ShutdownPluginStep@CPluginBase@@SAXPEB_WHHHH@Z 000000018001f880 f   ConEmuPluginBase.obj
 0001:0001e8a0       ?ExecuteSynchro@CPluginBase@@QEAAXXZ 000000018001f8a0 f   ConEmuPluginBase.obj
 0001:0001e980       ?WaitPluginActivation@CPluginBase@@SAKKPEAPEAXHK@Z 000000018001f980 f   ConEmuPluginBase.obj
 0001:0001eb10       ?ActivatePlugin@CPluginBase@@QEAA_NKPEAXK@Z 000000018001fb10 f   ConEmuPluginBase.obj
 0001:0001ee40       ?cmd_OpenEditorLine@CPluginBase@@QEAA_NPEAUCESERVER_REQ_FAREDITOR@@@Z 000000018001fe40 f   ConEmuPluginBase.obj
 0001:0001ef70       ?cmd_RedrawFarCall@CPluginBase@@QEAA_NAEAPEAUCESERVER_REQ@@PEAPEAU2@@Z 000000018001ff70 f   ConEmuPluginBase.obj
 0001:0001f060       ?cmd_SetWindow@CPluginBase@@QEAA_NPEAX_N@Z 0000000180020060 f   ConEmuPluginBase.obj
 0001:0001f140       ?cmd_LeftClickSync@CPluginBase@@QEAAXPEAX@Z 0000000180020140 f   ConEmuPluginBase.obj
 0001:0001f2d0       ?cmd_CloseQSearch@CPluginBase@@QEAAXXZ 00000001800202d0 f   ConEmuPluginBase.obj
 0001:0001f330       ?cmd_EMenu@CPluginBase@@QEAAXPEAX@Z 0000000180020330 f   ConEmuPluginBase.obj
 0001:0001f440       ?cmd_ExternalCallback@CPluginBase@@QEAA_NPEAX@Z 0000000180020440 f   ConEmuPluginBase.obj
 0001:0001f4e0       ?cmd_ConSetFont@CPluginBase@@QEAAXPEAX@Z 00000001800204e0 f   ConEmuPluginBase.obj
 0001:0001f560       ?cmd_GuiChanged@CPluginBase@@QEAAXPEAX@Z 0000000180020560 f   ConEmuPluginBase.obj
 0001:0001f670       ?ProcessCommand@CPluginBase@@QEAA_NKHPEAXPEAPEAUCESERVER_REQ@@_N@Z 0000000180020670 f   ConEmuPluginBase.obj
 0001:0001fd90       ?FarSetConsoleSize@CPluginBase@@SA_NFF@Z 0000000180020d90 f   ConEmuPluginBase.obj
 0001:0001ff00       ?ReloadFarInfoApi@CPluginBase@@IEAA_NXZ 0000000180020f00 f   ConEmuPluginBase.obj
 0001:000201b0       ?ReloadFarInfo@CPluginBase@@QEAA_N_N@Z 00000001800211b0 f   ConEmuPluginBase.obj
 0001:000204d0       ?pcc_Selected@CPluginBase@@SA_NW4PluginMenuCommands@@@Z 00000001800214d0 f   ConEmuPluginBase.obj
 0001:00020550       ?pcc_Disabled@CPluginBase@@SA_NW4PluginMenuCommands@@@Z 0000000180021550 f   ConEmuPluginBase.obj
 0001:00020630       ?TouchReadPeekConsoleInputs@CPluginBase@@SAXH@Z 0000000180021630 f   ConEmuPluginBase.obj
 0001:00020690       ?OnConsolePeekReadInput@CPluginBase@@SAX_N@Z 0000000180021690 f   ConEmuPluginBase.obj
 0001:00020900       ?ActiveServerPID@CESERVER_CONSOLE_MAPPING_HDR@@QEBAKXZ 0000000180021900 f i ConEmuPluginBase.obj
 0001:00020940       ?UngetDummyMouseEvent@CPluginBase@@SA_N_NPEAUHookCallbackArg@@@Z 0000000180021940 f   ConEmuPluginBase.obj
 0001:00020bb0       ??4HANDLE2@@QEAAAEAU0@PEAX@Z 0000000180021bb0 f i ConEmuPluginBase.obj
 0001:00020bd0       ?FillLoadedParm@CPluginBase@@SAXPEAUConEmuLoadedArg@@PEAUHINSTANCE__@@H@Z 0000000180021bd0 f   ConEmuPluginBase.obj
 0001:00020d10       ?NotifyConEmuUnloaded@CPluginBase@@SAXXZ 0000000180021d10 f   ConEmuPluginBase.obj
 0001:00020e60       ?OnPanelViewCallbacks@CPluginBase@@SA_NPEAUHookCallbackArg@@P6AHPEAXPEAU_INPUT_RECORD@@KPEAKPEAH@Z5@Z 0000000180021e60 f   ConEmuPluginBase.obj
 0001:00020fb0       ?OnShellExecuteExW_Except@CPluginBase@@SAXPEAUHookCallbackArg@@@Z 0000000180021fb0 f   ConEmuPluginBase.obj
 0001:00021000       ?OnGetNumberOfConsoleInputEventsPost@CPluginBase@@SAXPEAUHookCallbackArg@@@Z 0000000180022000 f   ConEmuPluginBase.obj
 0001:00021040       ?OnConsolePeekInput@CPluginBase@@SAHPEAUHookCallbackArg@@@Z 0000000180022040 f   ConEmuPluginBase.obj
 0001:000210d0       ?OnConsolePeekInputPost@CPluginBase@@SAXPEAUHookCallbackArg@@@Z 00000001800220d0 f   ConEmuPluginBase.obj
 0001:00021120       ?OnConsoleReadInputWork@CPluginBase@@SAHPEAUHookCallbackArg@@@Z 0000000180022120 f   ConEmuPluginBase.obj
 0001:000211d0       ?OnConsoleReadInput@CPluginBase@@SAHPEAUHookCallbackArg@@@Z 00000001800221d0 f   ConEmuPluginBase.obj
 0001:000211f0       ?OnConsoleReadInputPost@CPluginBase@@SAXPEAUHookCallbackArg@@@Z 00000001800221f0 f   ConEmuPluginBase.obj
 0001:000214a0       ?OnWriteConsoleOutput@CPluginBase@@SAHPEAUHookCallbackArg@@@Z 00000001800224a0 f   ConEmuPluginBase.obj
 0001:000215c0       ?OnConsoleDetaching@CPluginBase@@SAHPEAUHookCallbackArg@@@Z 00000001800225c0 f   ConEmuPluginBase.obj
 0001:00021720       ?OnConsoleWasAttached@CPluginBase@@SAXPEAUHookCallbackArg@@@Z 0000000180022720 f   ConEmuPluginBase.obj
 0001:000217a0       ?OnCurDirChanged@CPluginBase@@SAXXZ 00000001800227a0 f   ConEmuPluginBase.obj
 0001:00021830       ?OnLibraryLoaded@CPluginBase@@SAXPEAUHINSTANCE__@@@Z 0000000180022830 f   ConEmuPluginBase.obj
 0001:000218e0       ?ToUnicode@CPluginBase@@SAPEA_WPEBD@Z 00000001800228e0 f   ConEmuPluginBase.obj
 0001:00021980       ?ToOem@CPluginBase@@SAXPEB_WPEAD_J@Z 0000000180022980 f   ConEmuPluginBase.obj
 0001:00021a00       ?ToOem@CPluginBase@@SAPEADPEB_W@Z 0000000180022a00 f   ConEmuPluginBase.obj
 0001:00021a70       ?ProcessDragFrom@CPluginBase@@QEAAXXZ 0000000180022a70 f   ConEmuPluginBase.obj
 0001:00022330       ?ProcessDragTo@CPluginBase@@QEAAXXZ 0000000180023330 f   ConEmuPluginBase.obj
 0001:000227f0       ?IsCurrentTabModal@CPluginBase@@QEAA_NXZ 00000001800237f0 f   ConEmuPluginBase.obj
 0001:000228f0       ?PrintText@CPluginBase@@QEAA_NPEB_W@Z 00000001800238f0 f   ConEmuPluginBase.obj
 0001:00022a90       ?Ptr@?$MFileMapping@UCESERVER_CONSOLE_MAPPING_HDR@@@@QEAAPEAUCESERVER_CONSOLE_MAPPING_HDR@@XZ 0000000180023a90 f i ConEmuPluginBase.obj
 0001:00022aa0       ??$wcscpy_c@$0BBE@@@YAHAEAY0BBE@_WPEB_W@Z 0000000180023aa0 f i ConEmuPluginBase.obj
 0001:00022ad0       ??$wcscat_c@$0BBE@@@YAHAEAY0BBE@_WPEB_W@Z 0000000180023ad0 f i ConEmuPluginBase.obj
 0001:00022b00       ??$wcscat_c@$0CAE@@@YAHAEAY0CAE@_WPEB_W@Z 0000000180023b00 f i ConEmuPluginBase.obj
 0001:00022b30       ?EvaluateDefaultFontWidth@@YAHHPEB_W@Z 0000000180023b30 f   EmergencyShow.obj
 0001:00022cb0       ?SetUserFriendlyFont@@YAXPEAUHWND__@@HH@Z 0000000180023cb0 f   EmergencyShow.obj
 0001:00023270       ?CorrectConsolePos@@YAXPEAUHWND__@@@Z 0000000180024270 f   EmergencyShow.obj
 0001:00023450       ?EmergencyShow@@YAXPEAUHWND__@@HH@Z 0000000180024450 f   EmergencyShow.obj
 0001:000235d0       ?IsFileBatch@@YA_NPEB_W@Z  00000001800245d0 f   Execute.obj
 0001:00023670       ?GetImageSubsystem@@YA_NPEB_WAEAK11@Z 0000000180024670 f   Execute.obj
 0001:00023a80       ?GetImageSubsystem@@YA_NAEAK0@Z 0000000180024a80 f   Execute.obj
 0001:00023b60       ?GetImageSubsystem@@YA_NU_PROCESS_INFORMATION@@AEAK1@Z 0000000180024b60 f   Execute.obj
 0001:00023e60       ?GetEnclosingSectionHeader@@YAPEAU_IMAGE_SECTION_HEADER@@KPEAUIMAGE_MAPPING@@@Z 0000000180024e60 f   Execute.obj
 0001:00023f10       ?GetPtrFromRVA@@YAPEAXKPEAUIMAGE_MAPPING@@@Z 0000000180024f10 f   Execute.obj
 0001:00023fa0       ?FindImageSubsystem@@YA_NPEB_WAEAK1PEAK@Z 0000000180024fa0 f   Execute.obj
 0001:00024e10       ??0HkFunc@@QEAA@XZ         0000000180025e10 f   HkFunc.obj
 0001:00024e90       ?Init@HkFunc@@IEAA_NXZ     0000000180025e90 f   HkFunc.obj
 0001:00024f70       ?SetInternalMode@HkFunc@@QEAAXPEAUHINSTANCE__@@P6A_JXZ@Z 0000000180025f70 f   HkFunc.obj
 0001:00024fb0       ?OnHooksUnloaded@HkFunc@@QEAAXXZ 0000000180025fb0 f   HkFunc.obj
 0001:00025010       ?isConEmuHk@HkFunc@@QEAA_NXZ 0000000180026010 f   HkFunc.obj
 0001:00025040       ?getLargestConsoleWindowSize@HkFunc@@QEAA?AU_COORD@@PEAX@Z 0000000180026040 f   HkFunc.obj
 0001:000250e0       ?setConsoleScreenBufferSize@HkFunc@@QEAAHPEAXU_COORD@@@Z 00000001800260e0 f   HkFunc.obj
 0001:00025160       ?getConsoleWindow@HkFunc@@QEAAPEAUHWND__@@XZ 0000000180026160 f   HkFunc.obj
 0001:000251d0       ?virtualAlloc@HkFunc@@QEAAPEAXPEAX_KKK@Z 00000001800261d0 f   HkFunc.obj
 0001:00025270       ?createProcess@HkFunc@@QEAAHPEB_WPEA_WPEAU_SECURITY_ATTRIBUTES@@2HKPEAX0PEAU_STARTUPINFOW@@PEAU_PROCESS_INFORMATION@@@Z 0000000180026270 f   HkFunc.obj
 0001:000253b0       ?HeapInitialize@@YA_NXZ    00000001800263b0 f   Memory.obj
 0001:00025400       ?HeapDeinitialize@@YAXXZ   0000000180026400 f   Memory.obj
 0001:00025430       ?xf_malloc@@YAPEAX_K@Z     0000000180026430 f   Memory.obj
 0001:00025460       ?xf_calloc@@YAPEAX_K0@Z    0000000180026460 f   Memory.obj
 0001:000254a0       ?xf_realloc@@YAPEAXPEAX_K@Z 00000001800264a0 f   Memory.obj
 0001:000254f0       ?xf_free@@YAXPEAX@Z        00000001800264f0 f   Memory.obj
 0001:00025530       ?xf_validate@@YA_NPEAX@Z   0000000180026530 f   Memory.obj
 0001:00025580       ??2@YAPEAX_K@Z             0000000180026580 f   Memory.obj
 0001:000255b0       ??_U@YAPEAX_K@Z            00000001800265b0 f   Memory.obj
 0001:000255e0       ??3@YAXPEAX@Z              00000001800265e0 f   Memory.obj
 0001:00025600       ??_V@YAXPEAX@Z             0000000180026600 f   Memory.obj
 0001:00025620       ?lstrdup@@YAPEADPEBD@Z     0000000180026620 f   Memory.obj
 0001:000256a0       ?StringCchCopyA@@YAJPEAD_KPEBD@Z 00000001800266a0 f i Memory.obj
 0001:00025830       ?lstrdup@@YAPEA_WPEB_W_K@Z 0000000180026830 f   Memory.obj
 0001:000259f0       ?lstrdupW@@YAPEA_WPEBDI@Z  00000001800269f0 f   Memory.obj
 0001:00025a90       ?lstrmerge@@YAPEA_WPEB_W0000@Z 0000000180026a90 f   Memory.obj
 0001:00025c90       ?lstrmerge@@YA_NPEAPEA_WPEB_W111@Z 0000000180026c90 f   Memory.obj
 0001:00025d10       ?GetStartupMonitor@@YAPEAUHMONITOR__@@XZ 0000000180026d10 f   Monitors.obj
 0001:00025e40       ?MonitorFromParam@@YAPEAUHMONITOR__@@PEB_W@Z 0000000180026e40 f   Monitors.obj
 0001:00026090       ?FindMonitorsWorkspace@@YAHPEAUHMONITOR__@@PEAUHDC__@@PEAUtagRECT@@_J@Z 0000000180027090 f   Monitors.obj
 0001:00026140       ?GetAllMonitorsWorkspace@@YA?AUtagRECT@@XZ 0000000180027140 f   Monitors.obj
 0001:000261d0       ?FindPrimaryMonitor@@YAHPEAUHMONITOR__@@PEAUHDC__@@PEAUtagRECT@@_J@Z 00000001800271d0 f   Monitors.obj
 0001:00026260       ?GetMonitorInfoSafe@@YA_NPEAUHMONITOR__@@AEAUtagMONITORINFO@@@Z 0000000180027260 f   Monitors.obj
 0001:000262d0       ?GetPrimaryMonitorInfo@@YAPEAUHMONITOR__@@PEAUtagMONITORINFO@@@Z 00000001800272d0 f   Monitors.obj
 0001:00026390       ?GetNearestMonitorInfo@@YAPEAUHMONITOR__@@PEAUtagMONITORINFO@@PEAU1@PEBUtagRECT@@PEAUHWND__@@@Z 0000000180027390 f   Monitors.obj
 0001:000264c0       ?EnumAllMonitors@@YAHPEAUHMONITOR__@@PEAUHDC__@@PEAUtagRECT@@_J@Z 00000001800274c0 f   Monitors.obj
 0001:00026570       ?MonitorSortCallback@@YAHAEAU_FindAllMonitorsItem@@0@Z 0000000180027570 f   Monitors.obj
 0001:000265f0       ?GetNextMonitorInfo@@YAPEAUHMONITOR__@@PEAUtagMONITORINFO@@PEBUtagRECT@@_N@Z 00000001800275f0 f   Monitors.obj
 0001:00026880       ??0_FindAllMonitors@@QEAA@XZ 0000000180027880 f i Monitors.obj
 0001:000268a0       ??1_FindAllMonitors@@QEAA@XZ 00000001800278a0 f i Monitors.obj
 0001:000268c0       ?FindTaskbarWindow@@YAPEAUHWND__@@PEAUtagRECT@@@Z 00000001800278c0 f   Monitors.obj
 0001:00026940       ?IsTaskbarAutoHidden@@YA_NPEAUtagRECT@@PEAI@Z 0000000180027940 f   Monitors.obj
 0001:00026a30       ??0?$MArray@U_FindAllMonitorsItem@@@@QEAA@XZ 0000000180027a30 f i Monitors.obj
 0001:00026a90       ??1?$MArray@U_FindAllMonitorsItem@@@@QEAA@XZ 0000000180027a90 f i Monitors.obj
 0001:00026ab0       ??A?$MArray@U_FindAllMonitorsItem@@@@QEAAAEAU_FindAllMonitorsItem@@_J@Z 0000000180027ab0 f i Monitors.obj
 0001:00026ad0       ?push_back@?$MArray@U_FindAllMonitorsItem@@@@QEAA_JAEBU_FindAllMonitorsItem@@@Z 0000000180027ad0 f i Monitors.obj
 0001:00026ba0       ?size@?$MArray@U_FindAllMonitorsItem@@@@QEBA_JXZ 0000000180027ba0 f i Monitors.obj
 0001:00026bb0       ?sort@?$MArray@U_FindAllMonitorsItem@@@@QEAAXP6AHAEAU_FindAllMonitorsItem@@0@Z@Z 0000000180027bb0 f i Monitors.obj
 0001:00026d00       ?clear@?$MArray@U_FindAllMonitorsItem@@@@QEAAXXZ 0000000180027d00 f i Monitors.obj
 0001:00026d50       ?addsize@?$MArray@U_FindAllMonitorsItem@@@@QEAAX_J@Z 0000000180027d50 f i Monitors.obj
 0001:00026e90       ??0MSection@@QEAA@XZ       0000000180027e90 f   MSection.obj
 0001:00026f80       ??1MSection@@QEAA@XZ       0000000180027f80 f   MSection.obj
 0001:00027050       ?Process_Lock@MSection@@IEAAXXZ 0000000180028050 f   MSection.obj
 0001:00027070       ?Process_Unlock@MSection@@IEAAXXZ 0000000180028070 f   MSection.obj
 0001:00027090       ?ThreadTerminated@MSection@@QEAAXK@Z 0000000180028090 f   MSection.obj
 0001:00027100       ?AddRef@MSection@@IEAAXK@Z 0000000180028100 f   MSection.obj
 0001:00027250       ?ReleaseRef@MSection@@IEAAHK@Z 0000000180028250 f   MSection.obj
 0001:00027370       ?WaitUnlocked@MSection@@IEAAXKK@Z 0000000180028370 f   MSection.obj
 0001:00027440       ?MyEnterCriticalSection@MSection@@IEAA_NK@Z 0000000180028440 f   MSection.obj
 0001:00027610       ?Lock@MSection@@IEAAHHK@Z  0000000180028610 f   MSection.obj
 0001:000277c0       ?Unlock@MSection@@IEAAXH@Z 00000001800287c0 f   MSection.obj
 0001:00027850       ?isLockedExclusive@MSection@@QEAA_NXZ 0000000180028850 f   MSection.obj
 0001:000278c0       ??0MSectionThread@@QEAA@PEAVMSection@@@Z 00000001800288c0 f   MSection.obj
 0001:00027900       ??1MSectionThread@@QEAA@XZ 0000000180028900 f   MSection.obj
 0001:00027940       ??0MSectionLock@@QEAA@XZ   0000000180028940 f   MSection.obj
 0001:00027970       ??1MSectionLock@@QEAA@XZ   0000000180028970 f   MSection.obj
 0001:000279a0       ?Lock@MSectionLock@@QEAAHPEAVMSection@@HK@Z 00000001800289a0 f   MSection.obj
 0001:00027a70       ?RelockExclusive@MSectionLock@@QEAAHK@Z 0000000180028a70 f   MSection.obj
 0001:00027b00       ?Unlock@MSectionLock@@QEAAXXZ 0000000180028b00 f   MSection.obj
 0001:00027b50       ?isLocked@MSectionLock@@QEAAHH@Z 0000000180028b50 f   MSection.obj
 0001:00027ba0       ??0MSectionSimple@@QEAA@_N@Z 0000000180028ba0 f   MSectionSimple.obj
 0001:00027c00       ??1MSectionSimple@@QEAA@XZ 0000000180028c00 f   MSectionSimple.obj
 0001:00027c20       ?IsInitialized@MSectionSimple@@QEAA_NXZ 0000000180028c20 f   MSectionSimple.obj
 0001:00027c60       ?Init@MSectionSimple@@QEAAXXZ 0000000180028c60 f   MSectionSimple.obj
 0001:00027c90       ?Close@MSectionSimple@@QEAAXXZ 0000000180028c90 f   MSectionSimple.obj
 0001:00027cc0       ?Enter@MSectionSimple@@QEAAXXZ 0000000180028cc0 f   MSectionSimple.obj
 0001:00027ce0       ?Leave@MSectionSimple@@QEAAXXZ 0000000180028ce0 f   MSectionSimple.obj
 0001:00027d00       ?TryEnter@MSectionSimple@@QEAA_NXZ 0000000180028d00 f   MSectionSimple.obj
 0001:00027d40       ?RecreateAndLock@MSectionSimple@@QEAA_NXZ 0000000180028d40 f   MSectionSimple.obj
 0001:00027de0       ??0MSectionLockSimple@@QEAA@XZ 0000000180028de0 f   MSectionSimple.obj
 0001:00027e00       ??1MSectionLockSimple@@QEAA@XZ 0000000180028e00 f   MSectionSimple.obj
 0001:00027e30       ?Lock@MSectionLockSimple@@QEAAHPEAUMSectionSimple@@K@Z 0000000180028e30 f   MSectionSimple.obj
 0001:00027f00       ?Unlock@MSectionLockSimple@@QEAAXXZ 0000000180028f00 f   MSectionSimple.obj
 0001:00027f40       ?isLocked@MSectionLockSimple@@QEAAHXZ 0000000180028f40 f   MSectionSimple.obj
 0001:00027f50       ?NullSecurity@@YAPEAU_SECURITY_ATTRIBUTES@@XZ 0000000180028f50 f   MSecurity.obj
 0001:00027fb0       ??0MNullDesc@@QEAA@XZ      0000000180028fb0 f i MSecurity.obj
 0001:00028030       ?NullSecurity@MNullDesc@@QEAAPEAU_SECURITY_ATTRIBUTES@@XZ 0000000180029030 f i MSecurity.obj
 0001:00028170       ?LoadAdvApi@MNullDesc@@IEAAHXZ 0000000180029170 f i MSecurity.obj
 0001:00028430       ?UnloadAdvApi@MNullDesc@@IEAAXXZ 0000000180029430 f i MSecurity.obj
 0001:00028470       ?LocalSecurity@@YAPEAU_SECURITY_ATTRIBUTES@@XZ 0000000180029470 f   MSecurity.obj
 0001:000284d0       ?LocalSecurity@MNullDesc@@QEAAPEAU_SECURITY_ATTRIBUTES@@XZ 00000001800294d0 f i MSecurity.obj
 0001:00028780       ?ShutdownSecurity@@YAXXZ   0000000180029780 f   MSecurity.obj
 0001:000287e0       ??_GMNullDesc@@QEAAPEAXI@Z 00000001800297e0 f i MSecurity.obj
 0001:00028820       ??1MNullDesc@@QEAA@XZ      0000000180029820 f i MSecurity.obj
 0001:000288b0       ??0MSetter@@QEAA@PEAJ@Z    00000001800298b0 f   MSetter.obj
 0001:00028900       ??0MSetter@@QEAA@PEA_N@Z   0000000180029900 f   MSetter.obj
 0001:00028950       ??0MSetter@@QEAA@PEAKK@Z   0000000180029950 f   MSetter.obj
 0001:000289a0       ??1MSetter@@QEAA@XZ        00000001800299a0 f   MSetter.obj
 0001:000289c0       ?Unlock@MSetter@@QEAAXXZ   00000001800299c0 f   MSetter.obj
 0001:00028a60       ?msprintf@@YAPEB_WPEA_W_KPEB_WZZ 0000000180029a60 f   MStrSafe.obj
 0001:00029420       ?msprintf@@YAPEBDPEAD_KPEBDZZ 000000018002a420 f   MStrSafe.obj
 0001:00029b60       ?lstrcmpni@@YAHPEBD0H@Z    000000018002ab60 f   MStrSafe.obj
 0001:00029cd0       ?lstrcmpni@@YAHPEB_W0H@Z   000000018002acd0 f   MStrSafe.obj
 0001:00029e80       ?startswith@@YAHPEB_W0_N@Z 000000018002ae80 f   MStrSafe.obj
 0001:00029f30       ??0CPluginBackground@@QEAA@XZ 000000018002af30 f   PluginBackground.obj
 0001:0002a1e0       ??1CPluginBackground@@QEAA@XZ 000000018002b1e0 f   PluginBackground.obj
 0001:0002a490       ?RegisterSubplugin@CPluginBackground@@QEAAHPEAURegisterBackgroundArg@@@Z 000000018002b490 f   PluginBackground.obj
 0001:0002aa00       ?ReallocItems@CPluginBackground@@IEAAXH@Z 000000018002ba00 f   PluginBackground.obj
 0001:0002aaa0       ?OnMainThreadActivated@CPluginBackground@@QEAAXHH@Z 000000018002baa0 f   PluginBackground.obj
 0001:0002ac10       ?SetForceCheck@CPluginBackground@@QEAAXXZ 000000018002bc10 f   PluginBackground.obj
 0001:0002ac40       ?SetForceUpdate@CPluginBackground@@QEAAX_N@Z 000000018002bc40 f   PluginBackground.obj
 0001:0002ac80       ?SetForceThLoad@CPluginBackground@@QEAAXXZ 000000018002bc80 f   PluginBackground.obj
 0001:0002acc0       ?IsParmChanged@CPluginBackground@@IEAA_NPEAUPaintBackgroundArg@@0@Z 000000018002bcc0 f   PluginBackground.obj
 0001:0002b010       ?CheckPanelFolders@CPluginBackground@@IEAAXH@Z 000000018002c010 f   PluginBackground.obj
 0001:0002b140       ?SetDcPanelRect@CPluginBackground@@IEAAXPEAUtagRECT@@PEAUBkPanelInfo@@PEAUPaintBackgroundArg@@@Z 000000018002c140 f   PluginBackground.obj
 0001:0002b2e0       ?UpdateBackground_Exec@CPluginBackground@@KAXPEAURegisterBackgroundArg@@PEAUPaintBackgroundArg@@@Z 000000018002c2e0 f   PluginBackground.obj
 0001:0002b340       ?UpdateBackground@CPluginBackground@@IEAAXXZ 000000018002c340 f   PluginBackground.obj
 0001:0002c410       ?LoadThSet@CPluginBackground@@IEAAHH@Z 000000018002d410 f   PluginBackground.obj
 0001:0002c680       ?MonitorBackground@CPluginBackground@@QEAAXXZ 000000018002d680 f   PluginBackground.obj
 0001:0002c760       ?GetTo@?$MFileMapping@UPanelViewSetMapping@@@@QEAA_NPEAUPanelViewSetMapping@@H@Z 000000018002d760 f i PluginBackground.obj
 0001:0002c7c0       ?InitName@?$MFileMapping@UPanelViewSetMapping@@@@QEAAPEB_WPEB_WKK@Z 000000018002d7c0 f i PluginBackground.obj
 0001:0002c820       ?CloseMap@?$MFileMapping@UPanelViewSetMapping@@@@QEAAXXZ 000000018002d820 f i PluginBackground.obj
 0001:0002c8b0       ?Open@?$MFileMapping@UPanelViewSetMapping@@@@QEAAPEAUPanelViewSetMapping@@HH@Z 000000018002d8b0 f i PluginBackground.obj
 0001:0002c8e0       ??0?$MFileMapping@UPanelViewSetMapping@@@@QEAA@XZ 000000018002d8e0 f i PluginBackground.obj
 0001:0002c950       ??1?$MFileMapping@UPanelViewSetMapping@@@@QEAA@XZ 000000018002d950 f i PluginBackground.obj
 0001:0002c980       ?IsValid@?$MFileMapping@UPanelViewSetMapping@@@@QEAA_NXZ 000000018002d980 f i PluginBackground.obj
 0001:0002c9b0       ?ClosePtr@?$MFileMapping@UPanelViewSetMapping@@@@QEAAXXZ 000000018002d9b0 f i PluginBackground.obj
 0001:0002c9f0       ?InternalOpenCreate@?$MFileMapping@UPanelViewSetMapping@@@@IEAAPEAUPanelViewSetMapping@@HHH@Z 000000018002d9f0 f i PluginBackground.obj
 0001:0002cdd0       ?PlugServerInit@@YAXXZ     000000018002ddd0 f   PluginSrv.obj
 0001:0002cde0       ?PlugServerStart@@YA_NXZ   000000018002dde0 f   PluginSrv.obj
 0001:0002cf20       ?PlugServerStop@@YAX_N@Z   000000018002df20 f   PluginSrv.obj
 0001:0002cf80       ?cmd_FarSetChanged@@YAXPEAUFAR_REQ_FARSETCHANGED@@@Z 000000018002df80 f   PluginSrv.obj
 0001:0002d000       ?PlugServerCommand@@YAHPEAXPEAUCESERVER_REQ@@AEAPEAU1@AEAK3_J@Z 000000018002e000 f   PluginSrv.obj
 0001:0002da30       ?PlugServerFree@@YAXPEAUCESERVER_REQ@@_J@Z 000000018002ea30 f   PluginSrv.obj
 0001:0002da50       ?SetOverlapped@?$PipeServer@UCESERVER_REQ@@@@QEAAX_N@Z 000000018002ea50 f i PluginSrv.obj
 0001:0002da70       ?SetLoopCommands@?$PipeServer@UCESERVER_REQ@@@@QEAAX_N@Z 000000018002ea70 f i PluginSrv.obj
 0001:0002da90       ?SetDummyAnswerSize@?$PipeServer@UCESERVER_REQ@@@@QEAAXH@Z 000000018002ea90 f i PluginSrv.obj
 0001:0002dab0       ?SetMaxCount@?$PipeServer@UCESERVER_REQ@@@@QEAAXH@Z 000000018002eab0 f i PluginSrv.obj
 0001:0002db00       ?StartPipeServer@?$PipeServer@UCESERVER_REQ@@@@QEAA_N_NPEB_W_JPEAU_SECURITY_ATTRIBUTES@@P6AHPEAXPEAUCESERVER_REQ@@AEAPEAU3@AEAK72@ZP6AX52@ZP6AH42@ZP6AH42@ZP6AH42@Z@Z 000000018002eb00 f i PluginSrv.obj
 0001:0002dd70       ?StopPipeServer@?$PipeServer@UCESERVER_REQ@@@@QEAAX_NAEA_N@Z 000000018002ed70 f i PluginSrv.obj
 0001:0002e6a0       ?BreakConnection@?$PipeServer@UCESERVER_REQ@@@@QEAAXPEAX@Z 000000018002f6a0 f i PluginSrv.obj
 0001:0002e6d0       ?DumpError@?$PipeServer@UCESERVER_REQ@@@@IEAAXPEAUPipeInst@1@PEB_WH@Z 000000018002f6d0 f i PluginSrv.obj
 0001:0002e810       ?_Disconnect@?$PipeServer@UCESERVER_REQ@@@@IEAAXPEAUPipeInst@1@_N11@Z 000000018002f810 f i PluginSrv.obj
 0001:0002e8c0       ?StartPipeInstance@?$PipeServer@UCESERVER_REQ@@@@IEAA_NPEAUPipeInst@1@@Z 000000018002f8c0 f i PluginSrv.obj
 0001:0002eb30       ?TerminatePipeThread@?$PipeServer@UCESERVER_REQ@@@@KAXAEAPEAXAEBUPipeInst@1@AEA_N@Z 000000018002fb30 f i PluginSrv.obj
 0001:0002ebf0       ?_PipeServerThread@?$PipeServer@UCESERVER_REQ@@@@KAKPEAX@Z 000000018002fbf0 f i PluginSrv.obj
 0001:0002ec90       ?PipeServerThread@?$PipeServer@UCESERVER_REQ@@@@IEAAKPEAUPipeInst@1@@Z 000000018002fc90 f i PluginSrv.obj
 0001:0002f1e0       ?PipeServerRead@?$PipeServer@UCESERVER_REQ@@@@IEAAHPEAUPipeInst@1@@Z 00000001800301e0 f i PluginSrv.obj
 0001:0002f650       ?PipeServerWrite@?$PipeServer@UCESERVER_REQ@@@@IEAAHPEAUPipeInst@1@PEBXKPEAKH@Z 0000000180030650 f i PluginSrv.obj
 0001:0002f890       ?WaitForClient@?$PipeServer@UCESERVER_REQ@@@@IEAA_NPEAUPipeInst@1@AEAH1@Z 0000000180030890 f i PluginSrv.obj
 0001:0002fea0       ?WriteDummyAnswer@?$PipeServer@UCESERVER_REQ@@@@IEAAHPEAUPipeInst@1@@Z 0000000180030ea0 f i PluginSrv.obj
 0001:0002ff40       ?WaitOverlapped@?$PipeServer@UCESERVER_REQ@@@@IEAAHPEAUPipeInst@1@PEAK@Z 0000000180030f40 f i PluginSrv.obj
 0001:00030230       ?AllocRequestBuf@PipeInst@?$PipeServer@UCESERVER_REQ@@@@QEAAPEAUCESERVER_REQ@@K@Z 0000000180031230 f i PluginSrv.obj
 0001:000302d0       ??$wcscpy_c@$0BAE@@@YAHAEAY0BAE@_WPEB_W@Z 00000001800312d0 f i PluginSrv.obj
 0001:00030430       ?SetConEmuEnvHWND@@YAXPEB_WPEAUHWND__@@@Z 0000000180031430 f   SetEnvVar.obj
 0001:00030490       ?SetConEmuEnvVar@@YAXPEAUHWND__@@@Z 0000000180031490 f   SetEnvVar.obj
 0001:00030510       ?SetConEmuEnvVarChild@@YAXPEAUHWND__@@0@Z 0000000180031510 f   SetEnvVar.obj
 0001:00030550       ?SetConEmuWorkEnvVar@@YAXPEAUHINSTANCE__@@@Z 0000000180031550 f   SetEnvVar.obj
 0001:00030720       ??0CEnvStrings@@QEAA@PEA_W@Z 0000000180031720 f   SetEnvVar.obj
 0001:000307e0       ??1CEnvStrings@@QEAA@XZ    00000001800317e0 f   SetEnvVar.obj
 0001:00030820       ?ShutdownConsole@@YAXXZ    0000000180031820 f   WConsole.obj
 0001:00030870       ?SetConsoleInfo@@YAHPEAUHWND__@@PEAU_CONSOLE_INFO@@@Z 0000000180031870 f   WConsole.obj
 0001:00030ba0       ?GetConsoleSizeInfo@@YAXPEAU_CONSOLE_INFO@@@Z 0000000180031ba0 f   WConsole.obj
 0001:00030c70       ?apiGetConsoleScreenBufferInfoEx@@YAHPEAXPEAUMY_CONSOLE_SCREEN_BUFFER_INFOEX@@@Z 0000000180031c70 f   WConsole.obj
 0001:00030cf0       ?apiSetConsoleScreenBufferInfoEx@@YAHPEAXPEAUMY_CONSOLE_SCREEN_BUFFER_INFOEX@@@Z 0000000180031cf0 f   WConsole.obj
 0001:00030d90       ?apiGetCurrentConsoleFontEx@@YAHPEAXHPEAUMY_CONSOLE_FONT_INFOEX@@@Z 0000000180031d90 f   WConsole.obj
 0001:00030e20       ?apiSetCurrentConsoleFontEx@@YAHPEAXHPEAUMY_CONSOLE_FONT_INFOEX@@@Z 0000000180031e20 f   WConsole.obj
 0001:00030eb0       ?apiInitConsoleFontSize@@YAHPEAX@Z 0000000180031eb0 f   WConsole.obj
 0001:00030f50       ?apiGetConsoleFontSize@@YAHPEAXAEAH1AEAY0CA@_W@Z 0000000180031f50 f   WConsole.obj
 0001:00031020       ?apiSetConsoleFontSize@@YAHPEAXHHPEB_W@Z 0000000180032020 f   WConsole.obj
 0001:00031190       ?apiFixFontSizeForBufferSize@@YAHPEAXU_COORD@@PEADH@Z 0000000180032190 f   WConsole.obj
 0001:00031870       ?SetConsoleFontSizeTo@@YAXPEAUHWND__@@HHPEB_WGG@Z 0000000180032870 f   WConsole.obj
 0001:00031e70       ?apiPauseConsoleOutput@@YAHPEAUHWND__@@_N@Z 0000000180032e70 f   WConsole.obj
 0001:00031fd0       ?apiGetConsoleSelectionInfo@@YAHPEAU_CONSOLE_SELECTION_INFO@@@Z 0000000180032fd0 f   WConsole.obj
 0001:000320f0       ?MyGetLargestConsoleWindowSize@@YA?AU_COORD@@PEAX@Z 00000001800330f0 f   WConsole.obj
 0001:00032180       ?SearchAppPaths@@YA_NPEB_WAEAUCmdArg@@_NPEAU1@@Z 0000000180033180 f   WFiles.obj
 0001:00032820       ?GetFullPathNameEx@@YAPEA_WPEB_W@Z 0000000180033820 f   WFiles.obj
 0001:00032920       ?FindFileName@@YA_NPEB_WAEAUCmdArg@@@Z 0000000180033920 f   WFiles.obj
 0001:00032b70       ?MakePathProperCase@@YA_NAEAUCmdArg@@@Z 0000000180033b70 f   WFiles.obj
 0001:00032ea0       ?ReadTextFile@@YAHPEB_WKAEAPEA_WAEAK2K@Z 0000000180033ea0 f   WFiles.obj
 0001:000334a0       ?WriteTextFile@@YAHPEB_W0HK_NPEAK@Z 00000001800344a0 f   WFiles.obj
 0001:00033860       ?FilesExists@@YA_NPEB_W0_NH@Z 0000000180034860 f   WFiles.obj
 0001:00033a00       ?IsDotsName@@YA_NPEB_W@Z   0000000180034a00 f   WFiles.obj
 0001:00033a60       ?FileExistSubDir@@YA_NPEB_W0HAEAUCmdArg@@@Z 0000000180034a60 f   WFiles.obj
 0001:00033ca0       ?DirectoryExists@@YA_NPEB_W@Z 0000000180034ca0 f   WFiles.obj
 0001:00033e40       ?MyCreateDirectory@@YA_NPEA_W@Z 0000000180034e40 f   WFiles.obj
 0001:00033f90       ?FileCompare@@YA_NPEB_W0@Z 0000000180034f90 f   WFiles.obj
 0001:00034280       ?apiCancelSynchronousIo@@YAHPEAX@Z 0000000180035280 f   WFiles.obj
 0001:00034340       ?HasZoneIdentifier@@YA_NPEB_WAEAH@Z 0000000180035340 f   WFiles.obj
 0001:00034470       ?DropZoneIdentifier@@YA_NPEB_WAEAK@Z 0000000180035470 f   WFiles.obj
 0001:00034580       ?getWindowInfo@@YAXPEAUHWND__@@AEAY0EAA@_W_NPEAK@Z 0000000180035580 f   WObjects.obj
 0001:00034790       ?FileExists@@YA_NPEB_WPEAK@Z 0000000180035790 f   WObjects.obj
 0001:000349b0       ?FileSearchInDir@@YA_NPEB_WAEAUCmdArg@@@Z 00000001800359b0 f   WObjects.obj
 0001:00034bd0       ?FileExistsSearch@@YA_NPEB_WAEAUCmdArg@@_N2@Z 0000000180035bd0 f   WObjects.obj
 0001:00034d10       ?GetShortFileName@@YA_NPEB_WHPEA_WH@Z 0000000180035d10 f   WObjects.obj
 0001:00034f90       ?GetShortFileNameEx@@YAPEA_WPEB_WH@Z 0000000180035f90 f   WObjects.obj
 0001:000354d0       ?IsWine@@YA_NXZ            00000001800364d0 f   WObjects.obj
 0001:00035660       ?IsWinPE@@YA_NXZ           0000000180036660 f   WObjects.obj
 0001:00035710       ?GetOsVersionInformational@@YA_NPEAU_OSVERSIONINFOW@@@Z 0000000180036710 f   WObjects.obj
 0001:00035750       ?IsWinVerOrHigher@@YA_NG@Z 0000000180036750 f   WObjects.obj
 0001:00035820       ?IsWinVerEqual@@YA_NG@Z    0000000180036820 f   WObjects.obj
 0001:000358f0       ?IsWin2kEql@@YA_NXZ        00000001800368f0 f   WObjects.obj
 0001:00035950       ?IsWin5family@@YA_NXZ      0000000180036950 f   WObjects.obj
 0001:00035a10       ?IsWinXPSP1@@YA_NXZ        0000000180036a10 f   WObjects.obj
 0001:00035b00       ?IsWin6@@YA_NXZ            0000000180036b00 f   WObjects.obj
 0001:00035b60       ?IsWin7@@YA_NXZ            0000000180036b60 f   WObjects.obj
 0001:00035bc0       ?IsWin8@@YA_NXZ            0000000180036bc0 f   WObjects.obj
 0001:00035c20       ?IsWin8_1@@YA_NXZ          0000000180036c20 f   WObjects.obj
 0001:00035c80       ?IsWin10@@YA_NXZ           0000000180036c80 f   WObjects.obj
 0001:00035d60       ?IsDbcs@@YA_NXZ            0000000180036d60 f   WObjects.obj
 0001:00035da0       ?IsWindows64@@YA_NXZ       0000000180036da0 f   WObjects.obj
 0001:00035dd0       ?IsHwFullScreenAvailable@@YA_NXZ 0000000180036dd0 f   WObjects.obj
 0001:00035e60       ?IsVsNetHostExe@@YA_NPEB_W@Z 0000000180036e60 f   WObjects.obj
 0001:00035f00       ?IsGDB@@YA_NPEB_W@Z        0000000180036f00 f   WObjects.obj
 0001:00035f70       ?GetProcessBits@@YAHKPEAX@Z 0000000180036f70 f   WObjects.obj
 0001:000360c0       ?GetProcessInfo@@YA_NKPEAUtagPROCESSENTRY32W@@@Z 00000001800370c0 f   WObjects.obj
 0001:000361b0       ?isTerminalMode@@YA_NXZ    00000001800371b0 f   WObjects.obj
 0001:00036500       ?IsModuleValid@@YA_NPEAUHINSTANCE__@@H@Z 0000000180037500 f   WObjects.obj
 0001:000366a0       ?CheckCallbackPtr@@YA_NPEAUHINSTANCE__@@_KPEAP6A_JXZHHH@Z 00000001800376a0 f   WObjects.obj
 0001:00036890       ?ExpandMacroValues@@YAPEA_WPEB_WPEAPEB_W_K@Z 0000000180037890 f   WObjects.obj
 0001:00036ae0       ?ExpandEnvStr@@YAPEA_WPEB_W@Z 0000000180037ae0 f   WObjects.obj
 0001:00036bf0       ?GetEnvVar@@YAPEA_WPEB_W@Z 0000000180037bf0 f   WObjects.obj
 0001:00036ce0       ?GetComspecFromEnvVar@@YAPEB_WPEA_WKW4ComSpecBits@@@Z 0000000180037ce0 f   WObjects.obj
 0001:00037040       ?GetComspec@@YAPEA_WPEBUConEmuComspec@@@Z 0000000180038040 f   WObjects.obj
 0001:00037300       ?IsExportEnvVarAllowed@@YA_NPEB_W@Z 0000000180038300 f   WObjects.obj
 0001:00037380       ?ApplyExportEnvVar@@YAXPEB_W@Z 0000000180038380 f   WObjects.obj
 0001:00037440       ?CoordInSmallRect@@YA_NAEBU_COORD@@AEBU_SMALL_RECT@@@Z 0000000180038440 f   WObjects.obj
 0001:000374c0       ?GetCpFromString@@YAIPEB_WPEAPEB_W@Z 00000001800384c0 f   WObjects.obj
 0001:00037720       ??$wcscpy_c@$0EAA@@@YAHAEAY0EAA@_WPEB_W@Z 0000000180038720 f i WObjects.obj
 0001:00037750       ??$wcscpy_c@$0BAA@@@YAHAEAY0BAA@_WPEB_W@Z 0000000180038750 f i WObjects.obj
 0001:00037780       ?apiThreadHelper@@YAKPEAX@Z 0000000180038780 f   WThreads.obj
 0001:00037970       ?apiCreateThread@@YAPEAXP6AKPEAX@Z0PEAKPEBDH@Z 0000000180038970 f   WThreads.obj
 0001:00037b70       ??0ConEmuThreadStartArg@@QEAA@P6AKPEAX@Z0K@Z 0000000180038b70 f i WThreads.obj
 0001:00037bd0       ?apiTerminateThreadEx@@YAHPEAXKPEBDH@Z 0000000180038bd0 f   WThreads.obj
 0001:00037d60       ?SetThreadName@@YAXKPEAD@Z 0000000180038d60 f   WThreads.obj
 0001:00037dc0       ?apiSetForegroundWindow@@YA_NPEAUHWND__@@@Z 0000000180038dc0 f   WUser.obj
 0001:00037e00       ?apiShowWindow@@YA_NPEAUHWND__@@H@Z 0000000180038e00 f   WUser.obj
 0001:00037e40       ?apiShowWindowAsync@@YA_NPEAUHWND__@@H@Z 0000000180038e40 f   WUser.obj
 0001:00037e80       ?IsUserAdmin@@YA_NXZ       0000000180038e80 f   WUser.obj
 0001:00037fe0       ?GetLogonSID@@YA_NPEAXPEAPEA_W@Z 0000000180038fe0 f   WUser.obj
 0001:00038140       ?RemoveOldComSpecC@@YAXXZ  0000000180039140 f   WUser.obj
 0001:00038290       ?DuplicateProcessHandle@@YAPEAXK@Z 0000000180039290 f   WUser.obj
 0001:00038320       ?FindComspec@@YAXPEAUConEmuComspec@@_N@Z 0000000180039320 f   WUser.obj
 0001:00038f10       ?UpdateComspec@@YAXPEAUConEmuComspec@@_N@Z 0000000180039f10 f   WUser.obj
 0001:00039350       ?SetEnvVarExpanded@@YAXPEB_W0@Z 000000018003a350 f   WUser.obj
 0001:000395a0       wcsrchr                    000000018003a5a0 f   libCRT64:strrchr.obj
 0001:000395d0       wcschr                     000000018003a5d0 f   libCRT64:strchr.obj
 0001:000395f0       strpbrk                    000000018003a5f0 f   libCRT64:strpbrk.obj
 0001:00039690       wcspbrk                    000000018003a690 f   libCRT64:strpbrk.obj
 0001:000396e0       wcsncmp                    000000018003a6e0 f   libCRT64:strncmp.obj
 0001:00039720       strrchr                    000000018003a720 f   libCRT64:strrchr.obj
 0001:00039750       wcsstr                     000000018003a750 f   libCRT64:strstr.obj
 0001:000397c0       memset                     000000018003a7c0 f   libCRT64:memset.obj
 0001:000397f0       memmove                    000000018003a7f0 f   libCRT64:memmove.obj
 0001:00039850       memcpy                     000000018003a850 f   libCRT64:memcpy.obj
 0001:00039880       memcmp                     000000018003a880 f   libCRT64:memcmp.obj
 0001:000398b0       iswdigit                   000000018003a8b0 f i libCRT64:strtol.obj
 0001:000398c0       iswspace                   000000018003a8c0 f i libCRT64:strtol.obj
 0001:00039ab0       wcstol                     000000018003aab0 f   libCRT64:strtol.obj
 0001:00039ac0       wcstoul                    000000018003aac0 f   libCRT64:strtol.obj
 0001:00039ad0       strchr                     000000018003aad0 f   libCRT64:strchr.obj
 0001:00039ae8       SetEnvironmentVariableW    000000018003aae8 f   kernel32:KERNEL32.dll
 0001:00039aee       lstrlenW                   000000018003aaee f   kernel32:KERNEL32.dll
 0001:00039af4       lstrcpynW                  000000018003aaf4 f   kernel32:KERNEL32.dll
 0001:00039afa       lstrcmpiW                  000000018003aafa f   kernel32:KERNEL32.dll
 0001:00039b00       lstrcmpW                   000000018003ab00 f   kernel32:KERNEL32.dll
 0001:00039b06       GetCurrentDirectoryW       000000018003ab06 f   kernel32:KERNEL32.dll
 0001:00039b0c       SearchPathW                000000018003ab0c f   kernel32:KERNEL32.dll
 0001:00039b12       GetProcAddress             000000018003ab12 f   kernel32:KERNEL32.dll
 0001:00039b18       GetModuleHandleW           000000018003ab18 f   kernel32:KERNEL32.dll
 0001:00039b1e       GetModuleFileNameW         000000018003ab1e f   kernel32:KERNEL32.dll
 0001:00039b24       SetNamedPipeHandleState    000000018003ab24 f   kernel32:KERNEL32.dll
 0001:00039b2a       GetCurrentProcessId        000000018003ab2a f   kernel32:KERNEL32.dll
 0001:00039b30       Sleep                      000000018003ab30 f   kernel32:KERNEL32.dll
 0001:00039b36       SetLastError               000000018003ab36 f   kernel32:KERNEL32.dll
 0001:00039b3c       WaitNamedPipeW             000000018003ab3c f   kernel32:KERNEL32.dll
 0001:00039b42       WaitForSingleObject        000000018003ab42 f   kernel32:KERNEL32.dll
 0001:00039b48       GetLastError               000000018003ab48 f   kernel32:KERNEL32.dll
 0001:00039b4e       CreateFileW                000000018003ab4e f   kernel32:KERNEL32.dll
 0001:00039b54       GetTickCount               000000018003ab54 f   kernel32:KERNEL32.dll
 0001:00039b5a       IsDebuggerPresent          000000018003ab5a f   kernel32:KERNEL32.dll
 0001:00039b60       GetCurrentThreadId         000000018003ab60 f   kernel32:KERNEL32.dll
 0001:00039b66       ReadFile                   000000018003ab66 f   kernel32:KERNEL32.dll
 0001:00039b6c       CloseHandle                000000018003ab6c f   kernel32:KERNEL32.dll
 0001:00039b72       TransactNamedPipe          000000018003ab72 f   kernel32:KERNEL32.dll
 0001:00039b78       WriteFile                  000000018003ab78 f   kernel32:KERNEL32.dll
 0001:00039b7e       GetConsoleWindow           000000018003ab7e f   kernel32:KERNEL32.dll
 0001:00039b84       UnmapViewOfFile            000000018003ab84 f   kernel32:KERNEL32.dll
 0001:00039b8a       MapViewOfFile              000000018003ab8a f   kernel32:KERNEL32.dll
 0001:00039b90       OpenFileMappingW           000000018003ab90 f   kernel32:KERNEL32.dll
 0001:00039b96       LoadLibraryW               000000018003ab96 f   kernel32:KERNEL32.dll
 0001:00039b9c       CreateFileMappingW         000000018003ab9c f   kernel32:KERNEL32.dll
 0001:00039ba2       VirtualProtect             000000018003aba2 f   kernel32:KERNEL32.dll
 0001:00039ba8       lstrcpyW                   000000018003aba8 f   kernel32:KERNEL32.dll
 0001:00039bae       MultiByteToWideChar        000000018003abae f   kernel32:KERNEL32.dll
 0001:00039bb4       lstrcpynA                  000000018003abb4 f   kernel32:KERNEL32.dll
 0001:00039bba       lstrlenA                   000000018003abba f   kernel32:KERNEL32.dll
 0001:00039bc0       WideCharToMultiByte        000000018003abc0 f   kernel32:KERNEL32.dll
 0001:00039bc6       lstrcpyA                   000000018003abc6 f   kernel32:KERNEL32.dll
 0001:00039bcc       GetConsoleCursorInfo       000000018003abcc f   kernel32:KERNEL32.dll
 0001:00039bd2       GetConsoleScreenBufferInfo 000000018003abd2 f   kernel32:KERNEL32.dll
 0001:00039bd8       GetStdHandle               000000018003abd8 f   kernel32:KERNEL32.dll
 0001:00039bde       GetConsoleTitleW           000000018003abde f   kernel32:KERNEL32.dll
 0001:00039be4       DeleteFileW                000000018003abe4 f   kernel32:KERNEL32.dll
 0001:00039bea       Thread32Next               000000018003abea f   kernel32:KERNEL32.dll
 0001:00039bf0       Thread32First              000000018003abf0 f   kernel32:KERNEL32.dll
 0001:00039bf6       CreateToolhelp32Snapshot   000000018003abf6 f   kernel32:KERNEL32.dll
 0001:00039bfc       GetConsoleMode             000000018003abfc f   kernel32:KERNEL32.dll
 0001:00039c02       GetExitCodeProcess         000000018003ac02 f   kernel32:KERNEL32.dll
 0001:00039c08       CreateProcessW             000000018003ac08 f   kernel32:KERNEL32.dll
 0001:00039c0e       SetConsoleMode             000000018003ac0e f   kernel32:KERNEL32.dll
 0001:00039c14       GetEnvironmentStringsW     000000018003ac14 f   kernel32:KERNEL32.dll
 0001:00039c1a       lstrcatW                   000000018003ac1a f   kernel32:KERNEL32.dll
 0001:00039c20       GetEnvironmentVariableW    000000018003ac20 f   kernel32:KERNEL32.dll
 0001:00039c26       WaitForMultipleObjects     000000018003ac26 f   kernel32:KERNEL32.dll
[...]
 0003:00003380       ?hkFunc@@3UHkFunc@@A       0000000180059380     HkFunc.obj
 0003:000033c0       ?AssertMsgBox@@3P6AHPEB_WI0PEAUHWND__@@_N@ZEA 00000001800593c0     MAssert.obj
 0003:000033c8       ?ghHeap@@3PEAXEA           00000001800593c8     Memory.obj
 0003:000033d0       ?gNullDesc@@3PEAVMNullDesc@@EA 00000001800593d0     MSecurity.obj
 0003:000033d8       ?gbNeedBgActivate@@3HA     00000001800593d8     PluginBackground.obj
 0003:000033dc       ?gbBgPluginsAllowed@@3HA   00000001800593dc     PluginBackground.obj
 0003:000033e0       ?gpBgPlugin@@3PEAVCPluginBackground@@EA 00000001800593e0     PluginBackground.obj
 0003:000033f0       ?gszPluginServerPipe@@3PA_WA 00000001800593f0     PluginSrv.obj
 0003:000035f8       ?gpPlugServer@@3PEAU?$PipeServer@UCESERVER_REQ@@@@EA 00000001800595f8     PluginSrv.obj
 0003:00003600       ?ghServerTerminateEvent@@3PEAXEA 0000000180059600     PluginSrv.obj
 0003:00003608       ?gbForcedServerTermination@@3_NA 0000000180059608     PluginSrv.obj
 0003:00003610       ?gpConsoleInfoStr@@3PEAU_CONSOLE_INFO@@EA 0000000180059610     WConsole.obj
 0003:00003618       ?ghConsoleSection@@3PEAXEA 0000000180059618     WConsole.obj
 0003:00003620       ?g_LastSetConsoleFont@@3UMY_CONSOLE_FONT_INFOEX@@A 0000000180059620     WConsole.obj
 0003:000036d8       ?gfnSearchAppPaths@@3P6A_NPEB_WAEAUCmdArg@@_NPEAU1@@ZEA 00000001800596d8     WObjects.obj
 0003:0000bf60       ?g_ThreadsIdx@@3JA         0000000180061f60     WThreads.obj
 0003:0000bf70       _aenvptr                   0000000180061f70     LIBCMT:dllcrt0.obj
 0003:0000bf78       _wenvptr                   0000000180061f78     LIBCMT:dllcrt0.obj
 0003:0000bf80       __error_mode               0000000180061f80     LIBCMT:dllcrt0.obj
 0003:0000bf84       __app_type                 0000000180061f84     LIBCMT:dllcrt0.obj
 0003:0000bf88       _umaskval                  0000000180061f88     LIBCMT:crt0dat.obj
 0003:0000bf8c       _osplatform                0000000180061f8c     LIBCMT:crt0dat.obj
 0003:0000bf90       _osver                     0000000180061f90     LIBCMT:crt0dat.obj
 0003:0000bf94       _winver                    0000000180061f94     LIBCMT:crt0dat.obj
 0003:0000bf98       _winmajor                  0000000180061f98     LIBCMT:crt0dat.obj
 0003:0000bf9c       _winminor                  0000000180061f9c     LIBCMT:crt0dat.obj
 0003:0000bfa0       __argc                     0000000180061fa0     LIBCMT:crt0dat.obj
 0003:0000bfa4       _exitflag                  0000000180061fa4     LIBCMT:crt0dat.obj
 0003:0000bfa8       __argv                     0000000180061fa8     LIBCMT:crt0dat.obj
 0003:0000bfb0       __wargv                    0000000180061fb0     LIBCMT:crt0dat.obj
 0003:0000bfb8       _environ                   0000000180061fb8     LIBCMT:crt0dat.obj
 0003:0000bfc0       __initenv                  0000000180061fc0     LIBCMT:crt0dat.obj
 0003:0000bfc8       _wenviron                  0000000180061fc8     LIBCMT:crt0dat.obj
 0003:0000bfd0       __winitenv                 0000000180061fd0     LIBCMT:crt0dat.obj
 0003:0000bfd8       _pgmptr                    0000000180061fd8     LIBCMT:crt0dat.obj
 0003:0000bfe0       _wpgmptr                   0000000180061fe0     LIBCMT:crt0dat.obj
 0003:0000bfe8       _C_Termination_Done        0000000180061fe8     LIBCMT:crt0dat.obj
 0003:0000bfec       _C_Exit_Done               0000000180061fec     LIBCMT:crt0dat.obj
 0003:0000c0f8       _crtheap                   00000001800620f8     LIBCMT:heapinit.obj
 0003:0000c650       ?__pInconsistency@@3P6AXXZEA 0000000180062650     LIBCMT:hooks.obj
 0003:0000c688       ?_pnhHeap@@3P6AH_K@ZEA     0000000180062688     LIBCMT:handler.obj
 0003:0000c690       __locale_changed           0000000180062690     LIBCMT:setlocal.obj
 0003:0000c698       __lc_handle                0000000180062698     LIBCMT:nlsdata2.obj
 0003:0000c6b0       __lc_codepage              00000001800626b0     LIBCMT:nlsdata2.obj
 0003:0000c6b4       __lc_collate_cp            00000001800626b4     LIBCMT:nlsdata2.obj
 0003:0000c6c0       __mbulinfo                 00000001800626c0     LIBCMT:mbctype.obj
 0003:0000c6cc       __mbcodepage               00000001800626cc     LIBCMT:mbctype.obj
 0003:0000c6d0       __ismbcodepage             00000001800626d0     LIBCMT:mbctype.obj
 0003:0000c6d4       __mblcid                   00000001800626d4     LIBCMT:mbctype.obj
 0003:0000c6d8       _maxwait                   00000001800626d8     LIBCMT:crtheap.obj
 0003:0000c6dc       _newmode                   00000001800626dc     LIBCMT:_newmode.obj
 0003:0000cc78       __lconv_static_null        0000000180062c78     LIBCMT:lconv.obj
 0003:0000cc7c       __lconv_static_W_null      0000000180062c7c     LIBCMT:lconv.obj
 0003:0000cd3c       __setlc_active             0000000180062d3c     <common>
 0003:0000cd40       __unguarded_readlc_active  0000000180062d40     <common>
 0003:0000cd44       _nhandle                   0000000180062d44     <common>
 0003:0000cd60       __pioinfo                  0000000180062d60     <common>
 0003:0000cf60       __env_initialized          0000000180062f60     <common>
 0003:0000cf68       __onexitend                0000000180062f68     <common>
 0003:0000cf70       __onexitbegin              0000000180062f70     <common>
 0003:0000cf78       __mbctype_initialized      0000000180062f78     <common>
 0003:0000cf80       _FPinit                    0000000180062f80     <common>
 0003:0000cf88       __initenv_end              0000000180062f88     <common>
 0003:0000cf90       __winitenv_end             0000000180062f90     <common>
 0003:0000cf98       __dyn_tls_init_callback    0000000180062f98     <common>
 0003:0000cfa0       _acmdln                    0000000180062fa0     <common>
 0003:0000cfa8       _pRawDllMain               0000000180062fa8     <common>
 0003:0000cfb0       _pDestructExceptionObject  0000000180062fb0     <common>

 entry point at        0001:0003a63c

 Static symbols

 0001:00000610       ?StringValidateDestW@@YAJPEB_W_K_K@Z 0000000180001610 f   CmdArg.obj
 0001:00000650       ?StringCopyWorkerW@@YAJPEA_W_KPEA_KPEB_W1@Z 0000000180001650 f   CmdArg.obj
 0001:00004d00       ?StringValidateDestW@@YAJPEB_W_K_K@Z 0000000180005d00 f   ConEmuCheck.obj
 0001:00004d40       ?StringCopyWorkerW@@YAJPEA_W_KPEA_KPEB_W1@Z 0000000180005d40 f   ConEmuCheck.obj
 0001:00006f30       ?StringValidateDestW@@YAJPEB_W_K_K@Z 0000000180007f30 f   ConEmuCheckEx.obj
 0001:00006f70       ?StringCopyWorkerW@@YAJPEA_W_KPEA_KPEB_W1@Z 0000000180007f70 f   ConEmuCheckEx.obj
 0001:00007180       ?StringValidateDestAndLengthW@@YAJPEB_W_KPEA_K_K@Z 0000000180008180 f   ConEmuCheckEx.obj
 0001:000071f0       ?StringLengthWorkerW@@YAJPEB_W_KPEA_K@Z 00000001800081f0 f   ConEmuCheckEx.obj
 0001:00007a50       ?StringValidateDestW@@YAJPEB_W_K_K@Z 0000000180008a50 f   ConEmuInjects.obj
 0001:00007a90       ?StringCopyWorkerW@@YAJPEA_W_KPEA_KPEB_W1@Z 0000000180008a90 f   ConEmuInjects.obj
 0001:00008830       ?ChangeExports@@YA_NPEBUExportFunc@@PEAUHINSTANCE__@@@Z 0000000180009830 f   ConEmuPlugin.obj
 0001:0000c5e0       ?GetFarSetting@@YAHPEAX_KPEB_W@Z 000000018000d5e0 f   ConEmuPlugin1900.obj
 0001:0000c950       ?CallGuiMacroProc@@YAXXZ   000000018000d950 f   ConEmuPlugin1900.obj
 0001:0000cda0       ?CallGuiMacroDlg@@YA_JPEAXHH0@Z 000000018000dda0 f   ConEmuPlugin1900.obj
 0001:0000d4a0       ?MAKEFARVERSION@@YA?AUVersionInfo@@KKKKW4VERSION_STAGE@@@Z 000000018000e4a0 f   ConEmuPlugin2800.obj
 0001:0000f1e0       ?WExists@@YA_JAEBUWindowInfo@@AEBV?$MArray@UWindowInfo@@@@@Z 00000001800101e0 f   ConEmuPlugin2800.obj
 0001:00010770       ?GetFarSetting@@YAHPEAX_KPEB_W@Z 0000000180011770 f   ConEmuPlugin2800.obj
 0001:00010b00       ?CallGuiMacroProc@@YAXXZ   0000000180011b00 f   ConEmuPlugin2800.obj
 0001:00010f40       ?CallGuiMacroDlg@@YA_JPEAX_J10@Z 0000000180011f40 f   ConEmuPlugin2800.obj
 0001:00011560       ?FreeMacroResult@@YAXPEAXPEAUFarMacroValue@@_K@Z 0000000180012560 f   ConEmuPlugin2800.obj
 0001:000141f0       ?CallGuiMacroProc@@YAXXZ   00000001800151f0 f   ConEmuPlugin995.obj
 0001:000145f0       ?CallGuiMacroDlg@@YA_JPEAXHH_J@Z 00000001800155f0 f   ConEmuPlugin995.obj
 0001:00016c00       ?CallGuiMacroProc@@YAXXZ   0000000180017c00 f   ConEmuPluginA.obj
 0001:00017020       ?CallGuiMacroDlg@@YA_JPEAXHH_J@Z 0000000180018020 f   ConEmuPluginA.obj
 0001:00017d10       ?LoadFarVersion@@YA_NAEAUFarVersion@@AEAY0CAA@_W@Z 0000000180018d10 f   ConEmuPluginBase.obj
 0001:00017db0       ?SetDefaultFarVersion@@YAXAEAUFarVersion@@@Z 0000000180018db0 f   ConEmuPluginBase.obj
 0001:00017e10       ?LoadFarVersion@@YA_NPEB_WAEAUFarVersion@@AEAY0CAA@_W@Z 0000000180018e10 f   ConEmuPluginBase.obj
 0001:00017e80       ?LoadAppVersion@@YA_NPEB_WAEAUtagVS_FIXEDFILEINFO@@AEAY0CAA@_W@Z 0000000180018e80 f   ConEmuPluginBase.obj
 0001:00017ec0       ?LoadModuleVersion@@YA_NPEB_WAEAUtagVS_FIXEDFILEINFO@@PEA_W_K@Z 0000000180018ec0 f   ConEmuPluginBase.obj
 0001:000181a0       ?StringValidateDestW@@YAJPEB_W_K_K@Z 00000001800191a0 f   ConEmuPluginBase.obj
 0001:000181e0       ?StringValidateDestAndLengthW@@YAJPEB_W_KPEA_K_K@Z 00000001800191e0 f   ConEmuPluginBase.obj
 0001:00018250       ?StringLengthWorkerW@@YAJPEB_W_KPEA_K@Z 0000000180019250 f   ConEmuPluginBase.obj
 0001:000182f0       ?StringCopyWorkerW@@YAJPEA_W_KPEA_KPEB_W1@Z 00000001800192f0 f   ConEmuPluginBase.obj
 0001:000183e0       ?ConvertVersionToFarVersion@@YAXAEBUtagVS_FIXEDFILEINFO@@AEAUFarVersion@@@Z 00000001800193e0 f   ConEmuPluginBase.obj
 0001:00024ce0       ?StringValidateDestW@@YAJPEB_W_K_K@Z 0000000180025ce0 f   Execute.obj
 0001:00024d20       ?StringCopyWorkerW@@YAJPEA_W_KPEA_KPEB_W1@Z 0000000180025d20 f   Execute.obj
 0001:00025700       ?StringValidateDestA@@YAJPEBD_K_K@Z 0000000180026700 f   Memory.obj
 0001:00025740       ?StringCopyWorkerA@@YAJPEAD_KPEA_KPEBD1@Z 0000000180026740 f   Memory.obj
 0001:000258c0       ?StringValidateDestW@@YAJPEB_W_K_K@Z 00000001800268c0 f   Memory.obj
 0001:00025900       ?StringCopyWorkerW@@YAJPEA_W_KPEA_KPEB_W1@Z 0000000180026900 f   Memory.obj
 0001:00025fc0       ?FindMonitor@impl@?L@??MonitorFromParam@@YAPEAUHMONITOR__@@PEB_W@Z@SAHPEAU3@PEAUHDC__@@PEAUtagRECT@@_J@Z 0000000180026fc0 f   Monitors.obj
 0001:0002cca0       ?StringValidateDestW@@YAJPEB_W_K_K@Z 000000018002dca0 f   PluginBackground.obj
 0001:0002cce0       ?StringCopyWorkerW@@YAJPEA_W_KPEA_KPEB_W1@Z 000000018002dce0 f   PluginBackground.obj
 0001:00030300       ?StringValidateDestW@@YAJPEB_W_K_K@Z 0000000180031300 f   PluginSrv.obj
 0001:00030340       ?StringCopyWorkerW@@YAJPEA_W_KPEA_KPEB_W1@Z 0000000180031340 f   PluginSrv.obj
 0001:00034e60       ?StringValidateDestW@@YAJPEB_W_K_K@Z 0000000180035e60 f   WObjects.obj
 0001:00034ea0       ?StringCopyWorkerW@@YAJPEA_W_KPEA_KPEB_W1@Z 0000000180035ea0 f   WObjects.obj
 0001:00035580       ?CheckRegKeyExist@@YA_NPEAURegKeyExistArg@@@Z 0000000180036580 f   WObjects.obj
 0001:00036f30       ?StringValidateDestAndLengthW@@YAJPEB_W_KPEA_K_K@Z 0000000180037f30 f   WObjects.obj
 0001:00036fa0       ?StringLengthWorkerW@@YAJPEB_W_KPEA_K@Z 0000000180037fa0 f   WObjects.obj
 0001:00039470       ?StringValidateDestW@@YAJPEB_W_K_K@Z 000000018003a470 f   WUser.obj
 0001:000394b0       ?StringCopyWorkerW@@YAJPEA_W_KPEA_KPEB_W1@Z 000000018003a4b0 f   WUser.obj
 0001:000398e0       ?strtoxl@@YAKPEB_WPEAPEA_WHH@Z 000000018003a8e0 f   libCRT64:strtol.obj
 0001:0003a46c       __DllMainCRTStartup        000000018003b46c f   LIBCMT:dllcrt0.obj
 0001:0003a790       xcptlookup                 000000018003b790 f   LIBCMT:winxfltr.obj
 0001:0003aa94       _initterm                  000000018003ba94 f   LIBCMT:crt0dat.obj
 0001:0003ac6c       doexit                     000000018003bc6c f   LIBCMT:crt0dat.obj
 0001:0003b874       parse_cmdline              000000018003c874 f   LIBCMT:stdargv.obj
 0001:0003c644       ctrlevent_capture          000000018003d644 f   LIBCMT:winsig.obj
 0001:0003c6dc       siglookup                  000000018003d6dc f   LIBCMT:winsig.obj
 0001:0003d140       _copytlocinfo_nolock       000000018003e140 f   LIBCMT:setlocal.obj
 0001:0003d174       _updatetlocinfoEx_nolock   000000018003e174 f   LIBCMT:setlocal.obj
 0001:0003d2c4       sync_legacy_variables_lk   000000018003e2c4 f   LIBCMT:setlocal.obj
 0001:0003d6c0       _setlocale_get_all         000000018003e6c0 f   LIBCMT:setlocal.obj
 0001:0003db0c       _setlocale_set_cat         000000018003eb0c f   LIBCMT:setlocal.obj
 0001:0003de10       _setlocale_nolock          000000018003ee10 f   LIBCMT:setlocal.obj
 0001:0003e3dc       ?CPtoLCID@@YAHH@Z          000000018003f3dc f   LIBCMT:mbctype.obj
 0001:0003e410       ?setSBCS@@YAXPEAUthreadmbcinfostruct@@@Z 000000018003f410 f   LIBCMT:mbctype.obj
 0001:0003e4a4       ?setSBUpLow@@YAXPEAUthreadmbcinfostruct@@@Z 000000018003f4a4 f   LIBCMT:mbctype.obj
 0001:0003e81c       ?getSystemCP@@YAHH@Z       000000018003f81c f   LIBCMT:mbctype.obj
 0001:0003f018       ?x_ismbbtype_l@@YAHPEAUlocaleinfo_struct@@IHH@Z 0000000180040018 f   LIBCMT:ismbbyte.obj
 0001:0003f958       _get_lc_time               0000000180040958 f   LIBCMT:inittime.obj
 0001:00040a00       fix_grouping               0000000180041a00 f   LIBCMT:initnum.obj
 0001:00040d14       fix_grouping               0000000180041d14 f   LIBCMT:initmon.obj
 0001:00041fa0       ?_store_str@@YAXPEADPEAPEADPEA_K@Z 0000000180042fa0 f   LIBCMT:_strftime.obj
 0001:00041fc4       ?_store_number@@YAXHPEAPEADPEA_K@Z 0000000180042fc4 f   LIBCMT:_strftime.obj
 0001:00042028       ?_store_num@@YAXHHPEAPEADPEA_KI@Z 0000000180043028 f   LIBCMT:_strftime.obj
 0001:00042104       ?_expandtime@@YAHPEAUlocaleinfo_struct@@DPEBUtm@@PEAPEADPEA_KPEAU__lc_time_data@@I@Z 0000000180043104 f   LIBCMT:_strftime.obj
 0001:00042740       ?_store_winword@@YAHPEAUlocaleinfo_struct@@HPEBUtm@@PEAPEADPEA_KPEAU__lc_time_data@@@Z 0000000180043740 f   LIBCMT:_strftime.obj
 0001:000430e0       TranslateName              00000001800440e0 f   LIBCMT:getqloc.obj
 0001:00043178       GetLcidFromDefault         0000000180044178 f   LIBCMT:getqloc.obj
 0001:0004319c       ProcessCodePage            000000018004419c f   LIBCMT:getqloc.obj
 0001:00043238       TestDefaultCountry         0000000180044238 f   LIBCMT:getqloc.obj
 0001:00043260       LcidFromHexString          0000000180044260 f   LIBCMT:getqloc.obj
 0001:0004329c       GetPrimaryLen              000000018004429c f   LIBCMT:getqloc.obj
 0001:000432b8       CountryEnumProc            00000001800442b8 f   LIBCMT:getqloc.obj
 0001:000433a0       TestDefaultLanguage        00000001800443a0 f   LIBCMT:getqloc.obj
 0001:00043464       LangCountryEnumProc        0000000180044464 f   LIBCMT:getqloc.obj
 0001:00043714       LanguageEnumProc           0000000180044714 f   LIBCMT:getqloc.obj
 0001:00043824       GetLcidFromCountry         0000000180044824 f   LIBCMT:getqloc.obj
 0001:00043874       GetLcidFromLangCountry     0000000180044874 f   LIBCMT:getqloc.obj
 0001:0004391c       GetLcidFromLanguage        000000018004491c f   LIBCMT:getqloc.obj
 0001:00043c5c       ?__crtGetStringTypeA_stat@@YAHPEAUlocaleinfo_struct@@KPEBDHPEAGHHH@Z 0000000180044c5c f   LIBCMT:_a_str.obj
 0001:00043f18       ?strncnt@@YAHPEBDH@Z       0000000180044f18 f   LIBCMT:_a_map.obj
 0001:00043f34       ?__crtLCMapStringA_stat@@YAHPEAUlocaleinfo_struct@@KKPEBDHPEADHHH@Z 0000000180044f34 f   LIBCMT:_a_map.obj
 0001:00044948       _tzset_nolock              0000000180045948 f   LIBCMT:tzset.obj
 0001:00044df4       cvtdate                    0000000180045df4 f   LIBCMT:tzset.obj
 0001:000450ac       _isindst_nolock            00000001800460ac f   LIBCMT:tzset.obj
 0001:000459fc       xtoa_s                     00000001800469fc f   LIBCMT:xtoas.obj
 0001:00045b64       x64toa_s                   0000000180046b64 f   LIBCMT:xtoas.obj
 0001:00045e70       ?__crtGetLocaleInfoA_stat@@YAHPEAUlocaleinfo_struct@@KKPEADHH@Z 0000000180046e70 f   LIBCMT:_a_loc.obj
 0001:0004610c       _getenv_s_helper           000000018004710c f   LIBCMT:getenv.obj
 0001:000461e0       _dupenv_s_helper           00000001800471e0 f   LIBCMT:getenv.obj
 0001:00046864       ?strtoxlX@@YAKPEAUlocaleinfo_struct@@PEBDPEAPEBDHHH@Z 0000000180047864 f   LIBCMT:_strtol.obj
 0001:00046b30       ?strtoxl@@YAKPEAUlocaleinfo_struct@@PEBDPEAPEBDHH@Z 0000000180047b30 f   LIBCMT:_strtol.obj
 0001:00046c0c       ?strtoxq@@YA_KPEAUlocaleinfo_struct@@PEBDPEAPEBDHH@Z 0000000180047c0c f   LIBCMT:_strtoq.obj
 0001:00047148       ?__crtGetStringTypeW_stat@@YAHPEAUlocaleinfo_struct@@KPEBGHPEAGHH@Z 0000000180048148 f   LIBCMT:_w_str.obj
 0001:00047364       ?strncnt@@YAHPEBDH@Z       0000000180048364 f   LIBCMT:_a_cmp.obj
 0001:00047380       ?__crtCompareStringA_stat@@YAHPEAUlocaleinfo_struct@@KKPEBDH1HH@Z 0000000180048380 f   LIBCMT:_a_cmp.obj
 0001:00047890       findenv                    0000000180048890 f   LIBCMT:setenv.obj
 0001:00047914       copy_environ               0000000180048914 f   LIBCMT:setenv.obj
 0001:00048060       ?filt$0@?0??SetThreadName@@YAXKPEAD@Z@4HA 0000000180049060 f   WThreads.obj
 0001:00048074       __DllMainCRTStartup$filt$0 0000000180049074 f   LIBCMT:dllcrt0.obj
 0001:000480d4       __DllMainCRTStartup$filt$1 00000001800490d4 f   LIBCMT:dllcrt0.obj
 0001:00048134       __DllMainCRTStartup$filt$2 0000000180049134 f   LIBCMT:dllcrt0.obj
 0001:00048194       __DllMainCRTStartup$filt$3 0000000180049194 f   LIBCMT:dllcrt0.obj
 0001:000481f4       __DllMainCRTStartup$filt$4 00000001800491f4 f   LIBCMT:dllcrt0.obj
 0001:00048254       __DllMainCRTStartup$filt$5 0000000180049254 f   LIBCMT:dllcrt0.obj
 0001:000482b4       __DllMainCRTStartup$filt$6 00000001800492b4 f   LIBCMT:dllcrt0.obj
 0001:00048314       __DllMainCRTStartup$filt$7 0000000180049314 f   LIBCMT:dllcrt0.obj
 0001:00048370       _IsNonwritableInCurrentImage$filt$0 0000000180049370 f   LIBCMT:pesect.obj
 0001:00048391       doexit$fin$0               0000000180049391 f   LIBCMT:crt0dat.obj
 0001:000483b0       _initptd$fin$0             00000001800493b0 f   LIBCMT:tidtable.obj
 0001:000483c9       _freefls$fin$1             00000001800493c9 f   LIBCMT:tidtable.obj
 0001:000483e9       _freefls$fin$0             00000001800493e9 f   LIBCMT:tidtable.obj
 0001:00048402       _mtinitlocknum$fin$0       0000000180049402 f   LIBCMT:mlock.obj
 0001:0004841e       ctrlevent_capture$fin$0    000000018004941e f   LIBCMT:winsig.obj
 0001:00048434       signal$fin$0               0000000180049434 f   LIBCMT:winsig.obj
 0001:0004844a       raise$fin$0                000000018004944a f   LIBCMT:winsig.obj
 0001:00048466       __updatetlocinfo$fin$0     0000000180049466 f   LIBCMT:setlocal.obj
 0001:0004847f       _free_locale$fin$0         000000018004947f f   LIBCMT:setlocal.obj
 0001:00048498       _get_current_locale$fin$0  0000000180049498 f   LIBCMT:setlocal.obj
 0001:000484b1       setlocale$fin$1            00000001800494b1 f   LIBCMT:setlocal.obj
 0001:000484d1       setlocale$fin$0            00000001800494d1 f   LIBCMT:setlocal.obj
 0001:000484f1       setlocale$fin$2            00000001800494f1 f   LIBCMT:setlocal.obj
 0001:0004850b       __updatetmbcinfo$fin$0     000000018004950b f   LIBCMT:mbctype.obj
 0001:00048524       _setmbcp$fin$0             0000000180049524 f   LIBCMT:mbctype.obj
 0001:0004853d       _tzset_nolock$fin$0        000000018004953d f   LIBCMT:tzset.obj
 0001:00048556       __tzset$fin$0              0000000180049556 f   LIBCMT:tzset.obj
 0001:0004856f       _tzset$fin$0               000000018004956f f   LIBCMT:tzset.obj
 0001:00048588       _isindst$fin$0             0000000180049588 f   LIBCMT:tzset.obj
 0001:000485a1       getenv$fin$0               00000001800495a1 f   LIBCMT:getenv.obj
 0001:000485ba       getenv_s$fin$0             00000001800495ba f   LIBCMT:getenv.obj
 0001:000485d3       _dupenv_s$fin$0            00000001800495d3 f   LIBCMT:getenv.obj
 0001:000485f0       ??__EhkFunc@@YAXXZ         00000001800495f0 f   HkFunc.obj
